E/RILC    (  184): Send Response to RIL_SOCKET_1
D/RILJ    (16995): [UNSL]< UNSOL_RESPONSE_VOICE_NETWORK_STATE_CHANGED [SUB0]
I/RILQ    (  184): (0/184):RIL[0][qmi_cb] qcril_qmi_nas_update_data_rte: completed, new drte 0 with confidence 4
I/RILC    (  184): RIL_SOCKET_1 UNSOLICITED: UNSOL_RESPONSE_VOICE_NETWORK_STATE_CHANGED length:8
E/RILC    (  184): Send Response to RIL_SOCKET_1
D/RILJ    (16995): [UNSL]< UNSOL_RESPONSE_VOICE_NETWORK_STATE_CHANGED [SUB0]
D/GsmSST  (16995): [GsmSST] EVENT_RESTRICTED_STATE_CHANGED
D/GsmSST  (16995): [GsmSST] onRestrictedStateChanged: E rs Restricted State CS: none PS:false
D/GsmSST  (16995): [GsmSST] onRestrictedStateChanged: new rs Restricted State CS: none PS:false
D/GsmSST  (16995): [GsmSST] onRestrictedStateChanged: X rs Restricted State CS: none PS:false
D/RILJ    (16995): [3689]> OPERATOR [SUB0]
D/RILJ    (16995): [3690]> DATA_REGISTRATION_STATE [SUB0]
D/RILC    (  184): SOCKET RIL_SOCKET_1 REQUEST: OPERATOR length:8
D/RILC    (  184): RequestComplete, RIL_SOCKET_1
E/RILC    (  184): Send Response to RIL_SOCKET_1
D/RILJ    (16995): [3689]< OPERATOR {null, null, null} [SUB0]
D/RILC    (  184): SOCKET RIL_SOCKET_1 REQUEST: DATA_REGISTRATION_STATE length:8
D/RILJ    (16995): [3691]> VOICE_REGISTRATION_STATE [SUB0]
D/RILC    (  184): SOCKET RIL_SOCKET_1 REQUEST: VOICE_REGISTRATION_STATE length:8
D/RILC    (  184): RequestComplete, RIL_SOCKET_1
E/RILC    (  184): Send Response to RIL_SOCKET_1
D/RILJ    (16995): [3692]> QUERY_NETWORK_SELECTION_MODE [SUB0]
D/RILJ    (16995): [3690]< DATA_REGISTRATION_STATE {2, null, null, null, 0, 20, null, null, null, null, null} [SUB0]
D/RILC    (  184): SOCKET RIL_SOCKET_1 REQUEST: QUERY_NETWORK_SELECTION_MODE length:8
D/RILC    (  184): RequestComplete, RIL_SOCKET_1
E/RILC    (  184): Send Response to RIL_SOCKET_1
D/RILJ    (16995): [3692]< QUERY_NETWORK_SELECTION_MODE {0} [SUB0]
D/RILJ    (16995): [3693]> OPERATOR [SUB0]
D/RILC    (  184): RequestComplete, RIL_SOCKET_1
E/RILC    (  184): Send Response to RIL_SOCKET_1
D/RILC    (  184): SOCKET RIL_SOCKET_1 REQUEST: OPERATOR length:8
E/RILQ    (  184): (0/184): RIL[0][main] qcril_qmi_nas_report_restricted_details: .. reporting 2
I/RILC    (  184): RIL_SOCKET_1 UNSOLICITED: UNSOL_RESTRICTED_STATE_CHANGED length:16
E/RILC    (  184): Send Response to RIL_SOCKET_1
D/RILJ    (16995): [3691]< VOICE_REGISTRATION_STATE {12, null, null, 0, null, null, null, 0, null, null, null, null, null, 0, 91} [SUB0]
V/RILJ    (16995): [UNSL]< UNSOL_RESTRICTED_STATE_CHANGED {2} [SUB0]
D/RILJ    (16995): [3694]> DATA_REGISTRATION_STATE [SUB0]
D/RILC    (  184): SOCKET RIL_SOCKET_1 REQUEST: DATA_REGISTRATION_STATE length:8
D/RILJ    (16995): [3695]> VOICE_REGISTRATION_STATE [SUB0]
D/RILC    (  184): SOCKET RIL_SOCKET_1 REQUEST: VOICE_REGISTRATION_STATE length:8
D/RILC    (  184): RequestComplete, RIL_SOCKET_1
D/RILJ    (16995): [3696]> QUERY_NETWORK_SELECTION_MODE [SUB0]
E/RILC    (  184): Send Response to RIL_SOCKET_1
D/RILJ    (16995): [3695]< VOICE_REGISTRATION_STATE {12, null, null, 0, null, null, null, 0, null, null, null, null, null, 0, 91} [SUB0]
D/RILC    (  184): RequestComplete, RIL_SOCKET_1
E/RILC    (  184): Send Response to RIL_SOCKET_1
D/RILJ    (16995): [3694]< DATA_REGISTRATION_STATE {2, null, null, null, 0, 20, null, null, null, null, null} [SUB0]
D/RILC    (  184): RequestComplete, RIL_SOCKET_1
E/RILC    (  184): Send Response to RIL_SOCKET_1
D/RILC    (  184): SOCKET RIL_SOCKET_1 REQUEST: QUERY_NETWORK_SELECTION_MODE length:8
D/RILC    (  184): RequestComplete, RIL_SOCKET_1
E/RILC    (  184): Send Response to RIL_SOCKET_1
D/RILJ    (16995): [3693]< OPERATOR {null, null, null} [SUB0]
D/RILJ    (16995): [3696]< QUERY_NETWORK_SELECTION_MODE {0} [SUB0]
D/GsmSST  (16995): [GsmSST] EVENT_RESTRICTED_STATE_CHANGED
D/GsmSST  (16995): [GsmSST] onRestrictedStateChanged: E rs Restricted State CS: none PS:false
D/GsmSST  (16995): [GsmSST] onRestrictedStateChanged: new rs Restricted State CS: none PS:false
D/GsmSST  (16995): [GsmSST] onRestrictedStateChanged: X rs Restricted State CS: none PS:false
D/PHONE   (16995): [ServiceState] setVoiceRegState=1
E/PHONE   (16995): [ServiceState] setState deprecated use setVoiceRegState()
D/PHONE   (16995): [ServiceState] setDataRegState=1
D/PHONE   (16995): [ServiceState] setDataRadioTechnology=0
D/GsmSST  (16995): [GsmSST] handlPollStateResultMessage: GsmSST setDataRegState=1 regState=2 dataRadioTechnology=0
D/SubController(16995): [getPhoneId]- invalid subId return=-1000
D/GsmSST  (16995): [GsmSST] Poll ServiceState done:  oldSS=[1 1 home null null null  Unknown Unknown CSS not supported -1 -1 RoamInd=-1 DefRoamInd=-1 EmergOnly=false] newSS=[1 1 home null null null  Unknown Unknown CSS not supported -1 -1 RoamInd=-1 DefRoamInd=-1 EmergOnly=true] oldMaxDataCalls=20 mNewMaxDataCalls=20 oldReasonDataDenied=-1 mNewReasonDataDenied=-1
D/PHONE   (16995): [ServiceState] setNullState=1
D/GsmSST  (16995): [GsmSST] updateSpnDisplay: radio is on but out of service, set plmn='Emergency calls only'
I/am_proc_start(16607): [0,17433,10009,com.android.mms,broadcast,com.android.mms/.transaction.MmsSystemEventReceiver]
D/GsmSST  (16995): [GsmSST] updateSpnDisplay: changed sending intent rule=0 showPlmn='true' plmn='Emergency calls only' showSpn='false' spn=''
D/SubController(16995): [getSubId]- size == 0, return dummy instead
D/SubController(16995): [getSubId]- size == 0, return dummy instead
D/TelephonyManager(16995): setTelephonyProperty property=gsm.operator.alpha propVal=
D/SubController(16995): [getSubId]- size == 0, return dummy instead
D/TelephonyManager(16995): setTelephonyProperty property=gsm.operator.numeric propVal=
D/GsmSST  (16995): [GsmSST] operatorNumeric is null
D/SubController(16995): [getSubId]- size == 0, return dummy instead
D/TelephonyManager(16995): setTelephonyProperty property=gsm.operator.iso-country propVal=
D/SubController(16995): [getSubId]- size == 0, return dummy instead
D/TelephonyManager(16995): setTelephonyProperty property=gsm.operator.isroaming propVal=false
D/SubController(16995): [getSubId]- size == 0, return dummy instead
D/DefaultPhoneNotifier(16995): nofityServiceState: mRegistry=com.android.internal.telephony.ITelephonyRegistry$Stub$Proxy@afa9610 ss=1 1 home null null null  Unknown Unknown CSS not supported -1 -1 RoamInd=-1 DefRoamInd=-1 EmergOnly=true sender=Handler (com.android.internal.telephony.gsm.GSMPhone) {cb67cd1} phondId=0 subId=-1
D/SubController(16995): [getSubId]- size == 0, return dummy instead
D/SubController(16995): [getSubId]- size == 0, return dummy instead
D/GsmSST  (16995): [GsmSST] SST.getAllCellInfo(): return last, same thread can't block
D/GsmSST  (16995): [GsmSST] SST.getAllCellInfo(): X size=0 list=null
D/GsmSST  (16995): [GsmSST] getCellLocation(): X empty mCellLoc and CellInfo mCellLoc=[-1,-1,145]
D/TelephonyRegistry(16607): notifyCellLocationForSubscriber: subId=-1 cellLocation=Bundle[mParcelledData.dataSize=64]
I/am_proc_bound(16607): [0,17433,com.android.mms]
D/SubController(16995): [getPhoneId] asked for default subId=-1000
D/SubController(16995): [getPhoneId]- invalid subId return=-1000
D/SUB     (16607): [SubManager] [getPhoneId]- fail
D/SUB     (16607): [SubManager] [getPhoneId]- fail
I/am_proc_start(16607): [0,17474,10011,com.android.onetimeinitializer,broadcast,com.android.onetimeinitializer/.OneTimeInitializerReceiver]
I/notification_cancel(16607): [10009,17433,com.android.mms,123,NULL,0,0,64,8,NULL]
I/am_proc_bound(16607): [0,17474,com.android.onetimeinitializer]
I/notification_cancel(16607): [10009,17433,com.android.mms,123,NULL,0,0,64,8,NULL]
I/am_proc_start(16607): [0,17496,10016,com.android.voicedialer,broadcast,com.android.voicedialer/.VoiceDialerReceiver]
I/am_proc_bound(16607): [0,17496,com.android.voicedialer]
I/am_proc_start(16607): [0,17514,10022,com.android.calendar,broadcast,com.android.calendar/.alerts.AlertReceiver]
I/notification_visibility_changed(16607): [,-1|android|17040613|null|1000;-1|android|17040621|null|1000]
I/notification_panel_hidden(16607): []
I/screen_toggled(16747): 2
I/am_proc_bound(16607): [0,17514,com.android.calendar]
I/notification_expansion(16607): [-1|android|17040621|null|1000,0,1]
I/am_proc_start(16607): [0,17551,10029,com.android.email,broadcast,com.android.email/.service.EmailBroadcastReceiver]
I/am_proc_bound(16607): [0,17551,com.android.email]
I/am_proc_start(16607): [0,17588,1000,com.honda.hars.harstest,broadcast,com.honda.hars.harstest/.HARSReceiver]
I/am_proc_start(16607): [0,17607,10030,com.android.exchange,service,com.android.exchange/.service.EasService]
I/am_proc_bound(16607): [0,17588,com.honda.hars.harstest]
Unknown binary event type 83
Binary log entry conversion failed
I/am_crash(16607): [17588,0,com.honda.hars.harstest,8961605,java.lang.NullPointerException,Attempt to invoke a virtual method on a null object reference,HARS.java,56]
I/am_proc_bound(16607): [0,17607,com.android.exchange]
D/GsmCellBroadcastHandler(16995): mWakeLock released
I/force_gc(16607): Binder
D/CellBroadcastHandler(16995): mWakeLock released
D/CdmaServiceCategoryProgramHandler(16995): mWakeLock released
D/GsmInboundSmsHandler(16995): IdleState.processMessage:5
D/GsmInboundSmsHandler(16995): Idle state processing message type 5
D/CdmaInboundSmsHandler(16995): IdleState.processMessage:5
D/CdmaInboundSmsHandler(16995): Idle state processing message type 5
D/CdmaInboundSmsHandler(16995): mWakeLock released
D/GsmInboundSmsHandler(16995): mWakeLock released
I/am_proc_died(16607): [0,17588,com.honda.hars.harstest]
I/am_schedule_service_restart(16607): [0,com.honda.hars.harstest/.HARS,5508]
I/sf_frame_dur(16333): [Application Error: com.honda.hars.harstest,21,0,2,1,3,1,0]
I/notification_cancel(16607): [10022,17514,com.android.calendar,0,NULL,0,0,64,8,NULL]
I/notification_cancel(16607): [10022,17514,com.android.calendar,1,NULL,0,0,64,8,NULL]
I/notification_cancel(16607): [10022,17514,com.android.calendar,2,NULL,0,0,64,8,NULL]
I/notification_cancel(16607): [10022,17514,com.android.calendar,3,NULL,0,0,64,8,NULL]
I/notification_cancel(16607): [10022,17514,com.android.calendar,4,NULL,0,0,64,8,NULL]
I/notification_cancel(16607): [10022,17514,com.android.calendar,5,NULL,0,0,64,8,NULL]
I/notification_cancel(16607): [10022,17514,com.android.calendar,6,NULL,0,0,64,8,NULL]
I/notification_cancel(16607): [10022,17514,com.android.calendar,7,NULL,0,0,64,8,NULL]
I/notification_cancel(16607): [10022,17514,com.android.calendar,8,NULL,0,0,64,8,NULL]
I/notification_cancel(16607): [10022,17514,com.android.calendar,9,NULL,0,0,64,8,NULL]
I/notification_cancel(16607): [10022,17514,com.android.calendar,10,NULL,0,0,64,8,NULL]
I/notification_cancel(16607): [10022,17514,com.android.calendar,11,NULL,0,0,64,8,NULL]
I/notification_cancel(16607): [10022,17514,com.android.calendar,12,NULL,0,0,64,8,NULL]
I/notification_cancel(16607): [10022,17514,com.android.calendar,13,NULL,0,0,64,8,NULL]
I/notification_cancel(16607): [10022,17514,com.android.calendar,14,NULL,0,0,64,8,NULL]
I/notification_cancel(16607): [10022,17514,com.android.calendar,15,NULL,0,0,64,8,NULL]
I/notification_cancel(16607): [10022,17514,com.android.calendar,16,NULL,0,0,64,8,NULL]
I/notification_cancel(16607): [10022,17514,com.android.calendar,17,NULL,0,0,64,8,NULL]
I/notification_cancel(16607): [10022,17514,com.android.calendar,18,NULL,0,0,64,8,NULL]
I/notification_cancel(16607): [10022,17514,com.android.calendar,19,NULL,0,0,64,8,NULL]
I/notification_cancel(16607): [10022,17514,com.android.calendar,20,NULL,0,0,64,8,NULL]
I/RILC    (  184): RIL_SOCKET_1 UNSOLICITED: UNSOL_RESPONSE_VOICE_NETWORK_STATE_CHANGED length:8
E/RILC    (  184): Send Response to RIL_SOCKET_1
D/RILJ    (16995): [UNSL]< UNSOL_RESPONSE_VOICE_NETWORK_STATE_CHANGED [SUB0]
D/RILJ    (16995): [3697]> OPERATOR [SUB0]
D/RILC    (  184): SOCKET RIL_SOCKET_1 REQUEST: OPERATOR length:8
D/RILJ    (16995): [3698]> DATA_REGISTRATION_STATE [SUB0]
D/RILC    (  184): RequestComplete, RIL_SOCKET_1
E/RILC    (  184): Send Response to RIL_SOCKET_1
D/RILJ    (16995): [3697]< OPERATOR {null, null, null} [SUB0]
D/RILC    (  184): SOCKET RIL_SOCKET_1 REQUEST: DATA_REGISTRATION_STATE length:8
D/RILJ    (16995): [3699]> VOICE_REGISTRATION_STATE [SUB0]
D/RILC    (  184): SOCKET RIL_SOCKET_1 REQUEST: VOICE_REGISTRATION_STATE length:8
D/RILJ    (16995): [3700]> QUERY_NETWORK_SELECTION_MODE [SUB0]
D/RILC    (  184): RequestComplete, RIL_SOCKET_1
E/RILC    (  184): Send Response to RIL_SOCKET_1
D/RILC    (  184): RequestComplete, RIL_SOCKET_1
E/RILC    (  184): Send Response to RIL_SOCKET_1
D/RILJ    (16995): [3698]< DATA_REGISTRATION_STATE {2, null, null, null, 0, 20, null, null, null, null, null} [SUB0]
D/RILJ    (16995): [3699]< VOICE_REGISTRATION_STATE {12, null, null, 0, null, null, null, 0, null, null, null, null, null, 0, 91} [SUB0]
D/RILC    (  184): SOCKET RIL_SOCKET_1 REQUEST: QUERY_NETWORK_SELECTION_MODE length:8
D/SubController(16995): [getPhoneId]- invalid subId return=-1000
D/RILC    (  184): RequestComplete, RIL_SOCKET_1
E/RILC    (  184): Send Response to RIL_SOCKET_1
D/RILJ    (16995): [3700]< QUERY_NETWORK_SELECTION_MODE {0} [SUB0]
D/PHONE   (16995): [ServiceState] setDataRegState=1
D/PHONE   (16995): [ServiceState] setDataRadioTechnology=0
D/GsmSST  (16995): [GsmSST] handlPollStateResultMessage: GsmSST setDataRegState=1 regState=2 dataRadioTechnology=0
D/PHONE   (16995): [ServiceState] setVoiceRegState=1
E/PHONE   (16995): [ServiceState] setState deprecated use setVoiceRegState()
D/GsmSST  (16995): [GsmSST] Poll ServiceState done:  oldSS=[1 1 home null null null  Unknown Unknown CSS not supported -1 -1 RoamInd=-1 DefRoamInd=-1 EmergOnly=true] newSS=[1 1 home null null null  Unknown Unknown CSS not supported -1 -1 RoamInd=-1 DefRoamInd=-1 EmergOnly=true] oldMaxDataCalls=20 mNewMaxDataCalls=20 oldReasonDataDenied=-1 mNewReasonDataDenied=-1
D/PHONE   (16995): [ServiceState] setNullState=1
I/am_proc_start(16607): [0,17685,1000,com.honda.hars.harstest,service,com.honda.hars.harstest/.HARS]
I/am_proc_bound(16607): [0,17685,com.honda.hars.harstest]
Unknown binary event type 83
Binary log entry conversion failed
I/am_crash(16607): [17685,0,com.honda.hars.harstest,8961605,java.lang.NullPointerException,Attempt to invoke a virtual method on a null object reference,HARS.java,56]
I/am_proc_died(16607): [0,17685,com.honda.hars.harstest]
I/am_service_crashed_too_much(16607): [0,2,com.honda.hars.harstest/.HARS,17685]
I/sf_frame_dur(16333): [Application Error: com.honda.hars.harstest,11,2,0,0,2,0,0]
I/am_create_task(16607): [0,9]
I/am_create_activity(16607): [0,707040159,9,com.android.logtest/.LogTest,android.intent.action.MAIN,NULL,NULL,268435456]
I/wm_task_created(16607): [9,1]
I/wm_task_moved(16607): [9,1,0]
I/am_pause_activity(16607): [0,88197997,com.android.launcher/com.android.launcher2.Launcher]
I/am_on_paused_called(17022): [0,com.android.launcher2.Launcher]
I/am_proc_start(16607): [0,17734,10054,com.android.logtest,activity,com.android.logtest/.LogTest]
I/am_proc_bound(16607): [0,17734,com.android.logtest]
I/am_restart_activity(16607): [0,707040159,9,com.android.logtest/.LogTest]
I/am_on_resume_called(17734): [0,com.android.logtest.LogTest]
I/sf_frame_dur(16333): [com.android.launcher/com.android.launcher2.Launcher,67,0,2,3,4,1,3]
I/am_activity_launch_time(16607): [0,707040159,com.android.logtest/.LogTest,899,899]
I/NJH     (17734): radio buffer
Warning: leftover binary log data (10 bytes)
I/[1212829188](17734): 1852143205
I/backup_data_changed(16607): android
I/backup_data_changed(16607): android
I/backup_data_changed(16607): android
I/battery_status(16607): [2,2,1,2,Li-ion]
I/notification_cancel(16607): [10014,16747,com.android.systemui,100,low_battery,0,0,64,8,NULL]
--------- beginning of main
D/InitAlarmsService(17514): Clearing and rescheduling alarms.
D/QSEECOMD: (17787): qseecom listener services process entry PPID = 1
E/QSEECOMD: (17787): Listener: index = 0, hierarchy = 0
E/QSEECOMD: (17787): Init dlopen(librpmb.so, RLTD_NOW) is failed....
E/QSEECOMD: (17787): ERROR: RPMB_INIT failed, shall not start listener services
D/QSEECOMD: (17790): qseecom listener services process entry PPID = 1
E/QSEECOMD: (17790): Listener: index = 0, hierarchy = 0
E/QSEECOMD: (17790): Init dlopen(librpmb.so, RLTD_NOW) is failed....
E/QSEECOMD: (17790): ERROR: RPMB_INIT failed, shall not start listener services
D/QSEECOMD: (17792): qseecom listener services process entry PPID = 1
E/QSEECOMD: (17792): Listener: index = 0, hierarchy = 0
E/QSEECOMD: (17792): Init dlopen(librpmb.so, RLTD_NOW) is failed....
E/QSEECOMD: (17792): ERROR: RPMB_INIT failed, shall not start listener services
--------- beginning of system
I/PowerManagerService(16607): Going to sleep due to screen timeout (uid 1000)...
I/power_sleep_requested(16607): 0
I/power_screen_state(16607): [0,3,0,0]
I/screen_toggled(16607): 0
I/PowerManagerService(16607): Sleeping (uid 1000)...
I/am_pause_activity(16607): [0,707040159,com.android.logtest/.LogTest]
I/am_on_paused_called(17734): [0,com.android.logtest.LogTest]
I/Adreno-EGL(16607): <qeglDrvAPI_eglInitialize:410>: QUALCOMM Build: 10/24/14, 167c270, I68fa98814b
D/PermissionCache(16333): checking android.permission.READ_FRAME_BUFFER for uid=1000 => granted (571 us)
I/power_screen_broadcast_send(16607): 1
I/WifiNative-HAL(16607): startHal
E/wifi    (16607): getStaticLongField sWifiHalHandle 0x9f8edd1c
I/WifiHAL (16607): Initializing wifi
I/WifiHAL (16607): Creating socket
I/WifiHAL (16607): Initialized Wifi HAL Successfully; vendor cmd = 103
D/wifi    (16607): Did set static halHandle = 0xb3fcb040
D/wifi    (16607): halHandle = 0xb3fcb040, mVM = 0xb505c280, mCls = 0x200d2a
E/wifi    (16607): getStaticLongField sWifiHalHandle 0x9f8edabc
D/wifi    (16607): array field set
I/WifiNative-HAL(16607): interface[0] = p2p0
I/WifiNative-HAL(16607): interface[1] = wlan0
E/wifi    (16607): android_net_wifi_getLinkLayerStats: failed to get link statistics
I/WifiNative-HAL(16607): Waiting for HAL events mWifiHalHandle=-1275285440
D/wifi    (16607): waitForHalEvents called, vm = 0xb505c280, obj = 0x200d2a, env = 0xa1d200f0
E/wifi    (16607): getStaticLongField sWifiHalHandle 0x997ff52c
D/audio_hw_primary( 9733): adev_set_parameters: enter: screen_state=on
E/audio_a2dp_hw( 9733): adev_set_parameters: ERROR: set param called even when stream out is null
D/NfcService(16971): Discovery configuration equal, not updating.
D/DCT     (16995): [0]onReceive: action=android.intent.action.SCREEN_ON
D/DCT     (16995): [0]stopNetStatPoll
D/DCT     (16995): [0]overall state is IDLE
I/power_screen_broadcast_done(16607): [1,131,1]
I/power_screen_broadcast_send(16607): 1
D/audio_hw_primary( 9733): adev_set_parameters: enter: screen_state=off
E/audio_a2dp_hw( 9733): adev_set_parameters: ERROR: set param called even when stream out is null
E/wifi    (16607): android_net_wifi_getLinkLayerStats: failed to get link statistics
I/sysui_heads_up_status(16747): [,0]
D/DCT     (16995): [0]onReceive: action=android.intent.action.SCREEN_OFF
D/DCT     (16995): [0]stopNetStatPoll
D/DCT     (16995): [0]overall state is IDLE
I/power_screen_broadcast_done(16607): [0,38,1]
E/Sensors (  192): sns_acm_mr.c(432):Transport error -45
D/SurfaceFlinger(16333): Set power mode=0, type=0 flinger=0xb6a62000
D/qdhwcomposer(16333): hwc_blank: Blanking display: 0
I/DisplayManagerService(16607): Display device changed: DisplayDeviceInfo{"Built-in Screen": 1080 x 1920, 60.0 fps, supportedRefreshRates [60.0], density 480, 442.451 x 443.345 dpi, appVsyncOff 7500000, presDeadline 12666667, touch INTERNAL, rotation 0, type BUILT_IN, state OFF, FLAG_DEFAULT_DISPLAY, FLAG_ROTATES_WITH_CONTENT, FLAG_SECURE, FLAG_SUPPORTS_PROTECTED_BUFFERS}
V/ActivityManager(16607): Display changed displayId=0
D/RILJ    (16995): [3701]> SCREEN_STATE: false [SUB0]
D/RILC    (  184): SOCKET RIL_SOCKET_1 REQUEST: SCREEN_STATE length:16
D/RILC    (  184): RequestComplete, RIL_SOCKET_1
E/RILC    (  184): Send Response to RIL_SOCKET_1
D/RILJ    (16995): [3701]< SCREEN_STATE  [SUB0]
I/RILQ    (  184): (0/184):RIL[0][event] qcril_arb_set_data_sys_status: recvd data_sys_status nw=0x0, rat_mask=0x0, so_mask=0x0
I/RILQ    (  184): (0/184):RIL[0][event] qcril_arb_set_data_sys_status: recvd data_sys_status nw=0x1, rat_mask=0x0, so_mask=0x0
I/RILQ    (  184): (0/184):RIL[0][event] qcril_qmi_nas_update_data_rte: completed, new drte 0 with confidence 4
I/RILC    (  184): RIL_SOCKET_1 UNSOLICITED: UNSOL_RESPONSE_VOICE_NETWORK_STATE_CHANGED length:8
E/RILC    (  184): Send Response to RIL_SOCKET_1
I/RILC    (  184): RIL_SOCKET_1 UNSOLICITED: UNSOL_SIGNAL_STRENGTH length:60
E/RILC    (  184): Send Response to RIL_SOCKET_1
D/RILJ    (16995): [UNSL]< UNSOL_RESPONSE_VOICE_NETWORK_STATE_CHANGED [SUB0]
D/RILJ    (16995): [3702]> OPERATOR [SUB0]
D/RILJ    (16995): [3703]> DATA_REGISTRATION_STATE [SUB0]
D/RILC    (  184): SOCKET RIL_SOCKET_1 REQUEST: OPERATOR length:8
D/RILC    (  184): RequestComplete, RIL_SOCKET_1
E/RILC    (  184): Send Response to RIL_SOCKET_1
D/RILJ    (16995): [3702]< OPERATOR {null, null, null} [SUB0]
D/RILC    (  184): SOCKET RIL_SOCKET_1 REQUEST: DATA_REGISTRATION_STATE length:8
D/RILJ    (16995): [3704]> VOICE_REGISTRATION_STATE [SUB0]
D/RILC    (  184): SOCKET RIL_SOCKET_1 REQUEST: VOICE_REGISTRATION_STATE length:8
D/RILJ    (16995): [3705]> QUERY_NETWORK_SELECTION_MODE [SUB0]
D/RILC    (  184): RequestComplete, RIL_SOCKET_1
E/RILC    (  184): Send Response to RIL_SOCKET_1
D/RILJ    (16995): [3703]< DATA_REGISTRATION_STATE {2, null, null, null, 0, 20, null, null, null, null, null} [SUB0]
D/RILC    (  184): SOCKET RIL_SOCKET_1 REQUEST: QUERY_NETWORK_SELECTION_MODE length:8
D/SubController(16995): [getSubId]- size == 0, return dummy instead
D/DefaultPhoneNotifier(16995): notifySignalStrength: mRegistry=com.android.internal.telephony.ITelephonyRegistry$Stub$Proxy@afa9610 ss=SignalStrength: 25 0 -120 -160 -120 -1 -1 99 2147483647 2147483647 2147483647 2147483647 gsm|lte sender=Handler (com.android.internal.telephony.gsm.GSMPhone) {cb67cd1}
D/RILC    (  184): RequestComplete, RIL_SOCKET_1
E/RILC    (  184): Send Response to RIL_SOCKET_1
D/RILJ    (16995): [3704]< VOICE_REGISTRATION_STATE {12, null, null, 0, null, null, null, 0, null, null, null, null, null, 0, 91} [SUB0]
D/SubController(16995): [getPhoneId]- invalid subId return=-1000
D/PHONE   (16995): [ServiceState] setDataRegState=1
D/PHONE   (16995): [ServiceState] setDataRadioTechnology=0
D/GsmSST  (16995): [GsmSST] handlPollStateResultMessage: GsmSST setDataRegState=1 regState=2 dataRadioTechnology=0
D/PHONE   (16995): [ServiceState] setVoiceRegState=1
E/PHONE   (16995): [ServiceState] setState deprecated use setVoiceRegState()
D/RILC    (  184): RequestComplete, RIL_SOCKET_1
E/RILC    (  184): Send Response to RIL_SOCKET_1
D/RILJ    (16995): [3705]< QUERY_NETWORK_SELECTION_MODE {0} [SUB0]
D/GsmSST  (16995): [GsmSST] Poll ServiceState done:  oldSS=[1 1 home null null null  Unknown Unknown CSS not supported -1 -1 RoamInd=-1 DefRoamInd=-1 EmergOnly=true] newSS=[1 1 home null null null  Unknown Unknown CSS not supported -1 -1 RoamInd=-1 DefRoamInd=-1 EmergOnly=true] oldMaxDataCalls=20 mNewMaxDataCalls=20 oldReasonDataDenied=-1 mNewReasonDataDenied=-1
D/PHONE   (16995): [ServiceState] setNullState=1
D/qdhwcomposer(16333): hwc_blank: Done blanking display: 0
D/SurfaceControl(16607): Excessive delay in setPowerMode(): 283ms
D/QSEECOMD: (17853): qseecom listener services process entry PPID = 1
E/QSEECOMD: (17853): Listener: index = 0, hierarchy = 0
E/QSEECOMD: (17853): Init dlopen(librpmb.so, RLTD_NOW) is failed....
E/QSEECOMD: (17853): ERROR: RPMB_INIT failed, shall not start listener services
I/notification_expansion(16607): [-1|android|17040621|null|1000,0,0]
I/notification_panel_revealed(16607): []
D/PhoneStatusBar(16747): disable: < expand ICONS* alerts SYSTEM_INFO* back home recent clock search >
D/BluetoothAdapter(16747): 507885038: getState() :  mService = null. Returning STATE_OFF
D/BluetoothAdapter(16747): 507885038: getState() :  mService = null. Returning STATE_OFF
D/BluetoothAdapter(16747): 507885038: getState() :  mService = null. Returning STATE_OFF
D/BluetoothAdapter(16747): 507885038: getState() :  mService = null. Returning STATE_OFF
I/sf_frame_dur(16333): [NavigationBar,21,1,0,0,0,0,2]
D/PhoneStatusBar(16747): disable: < expand ICONS alerts SYSTEM_INFO back HOME* RECENT* clock SEARCH* >
D/QSEECOMD: (17867): qseecom listener services process entry PPID = 1
E/QSEECOMD: (17867): Listener: index = 0, hierarchy = 0
E/QSEECOMD: (17867): Init dlopen(librpmb.so, RLTD_NOW) is failed....
E/QSEECOMD: (17867): ERROR: RPMB_INIT failed, shall not start listener services
I/MediaFocusControl(16607):  AudioFocus  abandonAudioFocus() from android.media.AudioManager@3db41b38com.android.music.MediaPlaybackService$3@2b4ad711
I/am_proc_start(16607): [0,17872,10010,com.android.musicfx,broadcast,com.android.musicfx/.ControlPanelReceiver]
I/ActivityManager(16607): Start proc com.android.musicfx for broadcast com.android.musicfx/.ControlPanelReceiver: pid=17872 uid=10010 gids={50010, 9997, 3003, 3002} abi=armeabi-v7a
I/am_proc_bound(16607): [0,17872,com.android.musicfx]
V/MusicFXControlPanelReceiver(17872): onReceive
V/MusicFXControlPanelReceiver(17872): Action: android.media.action.CLOSE_AUDIO_EFFECT_CONTROL_SESSION
V/MusicFXControlPanelReceiver(17872): Package name: com.android.music
V/MusicFXControlPanelReceiver(17872): Audio session: 34
V/MusicFXControlPanelEffect(17872): closeSession(android.app.ReceiverRestrictedContext@121745d9, com.android.music, 34)
W/ProcessCpuTracker(16607): Skipping unknown process pid 17887
W/ProcessCpuTracker(16607): Skipping unknown process pid 17890
D/QSEECOMD: (17900): qseecom listener services process entry PPID = 1
E/QSEECOMD: (17900): Listener: index = 0, hierarchy = 0
E/QSEECOMD: (17900): Init dlopen(librpmb.so, RLTD_NOW) is failed....
E/QSEECOMD: (17900): ERROR: RPMB_INIT failed, shall not start listener services
D/QSEECOMD: (17902): qseecom listener services process entry PPID = 1
E/QSEECOMD: (17902): Listener: index = 0, hierarchy = 0
E/QSEECOMD: (17902): Init dlopen(librpmb.so, RLTD_NOW) is failed....
E/QSEECOMD: (17902): ERROR: RPMB_INIT failed, shall not start listener services
D/QSEECOMD: (17904): qseecom listener services process entry PPID = 1
E/QSEECOMD: (17904): Listener: index = 0, hierarchy = 0
E/QSEECOMD: (17904): Init dlopen(librpmb.so, RLTD_NOW) is failed....
E/QSEECOMD: (17904): ERROR: RPMB_INIT failed, shall not start listener services
D/QSEECOMD: (17906): qseecom listener services process entry PPID = 1
E/QSEECOMD: (17906): Listener: index = 0, hierarchy = 0
E/QSEECOMD: (17906): Init dlopen(librpmb.so, RLTD_NOW) is failed....
E/QSEECOMD: (17906): ERROR: RPMB_INIT failed, shall not start listener services
D/QSEECOMD: (17908): qseecom listener services process entry PPID = 1
E/QSEECOMD: (17908): Listener: index = 0, hierarchy = 0
E/QSEECOMD: (17908): Init dlopen(librpmb.so, RLTD_NOW) is failed....
E/QSEECOMD: (17908): ERROR: RPMB_INIT failed, shall not start listener services
D/QSEECOMD: (17910): qseecom listener services process entry PPID = 1
E/QSEECOMD: (17910): Listener: index = 0, hierarchy = 0
E/QSEECOMD: (17910): Init dlopen(librpmb.so, RLTD_NOW) is failed....
E/QSEECOMD: (17910): ERROR: RPMB_INIT failed, shall not start listener services
D/QSEECOMD: (17912): qseecom listener services process entry PPID = 1
E/QSEECOMD: (17912): Listener: index = 0, hierarchy = 0
E/QSEECOMD: (17912): Init dlopen(librpmb.so, RLTD_NOW) is failed....
E/QSEECOMD: (17912): ERROR: RPMB_INIT failed, shall not start listener services
D/QSEECOMD: (17914): qseecom listener services process entry PPID = 1
E/QSEECOMD: (17914): Listener: index = 0, hierarchy = 0
E/QSEECOMD: (17914): Init dlopen(librpmb.so, RLTD_NOW) is failed....
E/QSEECOMD: (17914): ERROR: RPMB_INIT failed, shall not start listener services
D/QSEECOMD: (17916): qseecom listener services process entry PPID = 1
E/QSEECOMD: (17916): Listener: index = 0, hierarchy = 0
E/QSEECOMD: (17916): Init dlopen(librpmb.so, RLTD_NOW) is failed....
E/QSEECOMD: (17916): ERROR: RPMB_INIT failed, shall not start listener services
I/rmt_storage(  177): rmt_storage_connect_cb: clnt_h=0xe conn_h=0xb6b01090
I/rmt_storage(  177): rmt_storage_rw_iovec_cb: /boot/modem_fs1: clnt_h=0x1: req_h=0x12 msg_id=3: R/W request received
I/rmt_storage(  177): wakelock acquired: 1, error no: 2
I/rmt_storage(  177): rmt_storage_client_thread: /boot/modem_fs1: clnt_h=0x1 Unblock worker thread (th_id: -1229451136)
I/rmt_storage(  177): rmt_storage_client_thread: /boot/modem_fs1: clnt_h=0x1: req_h=0x12 msg_id=3: Bytes written = 1572864
I/rmt_storage(  177): rmt_storage_client_thread: /boot/modem_fs1: clnt_h=0x1: req_h=0x12 msg_id=3: Send response: res=0 err=0
I/rmt_storage(  177): rmt_storage_client_thread: /boot/modem_fs1: clnt_h=0x1 About to block rmt_storage client thread (th_id: -1229451136) wakelock released: 1, error no: 0
I/rmt_storage(  177): 
I/rmt_storage(  177): rmt_storage_disconnect_cb: clnt_h=0x0xe conn_h=0x0xb6b01090
