--------- beginning of events
I/auditd  (  166): type=2000 audit(0.0:1): initialized
I/auditd  (  166): type=1403 audit(0.0:2): policy loaded auid=4294967295 ses=4294967295
I/auditd  (  166): type=1404 audit(0.0:3): enforcing=1 old_enforcing=0 auid=4294967295 ses=4294967295
I/boot_progress_start(  196): 4050
I/boot_progress_preload_start(  196): 5294
I/boot_progress_preload_end(  196): 11650
I/boot_progress_system_run(  697): 11937
I/boot_progress_pms_start(  697): 12488
I/boot_progress_pms_system_scan_start(  697): 12989
I/boot_progress_pms_data_scan_start(  697): 16273
I/boot_progress_pms_scan_end(  697): 16353
I/boot_progress_pms_ready(  697): 16639
I/battery_status(  697): [2,2,1,2,Li-ion]
I/battery_level(  697): [100,4276,187]
I/wm_stack_created(  697): [0,0,0,0,0]
I/configuration_changed(  697): 7672
I/configuration_changed(  697): 1288
I/free_storage_left(  697): [13260742656,691408896,710172672]
I/free_storage_changed(  697): 13260742656
I/backup_data_changed(  697): com.android.calendar
I/backup_data_changed(  697): com.android.dialer
I/backup_data_changed(  697): com.android.providers.userdictionary
I/backup_data_changed(  697): com.android.sharedstoragebackup
I/backup_data_changed(  697): com.android.providers.settings
I/backup_data_changed(  697): com.android.nfc
I/backup_data_changed(  697): android
I/backup_data_changed(  697): com.android.browser
I/backup_data_changed(  697): com.android.calendar
I/backup_data_changed(  697): com.android.dialer
I/backup_data_changed(  697): com.android.providers.userdictionary
I/backup_data_changed(  697): com.android.sharedstoragebackup
I/backup_data_changed(  697): com.android.providers.settings
I/backup_data_changed(  697): com.android.nfc
I/backup_data_changed(  697): android
I/backup_data_changed(  697): com.android.browser
I/configuration_changed(  697): 512
I/wm_stack_created(  697): [1,0,0,0,0]
I/boot_progress_ams_ready(  697): 18861
I/notification_enqueue(  697): [1000,697,android,17040613,NULL,-1,Notification(pri=-2 contentView=null vibrate=null sound=null defaults=0x0 flags=0x2 color=0xff607d8b vis=PUBLIC)]
I/am_proc_start(  697): [0,822,1037,WebViewLoader-armeabi-v7a,,]
I/am_proc_start(  697): [0,837,10014,com.android.systemui,service,com.android.systemui/.SystemUIService]
I/notification_enqueue(  697): [1000,697,android,17040621,NULL,-1,Notification(pri=-1 contentView=null vibrate=null sound=null defaults=0x0 flags=0x2 color=0xff607d8b vis=PUBLIC)]
I/am_proc_start(  697): [0,859,10005,android.process.media,broadcast,com.android.providers.media/.MtpReceiver]
I/am_proc_bound(  697): [0,837,com.android.systemui]
I/am_proc_bound(  697): [0,859,android.process.media]
I/am_proc_start(  697): [0,974,10035,com.android.inputmethod.latin,service,com.android.inputmethod.latin/.LatinIME]
I/notification_cancel_all(  697): [10005,859,com.android.providers.downloads,0,0,64,9,NULL]
I/netstats_mobile_sample(  697): [0,0,0,0,0,0,0,0,0,0,0,0,-1]
I/netstats_wifi_sample(  697): [0,0,0,0,0,0,0,0,0,0,0,0,-1]
I/am_proc_bound(  697): [0,974,com.android.inputmethod.latin]
I/am_proc_start(  697): [0,1039,1001,com.android.phone,service,com.android.mms.service/.MmsService]
I/am_proc_start(  697): [0,1055,1001,com.android.server.telecom,added application,com.android.server.telecom]
I/am_proc_start(  697): [0,1084,1027,com.android.nfc,added application,com.android.nfc]
I/am_proc_start(  697): [0,1104,1001,com.android.phone,added application,com.android.phone]
I/am_create_task(  697): [0,6]
I/am_create_activity(  697): [0,485944716,6,com.android.launcher/com.android.launcher2.Launcher,android.intent.action.MAIN,NULL,NULL,268435456]
I/wm_task_created(  697): [6,0]
I/wm_task_moved(  697): [6,1,0]
I/am_proc_start(  697): [0,1151,10007,com.android.launcher,activity,com.android.launcher/com.android.launcher2.Launcher]
I/am_proc_bound(  697): [0,1104,com.android.phone]
I/am_proc_bound(  697): [0,1055,com.android.server.telecom]
I/am_proc_start(  697): [0,1192,10046,com.android.printspooler,service,com.android.printspooler/.model.PrintSpoolerService]
I/am_drop_process(  697): 1039
I/am_proc_bound(  697): [0,1084,com.android.nfc]
I/am_proc_start(  697): [0,1220,10002,android.process.acore,content provider,com.android.providers.contacts/.CallLogProvider]
I/am_proc_bound(  697): [0,1151,com.android.launcher]
I/am_restart_activity(  697): [0,485944716,6,com.android.launcher/com.android.launcher2.Launcher]
I/am_proc_start(  697): [0,1257,1000,com.android.settings,broadcast,com.android.settings/.widget.SettingsAppWidgetProvider]
I/am_proc_bound(  697): [0,1192,com.android.printspooler]
I/am_proc_bound(  697): [0,1220,android.process.acore]
I/am_proc_bound(  697): [0,1257,com.android.settings]
I/backup_transport_lifecycle(  697): [android/com.android.internal.backup.LocalTransportService,1]
I/notification_cancel(  697): [10014,837,com.android.systemui,100,low_battery,0,0,64,8,NULL]
I/backup_data_changed(  697): android
I/backup_data_changed(  697): android
I/am_proc_start(  697): [0,1331,10026,com.android.deskclock,broadcast,com.android.deskclock/com.android.alarmclock.AnalogAppWidgetProvider]
I/am_on_resume_called( 1151): [0,com.android.launcher2.Launcher]
I/am_proc_bound(  697): [0,1331,com.android.deskclock]
I/am_proc_start(  697): [0,1373,10038,com.android.music,broadcast,com.android.music/.MediaButtonIntentReceiver]
I/am_activity_launch_time(  697): [0,485944716,com.android.launcher/com.android.launcher2.Launcher,2692,2692]
I/am_proc_bound(  697): [0,1373,com.android.music]
I/force_gc(  697): Binder
I/boot_progress_enable_screen(  697): 24324
I/screen_toggled(  697): 1
I/notification_cancel(  697): [10014,837,com.android.systemui,100,low_battery,0,0,64,8,NULL]
I/notification_expansion(  697): [-1|android|17040621|null|1000,0,1]
I/notification_expansion(  697): [-1|android|17040621|null|1000,0,0]
I/notification_panel_revealed(  697): []
I/sf_frame_dur(  175): [BootAnimation,9,12,225,11,0,0,0]
I/notification_visibility_changed(  697): [-1|android|17040621|null|1000;-1|android|17040613|null|1000,]
I/am_proc_start(  697): [0,1455,1000,com.android.keychain,service,com.android.keychain/.KeyChainService]
I/am_proc_bound(  697): [0,1455,com.android.keychain]
I/notification_cancel(  697): [1000,697,android,17039584,NULL,0,0,0,8,NULL]
I/am_proc_start(  697): [0,1491,10004,com.android.dialer,broadcast,com.android.dialer/.calllog.CallLogReceiver]
I/am_proc_bound(  697): [0,1491,com.android.dialer]
I/notification_cancel(  697): [10004,1491,com.android.dialer,1,DefaultVoicemailNotifier,0,0,64,8,NULL]
I/am_proc_start(  697): [0,1532,10052,com.android.smspush,service,com.android.smspush/.WapPushManager]
I/force_gc(  697): Binder
I/am_proc_bound(  697): [0,1532,com.android.smspush]
I/am_proc_start(  697): [0,1573,10001,com.android.providers.calendar,broadcast,com.android.providers.calendar/.CalendarReceiver]
I/gsm_service_state_change( 1104): [1,1,3,3]
I/am_proc_bound(  697): [0,1573,com.android.providers.calendar]
I/notification_cancel_all(  697): [10005,859,com.android.providers.downloads,0,0,64,9,NULL]
I/am_proc_start(  697): [0,1613,10008,com.android.managedprovisioning,broadcast,com.android.managedprovisioning/.BootReminder]
I/gsm_service_state_change( 1104): [3,3,1,1]
I/notification_cancel(  697): [1001,1104,com.android.phone,5,NULL,0,0,64,8,NULL]
I/notification_cancel(  697): [1001,1104,com.android.phone,5,NULL,0,0,64,8,NULL]
I/notification_cancel(  697): [1001,1104,com.android.phone,5,NULL,0,0,64,8,NULL]
I/notification_cancel(  697): [1001,1104,com.android.phone,5,NULL,0,0,64,8,NULL]
I/notification_cancel(  697): [1001,1104,com.android.phone,5,NULL,0,0,64,8,NULL]
I/notification_cancel(  697): [1001,1104,com.android.phone,5,NULL,0,0,64,8,NULL]
I/notification_cancel(  697): [1001,1104,com.android.phone,5,NULL,0,0,64,8,NULL]
I/notification_cancel(  697): [1001,1104,com.android.phone,5,NULL,0,0,64,8,NULL]
I/notification_cancel(  697): [1001,1104,com.android.phone,5,NULL,0,0,64,8,NULL]
I/notification_cancel(  697): [1001,1104,com.android.phone,5,NULL,0,0,64,8,NULL]
I/notification_cancel(  697): [1001,1104,com.android.phone,5,NULL,0,0,64,8,NULL]
I/notification_cancel(  697): [1001,1104,com.android.phone,5,NULL,0,0,64,8,NULL]
I/notification_cancel(  697): [1001,1104,com.android.phone,5,NULL,0,0,64,8,NULL]
I/notification_cancel(  697): [1001,1104,com.android.phone,5,NULL,0,0,64,8,NULL]
I/notification_cancel(  697): [1001,1104,com.android.phone,5,NULL,0,0,64,8,NULL]
I/notification_cancel(  697): [1001,1104,com.android.phone,5,NULL,0,0,64,8,NULL]
I/notification_cancel(  697): [1001,1104,com.android.phone,5,NULL,0,0,64,8,NULL]
I/notification_cancel(  697): [1001,1104,com.android.phone,5,NULL,0,0,64,8,NULL]
I/notification_cancel(  697): [1001,1104,com.android.phone,5,NULL,0,0,64,8,NULL]
I/notification_cancel(  697): [1001,1104,com.android.phone,5,NULL,0,0,64,8,NULL]
I/notification_cancel(  697): [1001,1104,com.android.phone,5,NULL,0,0,64,8,NULL]
I/notification_cancel(  697): [1001,1104,com.android.phone,5,NULL,0,0,64,8,NULL]
I/notification_cancel(  697): [1001,1104,com.android.phone,5,NULL,0,0,64,8,NULL]
I/notification_cancel(  697): [1001,1104,com.android.phone,5,NULL,0,0,64,8,NULL]
I/notification_cancel(  697): [1001,1104,com.android.phone,5,NULL,0,0,64,8,NULL]
I/notification_cancel(  697): [1001,1104,com.android.phone,5,NULL,0,0,64,8,NULL]
I/notification_cancel(  697): [1001,1104,com.android.phone,5,NULL,0,0,64,8,NULL]
I/notification_cancel(  697): [1001,1104,com.android.phone,5,NULL,0,0,64,8,NULL]
I/notification_cancel(  697): [1001,1104,com.android.phone,5,NULL,0,0,64,8,NULL]
I/notification_cancel(  697): [1001,1104,com.android.phone,5,NULL,0,0,64,8,NULL]
I/notification_cancel(  697): [1001,1104,com.android.phone,5,NULL,0,0,64,8,NULL]
I/notification_cancel(  697): [1001,1104,com.android.phone,5,NULL,0,0,64,8,NULL]
I/am_proc_bound(  697): [0,1613,com.android.managedprovisioning]
I/notification_cancel(  697): [1001,1104,com.android.phone,5,NULL,0,0,64,8,NULL]
I/notification_cancel(  697): [1001,1104,com.android.phone,5,NULL,0,0,64,8,NULL]
I/notification_cancel(  697): [1001,1104,com.android.phone,5,NULL,0,0,64,8,NULL]
I/notification_cancel(  697): [1001,1104,com.android.phone,5,NULL,0,0,64,8,NULL]
I/notification_cancel(  697): [1001,1104,com.android.phone,5,NULL,0,0,64,8,NULL]
I/notification_cancel(  697): [1001,1104,com.android.phone,5,NULL,0,0,64,8,NULL]
I/notification_cancel(  697): [1001,1104,com.android.phone,5,NULL,0,0,64,8,NULL]
I/notification_cancel(  697): [1001,1104,com.android.phone,5,NULL,0,0,64,8,NULL]
I/notification_cancel(  697): [1001,1104,com.android.phone,5,NULL,0,0,64,8,NULL]
I/notification_cancel(  697): [1001,1104,com.android.phone,5,NULL,0,0,64,8,NULL]
I/notification_cancel(  697): [1001,1104,com.android.phone,5,NULL,0,0,64,8,NULL]
I/notification_cancel(  697): [1001,1104,com.android.phone,5,NULL,0,0,64,8,NULL]
I/notification_cancel(  697): [1001,1104,com.android.phone,5,NULL,0,0,64,8,NULL]
I/notification_cancel(  697): [1001,1104,com.android.phone,5,NULL,0,0,64,8,NULL]
I/notification_cancel(  697): [1001,1104,com.android.phone,5,NULL,0,0,64,8,NULL]
I/notification_cancel(  697): [1001,1104,com.android.phone,5,NULL,0,0,64,8,NULL]
I/notification_cancel(  697): [1001,1104,com.android.phone,5,NULL,0,0,64,8,NULL]
I/notification_cancel(  697): [1001,1104,com.android.phone,5,NULL,0,0,64,8,NULL]
I/notification_cancel(  697): [1001,1104,com.android.phone,5,NULL,0,0,64,8,NULL]
I/notification_cancel(  697): [1001,1104,com.android.phone,5,NULL,0,0,64,8,NULL]
I/notification_cancel(  697): [1001,1104,com.android.phone,5,NULL,0,0,64,8,NULL]
I/notification_cancel(  697): [1001,1104,com.android.phone,5,NULL,0,0,64,8,NULL]
I/am_proc_start(  697): [0,1638,10009,com.android.mms,broadcast,com.android.mms/.transaction.MmsSystemEventReceiver]
I/am_proc_bound(  697): [0,1638,com.android.mms]
I/am_proc_start(  697): [0,1698,10011,com.android.onetimeinitializer,broadcast,com.android.onetimeinitializer/.OneTimeInitializerReceiver]
I/notification_cancel(  697): [10009,1638,com.android.mms,123,NULL,0,0,64,8,NULL]
I/am_proc_bound(  697): [0,1698,com.android.onetimeinitializer]
I/notification_cancel(  697): [10009,1638,com.android.mms,123,NULL,0,0,64,8,NULL]
I/am_proc_start(  697): [0,1721,10016,com.android.voicedialer,broadcast,com.android.voicedialer/.VoiceDialerReceiver]
I/am_proc_bound(  697): [0,1721,com.android.voicedialer]
I/am_proc_start(  697): [0,1742,10022,com.android.calendar,broadcast,com.android.calendar/.alerts.AlertReceiver]
I/am_proc_bound(  697): [0,1742,com.android.calendar]
I/am_proc_start(  697): [0,1773,10029,com.android.email,broadcast,com.android.email/.service.EmailBroadcastReceiver]
I/am_proc_bound(  697): [0,1773,com.android.email]
I/am_proc_start(  697): [0,1800,1000,com.honda.hars.harstest,broadcast,com.honda.hars.harstest/.HARSReceiver]
I/am_proc_start(  697): [0,1825,10030,com.android.exchange,service,com.android.exchange/.service.EasService]
I/am_proc_bound(  697): [0,1800,com.honda.hars.harstest]
--------- beginning of kernel
Unknown binary event type 83
Binary log entry conversion failed
I/am_crash(  697): [1800,0,com.honda.hars.harstest,8961605,java.lang.NullPointerException,Attempt to invoke a virtual method on a null object reference,HARS.java,56]
I/am_proc_bound(  697): [0,1825,com.android.exchange]
I/force_gc(  697): Binder
I/notification_visibility_changed(  697): [,-1|android|17040613|null|1000;-1|android|17040621|null|1000]
I/notification_panel_hidden(  697): []
I/screen_toggled(  837): 2
I/notification_expansion(  697): [-1|android|17040621|null|1000,0,1]
I/am_proc_died(  697): [0,1800,com.honda.hars.harstest]
I/am_schedule_service_restart(  697): [0,com.honda.hars.harstest/.HARS,9288]
I/sf_frame_dur(  175): [Application Error: com.honda.hars.harstest,22,0,1,0,1,2,1]
I/notification_cancel(  697): [10022,1742,com.android.calendar,0,NULL,0,0,64,8,NULL]
I/notification_cancel(  697): [10022,1742,com.android.calendar,1,NULL,0,0,64,8,NULL]
I/notification_cancel(  697): [10022,1742,com.android.calendar,2,NULL,0,0,64,8,NULL]
I/notification_cancel(  697): [10022,1742,com.android.calendar,3,NULL,0,0,64,8,NULL]
I/notification_cancel(  697): [10022,1742,com.android.calendar,4,NULL,0,0,64,8,NULL]
I/notification_cancel(  697): [10022,1742,com.android.calendar,5,NULL,0,0,64,8,NULL]
I/notification_cancel(  697): [10022,1742,com.android.calendar,6,NULL,0,0,64,8,NULL]
I/notification_cancel(  697): [10022,1742,com.android.calendar,7,NULL,0,0,64,8,NULL]
I/notification_cancel(  697): [10022,1742,com.android.calendar,8,NULL,0,0,64,8,NULL]
I/notification_cancel(  697): [10022,1742,com.android.calendar,9,NULL,0,0,64,8,NULL]
I/notification_cancel(  697): [10022,1742,com.android.calendar,10,NULL,0,0,64,8,NULL]
I/notification_cancel(  697): [10022,1742,com.android.calendar,11,NULL,0,0,64,8,NULL]
I/notification_cancel(  697): [10022,1742,com.android.calendar,12,NULL,0,0,64,8,NULL]
I/notification_cancel(  697): [10022,1742,com.android.calendar,13,NULL,0,0,64,8,NULL]
I/notification_cancel(  697): [10022,1742,com.android.calendar,14,NULL,0,0,64,8,NULL]
I/notification_cancel(  697): [10022,1742,com.android.calendar,15,NULL,0,0,64,8,NULL]
I/notification_cancel(  697): [10022,1742,com.android.calendar,16,NULL,0,0,64,8,NULL]
I/notification_cancel(  697): [10022,1742,com.android.calendar,17,NULL,0,0,64,8,NULL]
I/notification_cancel(  697): [10022,1742,com.android.calendar,18,NULL,0,0,64,8,NULL]
I/notification_cancel(  697): [10022,1742,com.android.calendar,19,NULL,0,0,64,8,NULL]
I/notification_cancel(  697): [10022,1742,com.android.calendar,20,NULL,0,0,64,8,NULL]
I/am_proc_start(  697): [0,1910,1000,com.honda.hars.harstest,service,com.honda.hars.harstest/.HARS]
I/am_proc_bound(  697): [0,1910,com.honda.hars.harstest]
Unknown binary event type 83
Binary log entry conversion failed
I/am_crash(  697): [1910,0,com.honda.hars.harstest,8961605,java.lang.NullPointerException,Attempt to invoke a virtual method on a null object reference,HARS.java,56]
I/power_sleep_requested(  697): 0
I/power_screen_state(  697): [0,3,0,0]
I/screen_toggled(  697): 0
I/am_pause_activity(  697): [0,485944716,com.android.launcher/com.android.launcher2.Launcher]
I/am_on_paused_called( 1151): [0,com.android.launcher2.Launcher]
I/power_screen_broadcast_send(  697): 1
I/power_screen_broadcast_done(  697): [1,97,1]
I/power_screen_broadcast_send(  697): 1
I/sysui_heads_up_status(  837): [,0]
I/power_screen_broadcast_done(  697): [0,27,1]
I/notification_expansion(  697): [-1|android|17040621|null|1000,0,0]
I/notification_panel_revealed(  697): []
I/sf_frame_dur(  175): [NavigationBar,12,0,0,0,0,0,1]
I/battery_status(  697): [5,2,1,2,Li-ion]
I/notification_cancel(  697): [10014,837,com.android.systemui,100,low_battery,0,0,64,8,NULL]
I/am_proc_start(  697): [0,2021,10010,com.android.musicfx,broadcast,com.android.musicfx/.ControlPanelReceiver]
I/am_proc_bound(  697): [0,2021,com.android.musicfx]
I/am_crash(  697): [697,0,system_server,-1,java.lang.NullPointerException,Attempt to invoke interface method 'java.util.Iterator java.util.List.iterator()' on a null object reference,SyncManager.java,1953]
I/sf_frame_dur(  175): [com.android.launcher/com.android.launcher2.Launcher,0,2,3,0,2,0,1]
I/sf_frame_dur(  175): [Application Error: com.honda.hars.harstest,19,2,1,1,0,1,0]
I/sf_frame_dur(  175): [StatusBar,279,10,3,4,5,1,2]
I/sf_frame_dur(  175): [StrictModeFlash,0,0,0,0,0,0,1]
I/sf_frame_dur(  175): [ColorFade,27,1,0,0,0,0,0]
I/boot_progress_start( 2168): 166171
I/boot_progress_preload_start( 2168): 166336
I/boot_progress_preload_end( 2168): 171186
I/boot_progress_system_run( 2431): 171399
I/boot_progress_pms_start( 2431): 172357
I/boot_progress_pms_system_scan_start( 2431): 172842
I/boot_progress_pms_data_scan_start( 2431): 175279
I/boot_progress_pms_scan_end( 2431): 175347
I/boot_progress_pms_ready( 2431): 175596
I/battery_status( 2431): [5,2,1,2,Li-ion]
I/battery_level( 2431): [100,4301,201]
I/wm_stack_created( 2431): [0,0,0,0,0]
I/configuration_changed( 2431): 7672
I/configuration_changed( 2431): 1288
I/free_storage_left( 2431): [13260689408,691408896,710172672]
I/free_storage_changed( 2431): 13260689408
I/backup_data_changed( 2431): com.android.calendar
I/backup_data_changed( 2431): com.android.dialer
I/backup_data_changed( 2431): com.android.providers.userdictionary
I/backup_data_changed( 2431): com.android.sharedstoragebackup
I/backup_data_changed( 2431): com.android.providers.settings
I/backup_data_changed( 2431): com.android.nfc
I/backup_data_changed( 2431): android
I/backup_data_changed( 2431): com.android.browser
I/backup_data_changed( 2431): com.android.calendar
I/backup_data_changed( 2431): com.android.dialer
I/backup_data_changed( 2431): com.android.providers.userdictionary
I/backup_data_changed( 2431): com.android.sharedstoragebackup
I/backup_data_changed( 2431): com.android.providers.settings
I/backup_data_changed( 2431): com.android.nfc
I/backup_data_changed( 2431): android
I/backup_data_changed( 2431): com.android.browser
I/configuration_changed( 2431): 512
I/wm_stack_created( 2431): [1,0,0,0,0]
I/boot_progress_ams_ready( 2431): 177548
I/notification_enqueue( 2431): [1000,2431,android,17040613,NULL,-1,Notification(pri=-2 contentView=null vibrate=null sound=null defaults=0x0 flags=0x2 color=0xff607d8b vis=PUBLIC)]
I/am_proc_start( 2431): [0,2604,1037,WebViewLoader-armeabi-v7a,,]
I/notification_enqueue( 2431): [1000,2431,android,17040621,NULL,-1,Notification(pri=-1 contentView=null vibrate=null sound=null defaults=0x0 flags=0x2 color=0xff607d8b vis=PUBLIC)]
I/am_proc_start( 2431): [0,2619,10005,android.process.media,broadcast,com.android.providers.media/.MtpReceiver]
I/am_proc_start( 2431): [0,2643,10014,com.android.systemui,service,com.android.systemui/.SystemUIService]
I/am_proc_bound( 2431): [0,2619,android.process.media]
I/am_proc_bound( 2431): [0,2643,com.android.systemui]
I/notification_cancel_all( 2431): [10005,2619,com.android.providers.downloads,0,0,64,9,NULL]
I/netstats_mobile_sample( 2431): [0,0,0,0,0,0,0,0,0,0,0,0,-1]
I/netstats_wifi_sample( 2431): [0,0,0,0,0,0,0,0,0,0,0,0,-1]
I/am_proc_start( 2431): [0,2774,10035,com.android.inputmethod.latin,service,com.android.inputmethod.latin/.LatinIME]
I/am_proc_start( 2431): [0,2827,1001,com.android.phone,service,com.android.mms.service/.MmsService]
I/am_proc_bound( 2431): [0,2774,com.android.inputmethod.latin]
I/am_proc_start( 2431): [0,2844,1001,com.android.server.telecom,added application,com.android.server.telecom]
I/am_proc_start( 2431): [0,2869,1027,com.android.nfc,added application,com.android.nfc]
I/am_proc_start( 2431): [0,2897,1001,com.android.phone,added application,com.android.phone]
I/am_create_task( 2431): [0,6]
I/am_create_activity( 2431): [0,44167529,6,com.android.launcher/com.android.launcher2.Launcher,android.intent.action.MAIN,NULL,NULL,268435456]
I/wm_task_created( 2431): [6,0]
I/wm_task_moved( 2431): [6,1,0]
I/am_proc_start( 2431): [0,2929,10007,com.android.launcher,activity,com.android.launcher/com.android.launcher2.Launcher]
I/am_drop_process( 2431): 2827
I/am_proc_start( 2431): [0,2981,10046,com.android.printspooler,service,com.android.printspooler/.model.PrintSpoolerService]
I/am_proc_bound( 2431): [0,2844,com.android.server.telecom]
I/am_proc_bound( 2431): [0,2869,com.android.nfc]
I/am_proc_bound( 2431): [0,2897,com.android.phone]
I/am_proc_start( 2431): [0,3015,1000,com.android.settings,broadcast,com.android.settings/.widget.SettingsAppWidgetProvider]
I/am_proc_bound( 2431): [0,2929,com.android.launcher]
I/am_restart_activity( 2431): [0,44167529,6,com.android.launcher/com.android.launcher2.Launcher]
I/am_proc_start( 2431): [0,3043,10002,android.process.acore,content provider,com.android.providers.contacts/.CallLogProvider]
I/am_proc_bound( 2431): [0,2981,com.android.printspooler]
I/am_proc_bound( 2431): [0,3015,com.android.settings]
I/am_proc_bound( 2431): [0,3043,android.process.acore]
I/backup_transport_lifecycle( 2431): [android/com.android.internal.backup.LocalTransportService,1]
I/notification_cancel( 2431): [10014,2643,com.android.systemui,100,low_battery,0,0,64,8,NULL]
I/backup_data_changed( 2431): android
I/backup_data_changed( 2431): android
I/am_proc_start( 2431): [0,3120,10026,com.android.deskclock,broadcast,com.android.deskclock/com.android.alarmclock.AnalogAppWidgetProvider]
I/am_proc_bound( 2431): [0,3120,com.android.deskclock]
I/am_on_resume_called( 2929): [0,com.android.launcher2.Launcher]
I/am_proc_start( 2431): [0,3140,10038,com.android.music,broadcast,com.android.music/.MediaButtonIntentReceiver]
I/am_proc_bound( 2431): [0,3140,com.android.music]
I/am_activity_launch_time( 2431): [0,44167529,com.android.launcher/com.android.launcher2.Launcher,1727,1727]
I/force_gc( 2431): Binder
I/notification_cancel( 2431): [10014,2643,com.android.systemui,100,low_battery,0,0,64,8,NULL]
I/boot_progress_enable_screen( 2431): 181010
I/screen_toggled( 2431): 1
I/notification_expansion( 2431): [-1|android|17040621|null|1000,0,1]
I/sf_frame_dur(  175): [BootAnimation,5,18,168,10,0,0,0]
I/notification_expansion( 2431): [-1|android|17040621|null|1000,0,0]
I/notification_panel_revealed( 2431): []
I/notification_visibility_changed( 2431): [-1|android|17040621|null|1000;-1|android|17040613|null|1000,]
I/am_proc_start( 2431): [0,3222,1000,com.android.keychain,service,com.android.keychain/.KeyChainService]
I/am_proc_bound( 2431): [0,3222,com.android.keychain]
I/notification_cancel( 2431): [1000,2431,android,17039584,NULL,0,0,0,8,NULL]
I/am_proc_start( 2431): [0,3253,10004,com.android.dialer,broadcast,com.android.dialer/.calllog.CallLogReceiver]
I/am_proc_bound( 2431): [0,3253,com.android.dialer]
I/notification_cancel( 2431): [10004,3253,com.android.dialer,1,DefaultVoicemailNotifier,0,0,64,8,NULL]
I/am_proc_start( 2431): [0,3282,10052,com.android.smspush,service,com.android.smspush/.WapPushManager]
I/am_proc_bound( 2431): [0,3282,com.android.smspush]
I/am_proc_start( 2431): [0,3311,10001,com.android.providers.calendar,broadcast,com.android.providers.calendar/.CalendarReceiver]
I/gsm_service_state_change( 2897): [1,1,3,3]
I/am_proc_bound( 2431): [0,3311,com.android.providers.calendar]
I/notification_cancel_all( 2431): [10005,2619,com.android.providers.downloads,0,0,64,9,NULL]
I/force_gc( 2431): Binder
I/am_proc_start( 2431): [0,3353,10008,com.android.managedprovisioning,broadcast,com.android.managedprovisioning/.BootReminder]
I/am_proc_bound( 2431): [0,3353,com.android.managedprovisioning]
I/gsm_service_state_change( 2897): [3,3,1,1]
I/notification_cancel( 2431): [1001,2897,com.android.phone,5,NULL,0,0,64,8,NULL]
I/notification_cancel( 2431): [1001,2897,com.android.phone,5,NULL,0,0,64,8,NULL]
I/notification_cancel( 2431): [1001,2897,com.android.phone,5,NULL,0,0,64,8,NULL]
I/notification_cancel( 2431): [1001,2897,com.android.phone,5,NULL,0,0,64,8,NULL]
I/notification_cancel( 2431): [1001,2897,com.android.phone,5,NULL,0,0,64,8,NULL]
I/notification_cancel( 2431): [1001,2897,com.android.phone,5,NULL,0,0,64,8,NULL]
I/notification_cancel( 2431): [1001,2897,com.android.phone,5,NULL,0,0,64,8,NULL]
I/notification_cancel( 2431): [1001,2897,com.android.phone,5,NULL,0,0,64,8,NULL]
I/notification_cancel( 2431): [1001,2897,com.android.phone,5,NULL,0,0,64,8,NULL]
I/notification_cancel( 2431): [1001,2897,com.android.phone,5,NULL,0,0,64,8,NULL]
I/notification_cancel( 2431): [1001,2897,com.android.phone,5,NULL,0,0,64,8,NULL]
I/notification_cancel( 2431): [1001,2897,com.android.phone,5,NULL,0,0,64,8,NULL]
I/notification_cancel( 2431): [1001,2897,com.android.phone,5,NULL,0,0,64,8,NULL]
I/notification_cancel( 2431): [1001,2897,com.android.phone,5,NULL,0,0,64,8,NULL]
I/notification_cancel( 2431): [1001,2897,com.android.phone,5,NULL,0,0,64,8,NULL]
I/notification_cancel( 2431): [1001,2897,com.android.phone,5,NULL,0,0,64,8,NULL]
I/notification_cancel( 2431): [1001,2897,com.android.phone,5,NULL,0,0,64,8,NULL]
I/notification_cancel( 2431): [1001,2897,com.android.phone,5,NULL,0,0,64,8,NULL]
I/notification_cancel( 2431): [1001,2897,com.android.phone,5,NULL,0,0,64,8,NULL]
I/notification_cancel( 2431): [1001,2897,com.android.phone,5,NULL,0,0,64,8,NULL]
I/notification_cancel( 2431): [1001,2897,com.android.phone,5,NULL,0,0,64,8,NULL]
I/notification_cancel( 2431): [1001,2897,com.android.phone,5,NULL,0,0,64,8,NULL]
I/notification_cancel( 2431): [1001,2897,com.android.phone,5,NULL,0,0,64,8,NULL]
I/notification_cancel( 2431): [1001,2897,com.android.phone,5,NULL,0,0,64,8,NULL]
I/notification_cancel( 2431): [1001,2897,com.android.phone,5,NULL,0,0,64,8,NULL]
I/notification_cancel( 2431): [1001,2897,com.android.phone,5,NULL,0,0,64,8,NULL]
I/notification_cancel( 2431): [1001,2897,com.android.phone,5,NULL,0,0,64,8,NULL]
I/notification_cancel( 2431): [1001,2897,com.android.phone,5,NULL,0,0,64,8,NULL]
I/notification_cancel( 2431): [1001,2897,com.android.phone,5,NULL,0,0,64,8,NULL]
I/notification_cancel( 2431): [1001,2897,com.android.phone,5,NULL,0,0,64,8,NULL]
I/notification_cancel( 2431): [1001,2897,com.android.phone,5,NULL,0,0,64,8,NULL]
I/notification_cancel( 2431): [1001,2897,com.android.phone,5,NULL,0,0,64,8,NULL]
I/notification_cancel( 2431): [1001,2897,com.android.phone,5,NULL,0,0,64,8,NULL]
I/notification_cancel( 2431): [1001,2897,com.android.phone,5,NULL,0,0,64,8,NULL]
I/notification_cancel( 2431): [1001,2897,com.android.phone,5,NULL,0,0,64,8,NULL]
I/notification_cancel( 2431): [1001,2897,com.android.phone,5,NULL,0,0,64,8,NULL]
I/notification_cancel( 2431): [1001,2897,com.android.phone,5,NULL,0,0,64,8,NULL]
I/notification_cancel( 2431): [1001,2897,com.android.phone,5,NULL,0,0,64,8,NULL]
I/notification_cancel( 2431): [1001,2897,com.android.phone,5,NULL,0,0,64,8,NULL]
I/notification_cancel( 2431): [1001,2897,com.android.phone,5,NULL,0,0,64,8,NULL]
I/notification_cancel( 2431): [1001,2897,com.android.phone,5,NULL,0,0,64,8,NULL]
I/notification_cancel( 2431): [1001,2897,com.android.phone,5,NULL,0,0,64,8,NULL]
I/notification_cancel( 2431): [1001,2897,com.android.phone,5,NULL,0,0,64,8,NULL]
I/notification_cancel( 2431): [1001,2897,com.android.phone,5,NULL,0,0,64,8,NULL]
I/notification_cancel( 2431): [1001,2897,com.android.phone,5,NULL,0,0,64,8,NULL]
I/notification_cancel( 2431): [1001,2897,com.android.phone,5,NULL,0,0,64,8,NULL]
I/notification_cancel( 2431): [1001,2897,com.android.phone,5,NULL,0,0,64,8,NULL]
I/notification_cancel( 2431): [1001,2897,com.android.phone,5,NULL,0,0,64,8,NULL]
I/notification_cancel( 2431): [1001,2897,com.android.phone,5,NULL,0,0,64,8,NULL]
I/notification_cancel( 2431): [1001,2897,com.android.phone,5,NULL,0,0,64,8,NULL]
I/notification_cancel( 2431): [1001,2897,com.android.phone,5,NULL,0,0,64,8,NULL]
I/notification_cancel( 2431): [1001,2897,com.android.phone,5,NULL,0,0,64,8,NULL]
I/notification_cancel( 2431): [1001,2897,com.android.phone,5,NULL,0,0,64,8,NULL]
I/notification_cancel( 2431): [1001,2897,com.android.phone,5,NULL,0,0,64,8,NULL]
I/am_proc_start( 2431): [0,3393,10009,com.android.mms,broadcast,com.android.mms/.transaction.MmsSystemEventReceiver]
I/am_proc_bound( 2431): [0,3393,com.android.mms]
I/am_proc_start( 2431): [0,3441,10011,com.android.onetimeinitializer,broadcast,com.android.onetimeinitializer/.OneTimeInitializerReceiver]
I/notification_cancel( 2431): [10009,3393,com.android.mms,123,NULL,0,0,64,8,NULL]
I/notification_cancel( 2431): [10009,3393,com.android.mms,123,NULL,0,0,64,8,NULL]
I/am_proc_bound( 2431): [0,3441,com.android.onetimeinitializer]
I/am_proc_start( 2431): [0,3465,10016,com.android.voicedialer,broadcast,com.android.voicedialer/.VoiceDialerReceiver]
I/am_proc_bound( 2431): [0,3465,com.android.voicedialer]
I/am_proc_start( 2431): [0,3486,10022,com.android.calendar,broadcast,com.android.calendar/.alerts.AlertReceiver]
I/am_proc_bound( 2431): [0,3486,com.android.calendar]
I/am_proc_start( 2431): [0,3516,10029,com.android.email,broadcast,com.android.email/.service.EmailBroadcastReceiver]
I/am_proc_bound( 2431): [0,3516,com.android.email]
I/am_proc_start( 2431): [0,3544,1000,com.honda.hars.harstest,broadcast,com.honda.hars.harstest/.HARSReceiver]
I/am_proc_start( 2431): [0,3559,10030,com.android.exchange,service,com.android.exchange/.service.EasService]
I/am_proc_bound( 2431): [0,3544,com.honda.hars.harstest]
Unknown binary event type 83
Binary log entry conversion failed
I/am_proc_bound( 2431): [0,3559,com.android.exchange]
I/am_crash( 2431): [3544,0,com.honda.hars.harstest,8961605,java.lang.NullPointerException,Attempt to invoke a virtual method on a null object reference,HARS.java,56]
I/force_gc( 2431): Binder
I/notification_cancel( 2431): [10022,3486,com.android.calendar,0,NULL,0,0,64,8,NULL]
I/notification_cancel( 2431): [10022,3486,com.android.calendar,1,NULL,0,0,64,8,NULL]
I/notification_cancel( 2431): [10022,3486,com.android.calendar,2,NULL,0,0,64,8,NULL]
I/notification_cancel( 2431): [10022,3486,com.android.calendar,3,NULL,0,0,64,8,NULL]
I/notification_cancel( 2431): [10022,3486,com.android.calendar,4,NULL,0,0,64,8,NULL]
I/notification_cancel( 2431): [10022,3486,com.android.calendar,5,NULL,0,0,64,8,NULL]
I/notification_cancel( 2431): [10022,3486,com.android.calendar,6,NULL,0,0,64,8,NULL]
I/notification_cancel( 2431): [10022,3486,com.android.calendar,7,NULL,0,0,64,8,NULL]
I/notification_cancel( 2431): [10022,3486,com.android.calendar,8,NULL,0,0,64,8,NULL]
I/notification_cancel( 2431): [10022,3486,com.android.calendar,9,NULL,0,0,64,8,NULL]
I/notification_cancel( 2431): [10022,3486,com.android.calendar,10,NULL,0,0,64,8,NULL]
I/notification_cancel( 2431): [10022,3486,com.android.calendar,11,NULL,0,0,64,8,NULL]
I/notification_cancel( 2431): [10022,3486,com.android.calendar,12,NULL,0,0,64,8,NULL]
I/notification_cancel( 2431): [10022,3486,com.android.calendar,13,NULL,0,0,64,8,NULL]
I/notification_cancel( 2431): [10022,3486,com.android.calendar,14,NULL,0,0,64,8,NULL]
I/notification_cancel( 2431): [10022,3486,com.android.calendar,15,NULL,0,0,64,8,NULL]
I/notification_cancel( 2431): [10022,3486,com.android.calendar,16,NULL,0,0,64,8,NULL]
I/notification_cancel( 2431): [10022,3486,com.android.calendar,17,NULL,0,0,64,8,NULL]
I/notification_cancel( 2431): [10022,3486,com.android.calendar,18,NULL,0,0,64,8,NULL]
I/notification_cancel( 2431): [10022,3486,com.android.calendar,19,NULL,0,0,64,8,NULL]
I/notification_cancel( 2431): [10022,3486,com.android.calendar,20,NULL,0,0,64,8,NULL]
I/power_sleep_requested( 2431): 0
I/power_screen_state( 2431): [0,3,0,0]
I/screen_toggled( 2431): 0
I/am_pause_activity( 2431): [0,44167529,com.android.launcher/com.android.launcher2.Launcher]
I/am_on_paused_called( 2929): [0,com.android.launcher2.Launcher]
I/power_screen_broadcast_send( 2431): 1
I/power_screen_broadcast_done( 2431): [1,184,1]
I/power_screen_broadcast_send( 2431): 1
I/notification_visibility_changed( 2431): [,-1|android|17040613|null|1000;-1|android|17040621|null|1000]
I/sysui_heads_up_status( 2643): [,0]
I/power_screen_broadcast_done( 2431): [0,38,1]
I/power_screen_state( 2431): [1,0,0,0]
I/screen_toggled( 2431): 1
I/power_screen_broadcast_send( 2431): 1
I/sf_frame_dur(  175): [ColorFade,26,1,0,0,0,0,0]
I/notification_visibility_changed( 2431): [-1|android|17040621|null|1000;-1|android|17040613|null|1000,]
I/power_screen_broadcast_done( 2431): [1,337,1]
I/notification_visibility_changed( 2431): [,-1|android|17040613|null|1000;-1|android|17040621|null|1000]
I/notification_panel_hidden( 2431): []
I/screen_toggled( 2643): 2
I/notification_expansion( 2431): [-1|android|17040621|null|1000,0,1]
I/am_resume_activity( 2431): [0,44167529,6,com.android.launcher/com.android.launcher2.Launcher]
I/am_on_resume_called( 2929): [0,com.android.launcher2.Launcher]
I/power_sleep_requested( 2431): 0
I/power_screen_state( 2431): [0,3,0,0]
I/screen_toggled( 2431): 0
I/am_pause_activity( 2431): [0,44167529,com.android.launcher/com.android.launcher2.Launcher]
I/am_on_paused_called( 2929): [0,com.android.launcher2.Launcher]
I/power_screen_broadcast_send( 2431): 1
I/sysui_heads_up_status( 2643): [,0]
I/power_screen_broadcast_done( 2431): [0,107,1]
I/notification_expansion( 2431): [-1|android|17040621|null|1000,0,0]
I/notification_panel_revealed( 2431): []
I/sf_frame_dur(  175): [NavigationBar,24,2,2,0,0,0,0]
I/am_proc_start( 2431): [0,3845,10010,com.android.musicfx,broadcast,com.android.musicfx/.ControlPanelReceiver]
I/am_proc_bound( 2431): [0,3845,com.android.musicfx]
I/sf_frame_dur(  175): [Application Error: com.honda.hars.harstest,21,1,1,0,0,1,0]
I/am_proc_died( 2431): [0,3544,com.honda.hars.harstest]
I/am_schedule_service_restart( 2431): [0,com.honda.hars.harstest/.HARS,600498]
I/power_screen_state( 2431): [1,0,0,0]
I/screen_toggled( 2431): 1
I/power_screen_broadcast_send( 2431): 1
I/notification_visibility_changed( 2431): [-1|android|17040621|null|1000;-1|android|17040613|null|1000,]
I/sf_frame_dur(  175): [ColorFade,23,3,0,0,0,0,0]
I/power_screen_broadcast_done( 2431): [1,326,1]
I/notification_visibility_changed( 2431): [,-1|android|17040613|null|1000;-1|android|17040621|null|1000]
I/notification_panel_hidden( 2431): []
I/screen_toggled( 2643): 2
I/notification_expansion( 2431): [-1|android|17040621|null|1000,0,1]
I/am_resume_activity( 2431): [0,44167529,6,com.android.launcher/com.android.launcher2.Launcher]
I/am_on_resume_called( 2929): [0,com.android.launcher2.Launcher]
I/power_sleep_requested( 2431): 0
I/power_screen_state( 2431): [0,3,0,0]
I/screen_toggled( 2431): 0
I/am_pause_activity( 2431): [0,44167529,com.android.launcher/com.android.launcher2.Launcher]
I/am_on_paused_called( 2929): [0,com.android.launcher2.Launcher]
I/power_screen_broadcast_send( 2431): 1
I/sysui_heads_up_status( 2643): [,0]
I/power_screen_broadcast_done( 2431): [0,107,1]
I/notification_expansion( 2431): [-1|android|17040621|null|1000,0,0]
I/notification_panel_revealed( 2431): []
I/sf_frame_dur(  175): [NavigationBar,11,0,0,0,0,0,0]
I/am_crash( 2431): [2431,0,system_server,-1,java.lang.NullPointerException,Attempt to invoke interface method 'java.util.Iterator java.util.List.iterator()' on a null object reference,SyncManager.java,1953]
I/sf_frame_dur(  175): [com.android.launcher/com.android.launcher2.Launcher,1,0,6,1,2,0,8]
I/sf_frame_dur(  175): [StatusBar,594,20,10,3,3,1,6]
I/sf_frame_dur(  175): [StrictModeFlash,0,0,0,0,1,0,0]
I/sf_frame_dur(  175): [ColorFade,24,2,0,0,0,0,0]
I/boot_progress_start( 4212): 730736
I/boot_progress_preload_start( 4212): 730910
I/boot_progress_preload_end( 4212): 735790
I/boot_progress_system_run( 4463): 736035
I/boot_progress_pms_start( 4463): 736756
I/boot_progress_pms_system_scan_start( 4463): 737234
I/boot_progress_pms_data_scan_start( 4463): 739766
I/boot_progress_pms_scan_end( 4463): 739965
I/boot_progress_pms_ready( 4463): 740230
I/battery_status( 4463): [5,2,1,2,Li-ion]
I/battery_level( 4463): [100,4298,218]
I/wm_stack_created( 4463): [0,0,0,0,0]
I/configuration_changed( 4463): 7672
I/configuration_changed( 4463): 1288
I/sf_frame_dur(  175): [BootAnimation,2,2,125,1,0,0,0]
I/free_storage_left( 4463): [13260582912,691408896,710172672]
I/free_storage_changed( 4463): 13260582912
I/backup_data_changed( 4463): com.android.calendar
I/backup_data_changed( 4463): com.android.dialer
I/backup_data_changed( 4463): com.android.providers.userdictionary
I/backup_data_changed( 4463): com.android.sharedstoragebackup
I/backup_data_changed( 4463): com.android.providers.settings
I/backup_data_changed( 4463): com.android.nfc
I/backup_data_changed( 4463): android
I/backup_data_changed( 4463): com.android.browser
I/backup_data_changed( 4463): com.android.calendar
I/backup_data_changed( 4463): com.android.dialer
I/backup_data_changed( 4463): com.android.providers.userdictionary
I/backup_data_changed( 4463): com.android.sharedstoragebackup
I/backup_data_changed( 4463): com.android.providers.settings
I/backup_data_changed( 4463): com.android.nfc
I/backup_data_changed( 4463): android
I/backup_data_changed( 4463): com.android.browser
I/configuration_changed( 4463): 512
I/wm_stack_created( 4463): [1,0,0,0,0]
I/boot_progress_ams_ready( 4463): 742972
I/notification_enqueue( 4463): [1000,4463,android,17040613,NULL,-1,Notification(pri=-2 contentView=null vibrate=null sound=null defaults=0x0 flags=0x2 color=0xff607d8b vis=PUBLIC)]
I/am_proc_start( 4463): [0,4666,1037,WebViewLoader-armeabi-v7a,,]
I/notification_enqueue( 4463): [1000,4463,android,17040621,NULL,-1,Notification(pri=-1 contentView=null vibrate=null sound=null defaults=0x0 flags=0x2 color=0xff607d8b vis=PUBLIC)]
I/am_proc_start( 4463): [0,4679,10014,com.android.systemui,service,com.android.systemui/.SystemUIService]
I/am_proc_start( 4463): [0,4699,10005,android.process.media,broadcast,com.android.providers.media/.MtpReceiver]
I/am_proc_bound( 4463): [0,4679,com.android.systemui]
I/am_proc_bound( 4463): [0,4699,android.process.media]
I/am_proc_start( 4463): [0,4830,10035,com.android.inputmethod.latin,service,com.android.inputmethod.latin/.LatinIME]
I/netstats_mobile_sample( 4463): [0,0,0,0,0,0,0,0,0,0,0,0,-1]
I/netstats_wifi_sample( 4463): [0,0,0,0,0,0,0,0,0,0,0,0,-1]
I/notification_cancel_all( 4463): [10005,4699,com.android.providers.downloads,0,0,64,9,NULL]
I/am_proc_bound( 4463): [0,4830,com.android.inputmethod.latin]
I/am_proc_start( 4463): [0,4877,1001,com.android.phone,service,com.android.mms.service/.MmsService]
I/am_proc_start( 4463): [0,4901,1001,com.android.server.telecom,added application,com.android.server.telecom]
I/am_proc_start( 4463): [0,4922,1027,com.android.nfc,added application,com.android.nfc]
I/am_proc_start( 4463): [0,4948,1001,com.android.phone,added application,com.android.phone]
I/am_create_task( 4463): [0,6]
I/am_create_activity( 4463): [0,519402971,6,com.android.launcher/com.android.launcher2.Launcher,android.intent.action.MAIN,NULL,NULL,268435456]
I/wm_task_created( 4463): [6,0]
I/wm_task_moved( 4463): [6,1,0]
I/am_proc_start( 4463): [0,4978,10007,com.android.launcher,activity,com.android.launcher/com.android.launcher2.Launcher]
I/am_drop_process( 4463): 4877
I/am_proc_bound( 4463): [0,4901,com.android.server.telecom]
I/am_proc_start( 4463): [0,5026,10046,com.android.printspooler,service,com.android.printspooler/.model.PrintSpoolerService]
I/am_proc_bound( 4463): [0,4922,com.android.nfc]
I/am_proc_start( 4463): [0,5051,10002,android.process.acore,content provider,com.android.providers.contacts/.CallLogProvider]
I/am_proc_bound( 4463): [0,4948,com.android.phone]
I/am_proc_bound( 4463): [0,4978,com.android.launcher]
I/am_restart_activity( 4463): [0,519402971,6,com.android.launcher/com.android.launcher2.Launcher]
I/am_proc_start( 4463): [0,5085,1000,com.android.settings,broadcast,com.android.settings/.widget.SettingsAppWidgetProvider]
I/am_proc_bound( 4463): [0,5026,com.android.printspooler]
I/am_proc_bound( 4463): [0,5051,android.process.acore]
I/am_proc_bound( 4463): [0,5085,com.android.settings]
I/backup_transport_lifecycle( 4463): [android/com.android.internal.backup.LocalTransportService,1]
I/notification_cancel( 4463): [10014,4679,com.android.systemui,100,low_battery,0,0,64,8,NULL]
I/backup_data_changed( 4463): android
I/backup_data_changed( 4463): android
I/am_proc_start( 4463): [0,5171,10026,com.android.deskclock,broadcast,com.android.deskclock/com.android.alarmclock.AnalogAppWidgetProvider]
I/am_proc_bound( 4463): [0,5171,com.android.deskclock]
I/am_on_resume_called( 4978): [0,com.android.launcher2.Launcher]
I/force_gc( 4463): Binder
I/am_proc_start( 4463): [0,5192,10038,com.android.music,broadcast,com.android.music/.MediaButtonIntentReceiver]
I/am_activity_launch_time( 4463): [0,519402971,com.android.launcher/com.android.launcher2.Launcher,1746,1746]
I/am_proc_bound( 4463): [0,5192,com.android.music]
I/boot_progress_enable_screen( 4463): 746652
I/screen_toggled( 4463): 1
I/am_proc_start( 4463): [0,5265,1000,com.android.keychain,service,com.android.keychain/.KeyChainService]
I/notification_cancel( 4463): [10014,4679,com.android.systemui,100,low_battery,0,0,64,8,NULL]
I/am_proc_bound( 4463): [0,5265,com.android.keychain]
I/notification_cancel( 4463): [1000,4463,android,17039584,NULL,0,0,0,8,NULL]
I/sf_frame_dur(  175): [Android is upgrading…,258,19,4,0,0,0,0]
I/notification_expansion( 4463): [-1|android|17040621|null|1000,0,1]
I/notification_expansion( 4463): [-1|android|17040621|null|1000,0,0]
I/notification_panel_revealed( 4463): []
I/notification_visibility_changed( 4463): [-1|android|17040621|null|1000;-1|android|17040613|null|1000,]
I/am_proc_start( 4463): [0,5306,10004,com.android.dialer,broadcast,com.android.dialer/.calllog.CallLogReceiver]
I/am_proc_bound( 4463): [0,5306,com.android.dialer]
I/notification_cancel( 4463): [10004,5306,com.android.dialer,1,DefaultVoicemailNotifier,0,0,64,8,NULL]
I/am_proc_start( 4463): [0,5350,10052,com.android.smspush,service,com.android.smspush/.WapPushManager]
I/force_gc( 4463): Binder
I/am_proc_bound( 4463): [0,5350,com.android.smspush]
I/am_proc_start( 4463): [0,5380,10001,com.android.providers.calendar,broadcast,com.android.providers.calendar/.CalendarReceiver]
I/gsm_service_state_change( 4948): [1,1,3,3]
I/am_proc_bound( 4463): [0,5380,com.android.providers.calendar]
I/notification_cancel_all( 4463): [10005,4699,com.android.providers.downloads,0,0,64,9,NULL]
I/am_proc_start( 4463): [0,5423,10008,com.android.managedprovisioning,broadcast,com.android.managedprovisioning/.BootReminder]
I/am_proc_bound( 4463): [0,5423,com.android.managedprovisioning]
I/gsm_service_state_change( 4948): [3,3,1,1]
I/notification_cancel( 4463): [1001,4948,com.android.phone,5,NULL,0,0,64,8,NULL]
I/notification_cancel( 4463): [1001,4948,com.android.phone,5,NULL,0,0,64,8,NULL]
I/notification_cancel( 4463): [1001,4948,com.android.phone,5,NULL,0,0,64,8,NULL]
I/notification_cancel( 4463): [1001,4948,com.android.phone,5,NULL,0,0,64,8,NULL]
I/notification_cancel( 4463): [1001,4948,com.android.phone,5,NULL,0,0,64,8,NULL]
I/notification_cancel( 4463): [1001,4948,com.android.phone,5,NULL,0,0,64,8,NULL]
I/notification_cancel( 4463): [1001,4948,com.android.phone,5,NULL,0,0,64,8,NULL]
I/notification_cancel( 4463): [1001,4948,com.android.phone,5,NULL,0,0,64,8,NULL]
I/notification_cancel( 4463): [1001,4948,com.android.phone,5,NULL,0,0,64,8,NULL]
I/notification_cancel( 4463): [1001,4948,com.android.phone,5,NULL,0,0,64,8,NULL]
I/notification_cancel( 4463): [1001,4948,com.android.phone,5,NULL,0,0,64,8,NULL]
I/notification_cancel( 4463): [1001,4948,com.android.phone,5,NULL,0,0,64,8,NULL]
I/notification_cancel( 4463): [1001,4948,com.android.phone,5,NULL,0,0,64,8,NULL]
I/notification_cancel( 4463): [1001,4948,com.android.phone,5,NULL,0,0,64,8,NULL]
I/notification_cancel( 4463): [1001,4948,com.android.phone,5,NULL,0,0,64,8,NULL]
I/notification_cancel( 4463): [1001,4948,com.android.phone,5,NULL,0,0,64,8,NULL]
I/notification_cancel( 4463): [1001,4948,com.android.phone,5,NULL,0,0,64,8,NULL]
I/notification_cancel( 4463): [1001,4948,com.android.phone,5,NULL,0,0,64,8,NULL]
I/notification_cancel( 4463): [1001,4948,com.android.phone,5,NULL,0,0,64,8,NULL]
I/notification_cancel( 4463): [1001,4948,com.android.phone,5,NULL,0,0,64,8,NULL]
I/notification_cancel( 4463): [1001,4948,com.android.phone,5,NULL,0,0,64,8,NULL]
I/notification_cancel( 4463): [1001,4948,com.android.phone,5,NULL,0,0,64,8,NULL]
I/notification_cancel( 4463): [1001,4948,com.android.phone,5,NULL,0,0,64,8,NULL]
I/notification_cancel( 4463): [1001,4948,com.android.phone,5,NULL,0,0,64,8,NULL]
I/notification_cancel( 4463): [1001,4948,com.android.phone,5,NULL,0,0,64,8,NULL]
I/notification_cancel( 4463): [1001,4948,com.android.phone,5,NULL,0,0,64,8,NULL]
I/notification_cancel( 4463): [1001,4948,com.android.phone,5,NULL,0,0,64,8,NULL]
I/notification_cancel( 4463): [1001,4948,com.android.phone,5,NULL,0,0,64,8,NULL]
I/notification_cancel( 4463): [1001,4948,com.android.phone,5,NULL,0,0,64,8,NULL]
I/notification_cancel( 4463): [1001,4948,com.android.phone,5,NULL,0,0,64,8,NULL]
I/notification_cancel( 4463): [1001,4948,com.android.phone,5,NULL,0,0,64,8,NULL]
I/notification_cancel( 4463): [1001,4948,com.android.phone,5,NULL,0,0,64,8,NULL]
I/notification_cancel( 4463): [1001,4948,com.android.phone,5,NULL,0,0,64,8,NULL]
I/notification_cancel( 4463): [1001,4948,com.android.phone,5,NULL,0,0,64,8,NULL]
I/notification_cancel( 4463): [1001,4948,com.android.phone,5,NULL,0,0,64,8,NULL]
I/notification_cancel( 4463): [1001,4948,com.android.phone,5,NULL,0,0,64,8,NULL]
I/notification_cancel( 4463): [1001,4948,com.android.phone,5,NULL,0,0,64,8,NULL]
I/notification_cancel( 4463): [1001,4948,com.android.phone,5,NULL,0,0,64,8,NULL]
I/notification_cancel( 4463): [1001,4948,com.android.phone,5,NULL,0,0,64,8,NULL]
I/notification_cancel( 4463): [1001,4948,com.android.phone,5,NULL,0,0,64,8,NULL]
I/notification_cancel( 4463): [1001,4948,com.android.phone,5,NULL,0,0,64,8,NULL]
I/notification_cancel( 4463): [1001,4948,com.android.phone,5,NULL,0,0,64,8,NULL]
I/notification_cancel( 4463): [1001,4948,com.android.phone,5,NULL,0,0,64,8,NULL]
I/notification_cancel( 4463): [1001,4948,com.android.phone,5,NULL,0,0,64,8,NULL]
I/notification_cancel( 4463): [1001,4948,com.android.phone,5,NULL,0,0,64,8,NULL]
I/am_proc_start( 4463): [0,5465,10009,com.android.mms,broadcast,com.android.mms/.transaction.MmsSystemEventReceiver]
I/notification_cancel( 4463): [1001,4948,com.android.phone,5,NULL,0,0,64,8,NULL]
I/notification_cancel( 4463): [1001,4948,com.android.phone,5,NULL,0,0,64,8,NULL]
I/notification_cancel( 4463): [1001,4948,com.android.phone,5,NULL,0,0,64,8,NULL]
I/notification_cancel( 4463): [1001,4948,com.android.phone,5,NULL,0,0,64,8,NULL]
I/notification_cancel( 4463): [1001,4948,com.android.phone,5,NULL,0,0,64,8,NULL]
I/notification_cancel( 4463): [1001,4948,com.android.phone,5,NULL,0,0,64,8,NULL]
I/notification_cancel( 4463): [1001,4948,com.android.phone,5,NULL,0,0,64,8,NULL]
I/notification_cancel( 4463): [1001,4948,com.android.phone,5,NULL,0,0,64,8,NULL]
I/notification_cancel( 4463): [1001,4948,com.android.phone,5,NULL,0,0,64,8,NULL]
I/am_proc_bound( 4463): [0,5465,com.android.mms]
I/notification_visibility_changed( 4463): [,-1|android|17040613|null|1000;-1|android|17040621|null|1000]
I/notification_panel_hidden( 4463): []
I/screen_toggled( 4679): 2
I/notification_expansion( 4463): [-1|android|17040621|null|1000,0,1]
I/am_proc_start( 4463): [0,5512,10011,com.android.onetimeinitializer,broadcast,com.android.onetimeinitializer/.OneTimeInitializerReceiver]
I/notification_cancel( 4463): [10009,5465,com.android.mms,123,NULL,0,0,64,8,NULL]
I/notification_cancel( 4463): [10009,5465,com.android.mms,123,NULL,0,0,64,8,NULL]
I/am_proc_bound( 4463): [0,5512,com.android.onetimeinitializer]
I/am_proc_start( 4463): [0,5534,10016,com.android.voicedialer,broadcast,com.android.voicedialer/.VoiceDialerReceiver]
I/am_proc_bound( 4463): [0,5534,com.android.voicedialer]
I/am_proc_start( 4463): [0,5553,10022,com.android.calendar,broadcast,com.android.calendar/.alerts.AlertReceiver]
I/am_proc_bound( 4463): [0,5553,com.android.calendar]
I/am_proc_start( 4463): [0,5586,10029,com.android.email,broadcast,com.android.email/.service.EmailBroadcastReceiver]
I/am_proc_bound( 4463): [0,5586,com.android.email]
I/am_proc_start( 4463): [0,5616,1000,com.honda.hars.harstest,broadcast,com.honda.hars.harstest/.HARSReceiver]
I/am_proc_start( 4463): [0,5641,10030,com.android.exchange,service,com.android.exchange/.service.EasService]
I/force_gc( 4463): Binder
I/am_proc_bound( 4463): [0,5616,com.honda.hars.harstest]
I/am_proc_bound( 4463): [0,5641,com.android.exchange]
I/am_crash( 4463): [5616,0,com.honda.hars.harstest,8961605,java.lang.NullPointerException,Attempt to invoke a virtual method on a null object reference,HARS.java,56]
I/am_proc_died( 4463): [0,5616,com.honda.hars.harstest]
I/am_schedule_service_restart( 4463): [0,com.honda.hars.harstest/.HARS,6548]
I/sf_frame_dur(  175): [Application Error: com.honda.hars.harstest,23,1,2,1,0,1,1]
I/notification_cancel( 4463): [10022,5553,com.android.calendar,0,NULL,0,0,64,8,NULL]
I/notification_cancel( 4463): [10022,5553,com.android.calendar,1,NULL,0,0,64,8,NULL]
I/notification_cancel( 4463): [10022,5553,com.android.calendar,2,NULL,0,0,64,8,NULL]
