D/RILC    (  184): SOCKET RIL_SOCKET_1 REQUEST: VOICE_REGISTRATION_STATE length:8
D/RILC    (  184): RequestComplete, RIL_SOCKET_1
E/RILC    (  184): Send Response to RIL_SOCKET_1
D/RILC    (  184): RequestComplete, RIL_SOCKET_1
E/RILC    (  184): Send Response to RIL_SOCKET_1
D/RILJ    ( 8731): [3696]< DATA_REGISTRATION_STATE {2, null, null, null, 0, 20, null, null, null, null, null} [SUB0]
D/RILJ    ( 8731): [3697]< VOICE_REGISTRATION_STATE {12, null, null, 0, null, null, null, 0, null, null, null, null, null, 0, 91} [SUB0]
D/RILC    (  184): SOCKET RIL_SOCKET_1 REQUEST: QUERY_NETWORK_SELECTION_MODE length:8
D/SubController( 8731): [getPhoneId]- invalid subId return=-1000
D/PHONE   ( 8731): [ServiceState] setDataRegState=1
D/PHONE   ( 8731): [ServiceState] setDataRadioTechnology=0
D/GsmSST  ( 8731): [GsmSST] handlPollStateResultMessage: GsmSST setDataRegState=1 regState=2 dataRadioTechnology=0
D/PHONE   ( 8731): [ServiceState] setVoiceRegState=1
E/PHONE   ( 8731): [ServiceState] setState deprecated use setVoiceRegState()
D/RILC    (  184): RequestComplete, RIL_SOCKET_1
E/RILC    (  184): Send Response to RIL_SOCKET_1
D/RILJ    ( 8731): [3698]< QUERY_NETWORK_SELECTION_MODE {0} [SUB0]
D/GsmSST  ( 8731): [GsmSST] Poll ServiceState done:  oldSS=[1 1 home null null null  Unknown Unknown CSS not supported -1 -1 RoamInd=-1 DefRoamInd=-1 EmergOnly=true] newSS=[1 1 home null null null  Unknown Unknown CSS not supported -1 -1 RoamInd=-1 DefRoamInd=-1 EmergOnly=true] oldMaxDataCalls=20 mNewMaxDataCalls=20 oldReasonDataDenied=-1 mNewReasonDataDenied=-1
D/PHONE   ( 8731): [ServiceState] setNullState=1
I/am_proc_start( 8212): [0,9436,1000,com.honda.hars.harstest,service,com.honda.hars.harstest/.HARS]
I/am_proc_bound( 8212): [0,9436,com.honda.hars.harstest]
Unknown binary event type 83
Binary log entry conversion failed
I/am_crash( 8212): [9436,0,com.honda.hars.harstest,8961605,java.lang.NullPointerException,Attempt to invoke a virtual method on a null object reference,HARS.java,56]
I/power_sleep_requested( 8212): 0
I/power_screen_state( 8212): [0,3,0,0]
I/screen_toggled( 8212): 0
I/am_pause_activity( 8212): [0,832487804,com.android.launcher/com.android.launcher2.Launcher]
I/am_on_paused_called( 8746): [0,com.android.launcher2.Launcher]
I/power_screen_broadcast_send( 8212): 1
D/DCT     ( 8731): [0]onReceive: action=android.intent.action.SCREEN_ON
D/DCT     ( 8731): [0]stopNetStatPoll
D/DCT     ( 8731): [0]overall state is IDLE
I/power_screen_broadcast_done( 8212): [1,140,1]
I/power_screen_broadcast_send( 8212): 1
I/sysui_heads_up_status( 8404): [,0]
D/DCT     ( 8731): [0]onReceive: action=android.intent.action.SCREEN_OFF
D/DCT     ( 8731): [0]stopNetStatPoll
D/DCT     ( 8731): [0]overall state is IDLE
I/power_screen_broadcast_done( 8212): [0,29,1]
D/RILJ    ( 8731): [3699]> SCREEN_STATE: false [SUB0]
D/RILC    (  184): SOCKET RIL_SOCKET_1 REQUEST: SCREEN_STATE length:16
D/RILC    (  184): RequestComplete, RIL_SOCKET_1
E/RILC    (  184): Send Response to RIL_SOCKET_1
D/RILJ    ( 8731): [3699]< SCREEN_STATE  [SUB0]
I/RILQ    (  184): (0/184):RIL[0][event] qcril_arb_set_data_sys_status: recvd data_sys_status nw=0x0, rat_mask=0x0, so_mask=0x0
I/RILQ    (  184): (0/184):RIL[0][event] qcril_arb_set_data_sys_status: recvd data_sys_status nw=0x1, rat_mask=0x0, so_mask=0x0
I/RILQ    (  184): (0/184):RIL[0][event] qcril_qmi_nas_update_data_rte: completed, new drte 0 with confidence 4
I/RILC    (  184): RIL_SOCKET_1 UNSOLICITED: UNSOL_RESPONSE_VOICE_NETWORK_STATE_CHANGED length:8
E/RILC    (  184): Send Response to RIL_SOCKET_1
D/RILJ    ( 8731): [UNSL]< UNSOL_RESPONSE_VOICE_NETWORK_STATE_CHANGED [SUB0]
D/RILJ    ( 8731): [3700]> OPERATOR [SUB0]
D/RILJ    ( 8731): [3701]> DATA_REGISTRATION_STATE [SUB0]
D/RILC    (  184): SOCKET RIL_SOCKET_1 REQUEST: OPERATOR length:8
D/RILC    (  184): RequestComplete, RIL_SOCKET_1
E/RILC    (  184): Send Response to RIL_SOCKET_1
I/RILC    (  184): RIL_SOCKET_1 UNSOLICITED: UNSOL_SIGNAL_STRENGTH length:60
E/RILC    (  184): Send Response to RIL_SOCKET_1
D/RILC    (  184): SOCKET RIL_SOCKET_1 REQUEST: DATA_REGISTRATION_STATE length:8
D/RILJ    ( 8731): [3700]< OPERATOR {null, null, null} [SUB0]
D/RILJ    ( 8731): [3702]> VOICE_REGISTRATION_STATE [SUB0]
D/RILC    (  184): SOCKET RIL_SOCKET_1 REQUEST: VOICE_REGISTRATION_STATE length:8
D/RILJ    ( 8731): [3703]> QUERY_NETWORK_SELECTION_MODE [SUB0]
D/RILC    (  184): RequestComplete, RIL_SOCKET_1
E/RILC    (  184): Send Response to RIL_SOCKET_1
D/RILC    (  184): SOCKET RIL_SOCKET_1 REQUEST: QUERY_NETWORK_SELECTION_MODE length:8
D/RILC    (  184): RequestComplete, RIL_SOCKET_1
E/RILC    (  184): Send Response to RIL_SOCKET_1
D/RILJ    ( 8731): [3702]< VOICE_REGISTRATION_STATE {12, null, null, 0, null, null, null, 0, null, null, null, null, null, 0, 91} [SUB0]
D/RILJ    ( 8731): [3701]< DATA_REGISTRATION_STATE {2, null, null, null, 0, 20, null, null, null, null, null} [SUB0]
D/SubController( 8731): [getPhoneId]- invalid subId return=-1000
D/RILC    (  184): RequestComplete, RIL_SOCKET_1
E/RILC    (  184): Send Response to RIL_SOCKET_1
D/RILJ    ( 8731): [3703]< QUERY_NETWORK_SELECTION_MODE {0} [SUB0]
D/SubController( 8731): [getSubId]- size == 0, return dummy instead
D/DefaultPhoneNotifier( 8731): notifySignalStrength: mRegistry=com.android.internal.telephony.ITelephonyRegistry$Stub$Proxy@2aad88c3 ss=SignalStrength: 21 0 -120 -160 -120 -1 -1 99 2147483647 2147483647 2147483647 2147483647 gsm|lte sender=Handler (com.android.internal.telephony.gsm.GSMPhone) {28c00928}
D/PHONE   ( 8731): [ServiceState] setVoiceRegState=1
E/PHONE   ( 8731): [ServiceState] setState deprecated use setVoiceRegState()
D/PHONE   ( 8731): [ServiceState] setDataRegState=1
D/PHONE   ( 8731): [ServiceState] setDataRadioTechnology=0
D/GsmSST  ( 8731): [GsmSST] handlPollStateResultMessage: GsmSST setDataRegState=1 regState=2 dataRadioTechnology=0
D/GsmSST  ( 8731): [GsmSST] Poll ServiceState done:  oldSS=[1 1 home null null null  Unknown Unknown CSS not supported -1 -1 RoamInd=-1 DefRoamInd=-1 EmergOnly=true] newSS=[1 1 home null null null  Unknown Unknown CSS not supported -1 -1 RoamInd=-1 DefRoamInd=-1 EmergOnly=true] oldMaxDataCalls=20 mNewMaxDataCalls=20 oldReasonDataDenied=-1 mNewReasonDataDenied=-1
D/PHONE   ( 8731): [ServiceState] setNullState=1
I/notification_expansion( 8212): [-1|android|17040621|null|1000,0,0]
I/notification_panel_revealed( 8212): []
I/sf_frame_dur(  175): [NavigationBar,10,3,2,1,0,0,1]
I/am_proc_start( 8212): [0,9554,10010,com.android.musicfx,broadcast,com.android.musicfx/.ControlPanelReceiver]
I/am_proc_bound( 8212): [0,9554,com.android.musicfx]
I/am_crash( 8212): [8212,0,system_server,-1,java.lang.NullPointerException,Attempt to invoke interface method 'java.util.Iterator java.util.List.iterator()' on a null object reference,SyncManager.java,1953]
I/sf_frame_dur(  175): [com.android.launcher/com.android.launcher2.Launcher,0,2,1,3,1,1,1]
I/sf_frame_dur(  175): [Application Error: com.honda.hars.harstest,23,1,0,0,0,1,0]
I/sf_frame_dur(  175): [StatusBar,32,10,3,3,4,2,1]
I/sf_frame_dur(  175): [StrictModeFlash,0,1,0,0,0,0,0]
I/sf_frame_dur(  175): [ColorFade,26,0,0,1,0,0,0]
W/RILC    (  184): EOS.  Closing command socket.
I/boot_progress_start( 9707): 1903377
I/boot_progress_preload_start( 9707): 1903536
D/TelephonyManager( 9707): No /proc/cmdline exception=java.io.FileNotFoundException: /proc/cmdline: open failed: EACCES (Permission denied)
D/TelephonyManager( 9707): /proc/cmdline=
I/boot_progress_preload_end( 9707): 1908536
I/boot_progress_system_run( 9970): 1908718
I/boot_progress_pms_start( 9970): 1909541
I/boot_progress_pms_system_scan_start( 9970): 1910009
I/boot_progress_pms_data_scan_start( 9970): 1912568
I/boot_progress_pms_scan_end( 9970): 1912698
I/boot_progress_pms_ready( 9970): 1912953
I/battery_status( 9970): [5,2,1,2,Li-ion]
I/battery_level( 9970): [100,4291,236]
D/SUB     ( 9970): [SubManager] [getPhoneId]- fail
D/SUB     ( 9970): [SubManager] [getPhoneId]- fail
I/wm_stack_created( 9970): [0,0,0,0,0]
I/configuration_changed( 9970): 7672
I/configuration_changed( 9970): 1288
I/sf_frame_dur(  175): [BootAnimation,2,3,125,3,0,0,0]
I/free_storage_left( 9970): [13260169216,691396608,710172672]
I/free_storage_changed( 9970): 13260169216
I/backup_data_changed( 9970): com.android.calendar
I/backup_data_changed( 9970): com.android.dialer
I/backup_data_changed( 9970): com.android.providers.userdictionary
I/backup_data_changed( 9970): com.android.sharedstoragebackup
I/backup_data_changed( 9970): com.android.providers.settings
I/backup_data_changed( 9970): com.android.nfc
I/backup_data_changed( 9970): android
I/backup_data_changed( 9970): com.android.browser
I/backup_data_changed( 9970): com.android.calendar
I/backup_data_changed( 9970): com.android.dialer
I/backup_data_changed( 9970): com.android.providers.userdictionary
I/backup_data_changed( 9970): com.android.sharedstoragebackup
I/backup_data_changed( 9970): com.android.providers.settings
I/backup_data_changed( 9970): com.android.nfc
I/backup_data_changed( 9970): android
I/backup_data_changed( 9970): com.android.browser
I/configuration_changed( 9970): 512
I/wm_stack_created( 9970): [1,0,0,0,0]
I/boot_progress_ams_ready( 9970): 1915692
I/notification_enqueue( 9970): [1000,9970,android,17040613,NULL,-1,Notification(pri=-2 contentView=null vibrate=null sound=null defaults=0x0 flags=0x2 color=0xff607d8b vis=PUBLIC)]
I/am_proc_start( 9970): [0,10158,1037,WebViewLoader-armeabi-v7a,,]
I/notification_enqueue( 9970): [1000,9970,android,17040621,NULL,-1,Notification(pri=-1 contentView=null vibrate=null sound=null defaults=0x0 flags=0x2 color=0xff607d8b vis=PUBLIC)]
I/am_proc_start( 9970): [0,10172,10014,com.android.systemui,service,com.android.systemui/.SystemUIService]
I/am_proc_start( 9970): [0,10191,10005,android.process.media,broadcast,com.android.providers.media/.MtpReceiver]
I/am_proc_bound( 9970): [0,10172,com.android.systemui]
I/am_proc_bound( 9970): [0,10191,android.process.media]
I/am_proc_start( 9970): [0,10315,10035,com.android.inputmethod.latin,service,com.android.inputmethod.latin/.LatinIME]
I/netstats_mobile_sample( 9970): [0,0,0,0,0,0,0,0,0,0,0,0,-1]
I/netstats_wifi_sample( 9970): [0,0,0,0,0,0,0,0,0,0,0,0,-1]
I/notification_cancel_all( 9970): [10005,10191,com.android.providers.downloads,0,0,64,9,NULL]
I/am_proc_bound( 9970): [0,10315,com.android.inputmethod.latin]
D/TelephonyRegistry( 9970): systemRunning register for intents
I/am_proc_start( 9970): [0,10385,1001,com.android.phone,service,com.android.mms.service/.MmsService]
I/am_proc_start( 9970): [0,10404,1001,com.android.server.telecom,added application,com.android.server.telecom]
I/am_proc_start( 9970): [0,10444,1027,com.android.nfc,added application,com.android.nfc]
I/am_proc_start( 9970): [0,10472,1001,com.android.phone,added application,com.android.phone]
I/am_create_task( 9970): [0,6]
I/am_create_activity( 9970): [0,727930319,6,com.android.launcher/com.android.launcher2.Launcher,android.intent.action.MAIN,NULL,NULL,268435456]
I/wm_task_created( 9970): [6,0]
I/wm_task_moved( 9970): [6,1,0]
I/am_proc_start( 9970): [0,10494,10007,com.android.launcher,activity,com.android.launcher/com.android.launcher2.Launcher]
I/am_drop_process( 9970): 10385
I/am_proc_start( 9970): [0,10545,10046,com.android.printspooler,service,com.android.printspooler/.model.PrintSpoolerService]
I/am_proc_bound( 9970): [0,10404,com.android.server.telecom]
I/am_proc_bound( 9970): [0,10472,com.android.phone]
I/am_proc_bound( 9970): [0,10444,com.android.nfc]
I/am_proc_bound( 9970): [0,10494,com.android.launcher]
I/am_restart_activity( 9970): [0,727930319,6,com.android.launcher/com.android.launcher2.Launcher]
I/am_proc_start( 9970): [0,10580,10002,android.process.acore,content provider,com.android.providers.contacts/.CallLogProvider]
I/am_proc_bound( 9970): [0,10545,com.android.printspooler]
I/am_proc_start( 9970): [0,10607,1000,com.android.settings,broadcast,com.android.settings/.widget.SettingsAppWidgetProvider]
I/am_proc_bound( 9970): [0,10580,android.process.acore]
I/am_proc_bound( 9970): [0,10607,com.android.settings]
I/backup_transport_lifecycle( 9970): [android/com.android.internal.backup.LocalTransportService,1]
I/notification_cancel( 9970): [10014,10172,com.android.systemui,100,low_battery,0,0,64,8,NULL]
I/backup_data_changed( 9970): android
I/backup_data_changed( 9970): android
D/TelephonyRegistry( 9970): notifyCellLocationForSubscriber: subId=0 cellLocation=Bundle[{}]
I/am_proc_start( 9970): [0,10667,10026,com.android.deskclock,broadcast,com.android.deskclock/com.android.alarmclock.AnalogAppWidgetProvider]
I/am_on_resume_called(10494): [0,com.android.launcher2.Launcher]
I/am_proc_bound( 9970): [0,10667,com.android.deskclock]
I/force_gc( 9970): Binder
I/am_proc_start( 9970): [0,10711,10038,com.android.music,broadcast,com.android.music/.MediaButtonIntentReceiver]
I/am_activity_launch_time( 9970): [0,727930319,com.android.launcher/com.android.launcher2.Launcher,4056,4056]
I/am_proc_bound( 9970): [0,10711,com.android.music]
D/SUB     (10172): [SubManager] [getPhoneId]- fail
D/SUB     (10172): [SubManager] [getPhoneId]- fail
I/boot_progress_enable_screen( 9970): 1923690
I/screen_toggled( 9970): 1
I/am_proc_start( 9970): [0,10748,1000,com.android.keychain,service,com.android.keychain/.KeyChainService]
I/notification_cancel( 9970): [10014,10172,com.android.systemui,100,low_battery,0,0,64,8,NULL]
I/am_proc_bound( 9970): [0,10748,com.android.keychain]
I/notification_cancel( 9970): [1000,9970,android,17039584,NULL,0,0,0,8,NULL]
I/sf_frame_dur(  175): [Android is upgrading…,396,51,10,2,0,0,0]
I/notification_expansion( 9970): [-1|android|17040621|null|1000,0,1]
I/notification_expansion( 9970): [-1|android|17040621|null|1000,0,0]
I/notification_panel_revealed( 9970): []
I/notification_visibility_changed( 9970): [-1|android|17040621|null|1000;-1|android|17040613|null|1000,]
I/am_proc_start( 9970): [0,10786,10004,com.android.dialer,broadcast,com.android.dialer/.calllog.CallLogReceiver]
I/am_proc_bound( 9970): [0,10786,com.android.dialer]
D/TDC     (10472): updateOrInsert: inserting: Modem { uuid=modem, state=0, rilModel=0, rat={}, maxActiveVoiceCall=1, maxActiveDataCall=1, maxStandby=1 }
D/TDC     (10472): updateOrInsert: inserting: Sim { uuid=sim, modemUuid=modem, state=0 }
D/TelephonyManager(10472): getLteOnCdmaMode=1 curVal=1 product_type='' lteOnCdmaProductType=''
I/PhoneFactory(10472): Cdma Subscription set to 1
I/PhoneFactory(10472): Network Mode set to 10
D/RILJ    (10472): RIL(context, preferredNetworkType=10 cdmaSubscription=1)
D/RILJ    (10472): Starting RILReceiver [SUB0]
D/RILJ    (10472): [3648]> GET_HARDWARE_CONFIG [SUB0]
I/RILC    (  184): libril: new connection to RIL_SOCKET_1
I/RILC    (  184): RIL_SOCKET_1 UNSOLICITED: UNSOL_RIL_CONNECTED length:16
E/RILC    (  184): Send Response to RIL_SOCKET_1
I/RILC    (  184): RIL_SOCKET_1 UNSOLICITED: UNSOL_RESPONSE_RADIO_STATE_CHANGED length:12
E/RILC    (  184): Send Response to RIL_SOCKET_1
I/RILC    (  184): RIL Daemon version: Qualcomm RIL 1.0
I/RILJ    (10472): Connected to 'rild' socket
D/RILJ    (10472): [UNSL]< UNSOL_RIL_CONNECTED {10} [SUB0]
D/RILJ    (10472): [3649]> RADIO_POWER off [SUB0]
D/RILC    (  184): SOCKET RIL_SOCKET_1 REQUEST: RADIO_POWER length:16
D/RILJ    (10472): [3650]> REQUEST_SET_PREFERRED_NETWORK_TYPE : 10 [SUB0]
D/RilRequest(10472): [3648]< GET_HARDWARE_CONFIG error: com.android.internal.telephony.CommandException: RADIO_NOT_AVAILABLE ret=
I/PhoneFactory(10472): Creating SubscriptionController
D/RILC    (  184): SOCKET RIL_SOCKET_1 REQUEST: SET_PREFERRED_NETWORK_TYPE length:16
D/RILJ    (10472): [3651]> RIL_REQUEST_CDMA_SET_SUBSCRIPTION_SOURCE : 1 [SUB0]
D/RILC    (  184): SOCKET RIL_SOCKET_1 REQUEST: CDMA_SET_SUBSCRIPTION_SOURCE length:16
D/RILJ    (10472): setCellInfoListRate: 2147483647 [SUB0]
D/RILJ    (10472): [3652]> RIL_REQUEST_SET_CELL_INFO_LIST_RATE [SUB0]
D/RILC    (  184): RequestComplete, RIL_SOCKET_1
E/RILC    (  184): Send Response to RIL_SOCKET_1
D/RILC    (  184): SOCKET RIL_SOCKET_1 REQUEST: SET_UNSOL_CELL_INFO_LIST_RATE length:16
D/RILC    (  184): RequestComplete, RIL_SOCKET_1
E/RILC    (  184): Send Response to RIL_SOCKET_1
D/RILJ    (10472): [UNSL]< UNSOL_RESPONSE_RADIO_STATE_CHANGED RADIO_ON [SUB0]
D/RILJ    (10472): [3653]> SCREEN_STATE: true [SUB0]
D/SubController(10472): [SubscriptionController] init by Context
D/RILC    (  184): SOCKET RIL_SOCKET_1 REQUEST: SCREEN_STATE length:16
D/RilRequest(10472): [3651]< RIL_REQUEST_CDMA_SET_SUBSCRIPTION_SOURCE error: com.android.internal.telephony.CommandException: GENERIC_FAILURE ret=
D/RILC    (  184): RequestComplete, RIL_SOCKET_1
E/RILC    (  184): Send Response to RIL_SOCKET_1
D/RILJ    (10472): [3652]< RIL_REQUEST_SET_CELL_INFO_LIST_RATE  [SUB0]
D/UiccController(10472): Creating UiccController
D/RILJ    (10472): [3653]< SCREEN_STATE  [SUB0]
I/RILQ    (  184): (0/184):RIL[0][event] qcril_qmi_nas_update_data_rte: completed, new drte 0 with confidence 4
I/RILC    (  184): RIL_SOCKET_1 UNSOLICITED: UNSOL_RESPONSE_VOICE_NETWORK_STATE_CHANGED length:8
E/RILC    (  184): Send Response to RIL_SOCKET_1
I/RILC    (  184): RIL_SOCKET_1 UNSOLICITED: UNSOL_SIGNAL_STRENGTH length:60
E/RILC    (  184): Send Response to RIL_SOCKET_1
D/RILJ    (10472): [UNSL]< UNSOL_RESPONSE_VOICE_NETWORK_STATE_CHANGED [SUB0]
E/RILQ    (  184): (0/184): RIL[0][qmi_cb] get_ecc_property_name: ecc list name : ril.ecclist.
I/RILQ    (  184): (0/184):RIL[0][event] qcril_qmi_nas_evaluate_custom_emergency_numbers_for_card: cur_status 49152, card_state 9
I/RILQ    (  184): (0/184):RIL[0][event] qcril_qmi_nas_update_ril_ecclist: updating ril.ecclist to "911,*911,#911,112,000,08,110,999,118,119,111,113,122,125,127"
D/TelephonyTester(10472): register for intent action=com.android.internal.telephony.gsm.action_detached
D/TelephonyTester(10472): register for intent action=com.android.internal.telephony.gsm.action_attached
I/notification_cancel( 9970): [10004,10786,com.android.dialer,1,DefaultVoicemailNotifier,0,0,64,8,NULL]
D/PhoneBase(10472): mDoesRilSendMultipleCallRing=false
D/PhoneBase(10472): mCallRingDelay=3000
D/RILJ    (10472): setPhoneType=1 old value=0 [SUB0]
D/SubController(10472): [getSubId]- size == 0, return dummy instead
D/TelephonyManager(10472): setTelephonyProperty property=gsm.network.type propVal=Unknown
D/DCT     (10472): [0]DCT.constructor
D/Dcc     (10472): E ctor
D/Dcc     (10472): X ctor
D/DcTesterDeacativeAll(10472): register for intent action=com.android.internal.telephony.dataconnection.action_deactivate_all
D/DcTesterDeacativeAll(10472): register for intent action=com.android.internal.telephony.gsm.action_detached
D/Dcc     (10472): DccDefaultState: msg.what=EVENT_RIL_CONNECTED mRilVersion=10
D/DcTesterFailBrinupAll(10472): register for intent action=com.android.internal.telephony.dataconnection.action_fail_bringup
D/DcTesterFailBrinupAll(10472): register for intent action=com.android.internal.telephony.gsm.action_detached
D/DcTesterFailBrinupAll(10472): register for intent action=com.android.internal.telephony.gsm.action_attached
D/DCT     (10472): [0]GsmDCT.constructor
D/SubController(10472): [getSubId]- size == 0, return dummy instead
D/DCT     (10472): [0]update sub = -1
D/DCT     (10472): [0]update(): Active DDS, register for all events now!
D/GsmSST  (10472): [GsmSST] notifyDataRegStateRilRadioTechnologyChanged: drs=1 rat=0
D/SubController(10472): [getSubId]- size == 0, return dummy instead
D/TelephonyManager(10472): setTelephonyProperty property=gsm.network.type propVal=Unknown
D/SubController(10472): [getSubId]- size == 0, return dummy instead
D/GSMPhone(10472): [GSMPhone] updateCurrentCarrierInProvider: mSubId = -1 currentDds = -1000 operatorNumeric = null
D/DCT     (10472): [0]initApnContexts: E
D/DCT     (10472): [0]initApnContexts: skipping unknown type=1
D/DCT     (10472): [0]initApnContexts: apnContext={mApnType=default mState=IDLE mWaitingApns={null} mWaitingApnsPermanentFailureCountDown=0 mApnSetting={null} mReason=dataEnabled mDataEnabled=false mDependencyMet=true}
D/DCT     (10472): [0]initApnContexts: apnContext={mApnType=mms mState=IDLE mWaitingApns={null} mWaitingApnsPermanentFailureCountDown=0 mApnSetting={null} mReason=dataEnabled mDataEnabled=false mDependencyMet=true}
D/DCT     (10472): [0]initApnContexts: apnContext={mApnType=supl mState=IDLE mWaitingApns={null} mWaitingApnsPermanentFailureCountDown=0 mApnSetting={null} mReason=dataEnabled mDataEnabled=false mDependencyMet=true}
D/DCT     (10472): [0]initApnContexts: apnContext={mApnType=dun mState=IDLE mWaitingApns={null} mWaitingApnsPermanentFailureCountDown=0 mApnSetting={null} mReason=dataEnabled mDataEnabled=false mDependencyMet=true}
D/DCT     (10472): [0]initApnContexts: apnContext={mApnType=hipri mState=IDLE mWaitingApns={null} mWaitingApnsPermanentFailureCountDown=0 mApnSetting={null} mReason=dataEnabled mDataEnabled=false mDependencyMet=true}
D/DCT     (10472): [0]initApnContexts: apnContext={mApnType=fota mState=IDLE mWaitingApns={null} mWaitingApnsPermanentFailureCountDown=0 mApnSetting={null} mReason=dataEnabled mDataEnabled=false mDependencyMet=true}
D/DCT     (10472): [0]initApnContexts: apnContext={mApnType=ims mState=IDLE mWaitingApns={null} mWaitingApnsPermanentFailureCountDown=0 mApnSetting={null} mReason=dataEnabled mDataEnabled=false mDependencyMet=true}
D/DCT     (10472): [0]initApnContexts: apnContext={mApnType=cbs mState=IDLE mWaitingApns={null} mWaitingApnsPermanentFailureCountDown=0 mApnSetting={null} mReason=dataEnabled mDataEnabled=false mDependencyMet=true}
D/DCT     (10472): [0]initApnContexts: apnContext={mApnType=ia mState=IDLE mWaitingApns={null} mWaitingApnsPermanentFailureCountDown=0 mApnSetting={null} mReason=dataEnabled mDataEnabled=false mDependencyMet=true}
D/DCT     (10472): [0]initApnContexts: skipping unknown type=7
D/DCT     (10472): [0]initApnContexts: skipping unknown type=9
D/DCT     (10472): [0]initApnContexts: X mApnContexts={default={mApnType=default mState=IDLE mWaitingApns={null} mWaitingApnsPermanentFailureCountDown=0 mApnSetting={null} mReason=dataEnabled mDataEnabled=false mDependencyMet=true}, mms={mApnType=mms mState=IDLE mWaitingApns={null} mWaitingApnsPermanentFailureCountDown=0 mApnSetting={null} mReason=dataEnabled mDataEnabled=false mDependencyMet=true}, cbs={mApnType=cbs mState=IDLE mWaitingApns={null} mWaitingApnsPermanentFailureCountDown=0 mApnSetting={null} mReason=dataEnabled mDataEnabled=false mDependencyMet=true}, fota={mApnType=fota mState=IDLE mWaitingApns={null} mWaitingApnsPermanentFailureCountDown=0 mApnSetting={null} mReason=dataEnabled mDataEnabled=false mDependencyMet=true}, supl={mApnType=supl mState=IDLE mWaitingApns={null} mWaitingApnsPermanentFailureCountDown=0 mApnSetting={null} mReason=dataEnabled mDataEnabled=false mDependencyMet=true}, ia={mApnType=ia mState=IDLE mWaitingApns={null} mWaitingApnsPermanentFailureCountDown=0 mApnSetting={null} mReason=dataEnabled mDataEnabled=false mDependencyMet=true}, dun={mApnType=dun mState=IDLE mWaitingApns={null} mWaitingApnsPermanentFailureCountDown=0 mApnSetting={null} mReason=dataEnabled mDataEnabled=false mDependencyMet=true}, hipri={mApnType=hipri mState=IDLE mWaitingApns={null} mWaitingApnsPermanentFailureCountDown=0 mApnSetting={null} mReason=dataEnabled mDataEnabled=false mDependencyMet=true}, ims={mApnType=ims mState=IDLE mWaitingApns={null} mWaitingApnsPermanentFailureCountDown=0 mApnSetting={null} mReason=dataEnabled mDataEnabled=false mDependencyMet=true}}
D/SubController(10472): [getSubId]- size == 0, return dummy instead
D/TelephonyManager(10472): setTelephonyProperty property=gsm.current.phone-type propVal=1
D/GSMPhone(10472): [GSMPhone] GSMPhone: constructor: sub = 0
D/SubController(10472): [getSubId]- size == 0, return dummy instead
D/TelephonyManager(10472): setTelephonyProperty property=gsm.current.phone-type propVal=1
I/PhoneFactory(10472): Creating Phone with type = 1 sub = 0
E/RIL_ImsSms(10472): getFormat should never be called from here!
D/SMSDispatcher(10472): SMSDispatcher: ctor mSmsCapable=true format=unknown mSmsSendDisabled=false
D/RIL_ImsSms(10472): ImsSMSDispatcher created
D/SMSDispatcher(10472): SMSDispatcher: ctor mSmsCapable=true format=3gpp2 mSmsSendDisabled=false
D/CdmaSMSDispatcher(10472): CdmaSMSDispatcher created
I/RILQ    (  184): (0/184):RIL[0][qmi_cb] qcril_qmi_nas_dms_op_state_update_handler: reported op mode LPM
I/RILQ    (  184): (0/184):RIL[0][qmi_cb] qcril_qmi_nas_dms_op_state_update_handler: expected op mode LPM
I/RILQ    (  184): (0/184):RIL[0][qmi_cb] qcril_qmi_nas_reset_data_snapshot_cache_and_timer: Resetting snapshot timer
I/RILQ    (  184): (0/184):RIL[0][qmi_cb] qcril_qmi_nas_update_data_rte: completed, new drte 0 with confidence 4
I/RILC    (  184): RIL_SOCKET_1 UNSOLICITED: UNSOL_RESPONSE_VOICE_NETWORK_STATE_CHANGED length:8
E/RILC    (  184): Send Response to RIL_SOCKET_1
D/RILC    (  184): RequestComplete, RIL_SOCKET_1
E/RILC    (  184): Send Response to RIL_SOCKET_1
I/RILC    (  184): RIL_SOCKET_1 UNSOLICITED: UNSOL_RESPONSE_RADIO_STATE_CHANGED length:12
E/RILC    (  184): Send Response to RIL_SOCKET_1
I/RILQ    (  184): (0/184):RIL[0][qmi_cb] qcril_qmi_nas_update_data_rte: completed, new drte 0 with confidence 4
D/RILJ    (10472): [UNSL]< UNSOL_RESPONSE_VOICE_NETWORK_STATE_CHANGED [SUB0]
D/RILJ    (10472): [3649]< RADIO_POWER  [SUB0]
D/RILJ    (10472): [UNSL]< UNSOL_RESPONSE_RADIO_STATE_CHANGED RADIO_OFF [SUB0]
I/RILQ    (  184): (0/184):RIL[0][qmi_cb] qcril_qmi_nas_update_data_rte: completed, new drte 0 with confidence 4
E/RILQ    (  184): (0/184): RIL[0][qmi_cb] qcril_qmi_nas_report_restricted_details: .. reporting 0
I/RILC    (  184): RIL_SOCKET_1 UNSOLICITED: UNSOL_RESTRICTED_STATE_CHANGED length:16
E/RILC    (  184): Send Response to RIL_SOCKET_1
D/RILC    (  184): RequestComplete, RIL_SOCKET_1
E/RILC    (  184): Send Response to RIL_SOCKET_1
V/RILJ    (10472): [UNSL]< UNSOL_RESTRICTED_STATE_CHANGED {0} [SUB0]
D/RILJ    (10472): [3650]< REQUEST_SET_PREFERRED_NETWORK_TYPE  [SUB0]
I/RILC    (  184): RIL_SOCKET_1 UNSOLICITED: UNSOL_RESPONSE_VOICE_NETWORK_STATE_CHANGED length:8
E/RILC    (  184): Send Response to RIL_SOCKET_1
D/RILJ    (10472): [UNSL]< UNSOL_RESPONSE_VOICE_NETWORK_STATE_CHANGED [SUB0]
I/am_proc_start( 9970): [0,10830,10052,com.android.smspush,service,com.android.smspush/.WapPushManager]
V/WAP PUSH(10472): bindService() for wappush manager succeeded
D/GsmInboundSmsHandler(10472): created InboundSmsHandler
V/WAP PUSH(10472): bindService() for wappush manager succeeded
D/CdmaInboundSmsHandler(10472): created InboundSmsHandler
I/force_gc( 9970): Binder
D/SMSDispatcher(10472): SMSDispatcher: ctor mSmsCapable=true format=3gpp mSmsSendDisabled=false
D/GsmSMSDispatcher(10472): GsmSMSDispatcher created
D/IccCardProxy(10472): Creating
E/IccCardProxy(10472): setExternalState: Card Index is not set; Return!!
D/IccCardProxy(10472): update icc_operator_numeric=
D/SubController(10472): [getSubId]- size == 0, return dummy instead
D/TelephonyManager(10472): setTelephonyProperty property=gsm.sim.operator.numeric propVal=
D/SubController(10472): [getSubId]- size == 0, return dummy instead
D/TelephonyManager(10472): setTelephonyProperty property=gsm.sim.operator.iso-country propVal=
D/SubController(10472): [getSubId]- size == 0, return dummy instead
D/SmsBroadcastUndelivered(10472): scanning raw table for undelivered messages
D/TelephonyManager(10472): setTelephonyProperty property=gsm.sim.operator.alpha propVal=
D/SubController(10472): [getSubId]- size == 0, return dummy instead
D/TelephonyManager(10472): setTelephonyProperty property=gsm.sim.state propVal=NOT_READY
D/SubController(10472): [getSubId]- size == 0, return dummy instead
D/IccCardProxy(10472): Broadcasting intent ACTION_SIM_STATE_CHANGED NOT_READY reason null for mCardIndex : 0
D/IccCardProxy(10472): Setting radio tech UMTS
D/TelephonyManager(10472): getLteOnCdmaMode=1 curVal=1 product_type='' lteOnCdmaProductType=''
D/IccCardProxy(10472): updateQuietMode: 3GPP subscription -> newQuietMode=false
D/IccCardProxy(10472): updateQuietMode: QuietMode is false (app_type=1 isLteOnCdmaMode=true cdmaSource=-1)
D/ProxyController(10472): Constructor - Enter
D/TelephonyManager( 9970): getSimOperator(): default subId=-1000
D/SUB     ( 9970): [SubManager] [getPhoneId]- fail
D/TelephonyManager( 9970): getSimOperator: subId=-1000 operator=
D/ProxyController(10472): Constructor - Exit
D/SUB     (10472): [SubManager] [getPhoneId]- fail
D/SUB     (10472): [SubManager] [getPhoneId]- fail
D/SmsBroadcastUndelivered(10472): finished scanning raw table in 30 ms
D/GsmInboundSmsHandler(10472): StartupState.processMessage:6
D/CdmaInboundSmsHandler(10472): StartupState.processMessage:6
D/CdmaInboundSmsHandler(10472): entering Idle state
D/GsmInboundSmsHandler(10472): entering Idle state
I/PhoneFactory(10472): defaultSmsApplication: com.android.mms
I/PhoneFactory(10472): Creating SubInfoRecordUpdater 
D/SUB     (10472): [SubInfoRecordUpdater]Constructor invoked
D/CallManager(10472): registerPhone(GSM Handler (com.android.internal.telephony.PhoneProxy) {1a69725})
I/am_proc_bound( 9970): [0,10830,com.android.smspush]
D/SubController(10472): [getPhoneId] asked for default subId=-1000
D/SubController(10472): [getPhoneId]- invalid subId return=-1000
D/RILJ    (10472): [3654]> RIL_REQUEST_SET_TTY_MODE : 0 [SUB0]
D/RILC    (  184): SOCKET RIL_SOCKET_1 REQUEST: SET_TTY_MODE length:16
D/RILC    (  184): RequestComplete, RIL_SOCKET_1
E/RILC    (  184): Send Response to RIL_SOCKET_1
D/RILJ    (10472): [3654]< RIL_REQUEST_SET_TTY_MODE  [SUB0]
D/SubController(10472): [getPhoneId] asked for default subId=-1000
D/SubController(10472): [getPhoneId]- invalid subId return=-1000
D/SubController(10472): [getPhoneId] asked for default subId=-1000
D/SubController(10472): [getPhoneId]- invalid subId return=-1000
I/am_proc_start( 9970): [0,10858,10001,com.android.providers.calendar,broadcast,com.android.providers.calendar/.CalendarReceiver]
D/UiccController(10472): Received EVENT_ICC_STATUS_CHANGED, calling getIccCardStatus
D/RILJ    (10472): [3655]> GET_SIM_STATUS [SUB0]
D/RILC    (  184): SOCKET RIL_SOCKET_1 REQUEST: GET_SIM_STATUS length:8
D/RILC    (  184): RequestComplete, RIL_SOCKET_1
E/RILC    (  184): Send Response to RIL_SOCKET_1
D/RILJ    (10472): [3656]> GET_CURRENT_CALLS [SUB0]
D/RILJ    (10472): [3655]< GET_SIM_STATUS IccCardState {CARDSTATE_ABSENT,PINSTATE_UNKNOWN,num_apps=0,gsm_id=-1,cdma_id=-1,ims_id=-1} [SUB0]
D/RILC    (  184): SOCKET RIL_SOCKET_1 REQUEST: GET_CURRENT_CALLS length:8
I/RILQ    (  184): (0/184):RIL[0][main] qcril_qmi_get_call_list_to_send: RILVI: calls rep: reported/skipped 0/0 calls
D/RILC    (  184): RequestComplete, RIL_SOCKET_1
E/RILC    (  184): Send Response to RIL_SOCKET_1
D/RILJ    (10472): [3656]< GET_CURRENT_CALLS   [SUB0]
D/GsmSST  (10472): [GsmSST] mDeviceShuttingDown = false
D/GsmSST  (10472): [GsmSST] mDesiredPowerState = true
D/GsmSST  (10472): [GsmSST] getRadioState = RADIO_OFF
D/GsmSST  (10472): [GsmSST] mPowerOffDelayNeed = true
D/GsmSST  (10472): [GsmSST] mAlarmSwitch = false
D/RILJ    (10472): [3657]> RADIO_POWER on [SUB0]
D/RILC    (  184): SOCKET RIL_SOCKET_1 REQUEST: RADIO_POWER length:16
D/PHONE   (10472): [ServiceState] setNullState=3
D/GsmSST  (10472): [GsmSST] Poll ServiceState done:  oldSS=[1 1 home null null null  Unknown Unknown CSS not supported 0 0 RoamInd=0 DefRoamInd=0 EmergOnly=false] newSS=[3 3 home null null null  Unknown Unknown CSS not supported -1 -1 RoamInd=-1 DefRoamInd=-1 EmergOnly=false] oldMaxDataCalls=1 mNewMaxDataCalls=1 oldReasonDataDenied=-1 mNewReasonDataDenied=-1
I/gsm_service_state_change(10472): [1,1,3,3]
D/PHONE   (10472): [ServiceState] setNullState=1
D/GsmSST  (10472): [GsmSST] updateSpnDisplay: radio is off w/ showPlmn=false plmn=null
D/GsmSST  (10472): [GsmSST] updateSpnDisplay: changed sending intent rule=0 showPlmn='false' plmn='null' showSpn='false' spn=''
D/SubController(10472): [getSubId]- size == 0, return dummy instead
D/SubController(10472): [getSubId]- size == 0, return dummy instead
D/TelephonyManager(10472): setTelephonyProperty property=gsm.operator.alpha propVal=
D/SubController(10472): [getSubId]- size == 0, return dummy instead
D/TelephonyManager(10472): setTelephonyProperty property=gsm.operator.numeric propVal=
D/GsmSST  (10472): [GsmSST] operatorNumeric is null
D/SubController(10472): [getSubId]- size == 0, return dummy instead
D/TelephonyManager(10472): setTelephonyProperty property=gsm.operator.iso-country propVal=
D/SubController(10472): [getSubId]- size == 0, return dummy instead
D/TelephonyManager(10472): setTelephonyProperty property=gsm.operator.isroaming propVal=false
I/RILQ    (  184): (0/184):RIL[0][qmi_cb] qcril_qmi_nas_dms_op_state_update_handler: reported op mode ONLINE
I/RILQ    (  184): (0/184):RIL[0][qmi_cb] qcril_qmi_nas_dms_op_state_update_handler: expected op mode ONLINE
D/SubController(10472): [getSubId]- size == 0, return dummy instead
D/RILC    (  184): RequestComplete, RIL_SOCKET_1
E/RILC    (  184): Send Response to RIL_SOCKET_1
I/RILC    (  184): RIL_SOCKET_1 UNSOLICITED: UNSOL_RESPONSE_RADIO_STATE_CHANGED length:12
E/RILC    (  184): Send Response to RIL_SOCKET_1
D/DefaultPhoneNotifier(10472): nofityServiceState: mRegistry=com.android.internal.telephony.ITelephonyRegistry$Stub$Proxy@73185dd ss=3 3 home null null null  Unknown Unknown CSS not supported -1 -1 RoamInd=-1 DefRoamInd=-1 EmergOnly=false sender=Handler (com.android.internal.telephony.gsm.GSMPhone) {199d0fa} phondId=0 subId=-1
D/RILJ    (10472): [3657]< RADIO_POWER  [SUB0]
D/SubController(10472): [getSubId]- size == 0, return dummy instead
D/RILJ    (10472): [UNSL]< UNSOL_RESPONSE_RADIO_STATE_CHANGED RADIO_ON [SUB0]
I/RILQ    (  184): (0/184):RIL[0][event] qcril_qmi_nas_update_data_rte: completed, new drte 0 with confidence 4
D/GsmSST  (10472): [GsmSST] notifyDataRegStateRilRadioTechnologyChanged: drs=3 rat=0
D/SubController(10472): [getSubId]- size == 0, return dummy instead
I/RILC    (  184): RIL_SOCKET_1 UNSOLICITED: UNSOL_RESPONSE_VOICE_NETWORK_STATE_CHANGED length:8
E/RILC    (  184): Send Response to RIL_SOCKET_1
D/TelephonyManager(10472): setTelephonyProperty property=gsm.network.type propVal=Unknown
D/RILJ    (10472): [UNSL]< UNSOL_RESPONSE_VOICE_NETWORK_STATE_CHANGED [SUB0]
D/DCT     (10472): [0]get all active apn types
D/DCT     (10472): [0]handleMessage msg={ when=-562ms what=270369 obj=android.os.AsyncResult@ccd8552 target=com.android.internal.telephony.dataconnection.DcTracker }
D/DCT     (10472): [0]handleMessage msg={ when=-543ms what=270337 obj=android.os.AsyncResult@18cf023 target=com.android.internal.telephony.dataconnection.DcTracker }
D/DCT     (10472): [0]onRadioAvailable
D/DCT     (10472): [0]overall state is IDLE
D/DCT     (10472): [0]handleMessage msg={ when=-543ms what=270345 obj=android.os.AsyncResult@383f1920 target=com.android.internal.telephony.dataconnection.DcTracker }
D/DCT     (10472): [0]onDataConnectionDetached: stop polling and notify detached
D/DCT     (10472): [0]stopNetStatPoll
D/DCT     (10472): [0]stopDataStallAlarm: current tag=1926800 mDataStallAlarmIntent=null
D/DCT     (10472): [0]notifyDataConnection: reason=dataDetached
D/SubController(10472): [getSubId]- size == 0, return dummy instead
D/DCT     (10472): [0]isDataAllowed: not allowed due to - Attached= false - SIM not loaded
D/DCT     (10472): [ApnContext:default] getApnSetting: apnSetting=null
D/SubController(10472): [getSubId]- size == 0, return dummy instead
I/RILC    (  184): RIL_SOCKET_1 UNSOLICITED: UNSOL_SIGNAL_STRENGTH length:60
E/RILC    (  184): Send Response to RIL_SOCKET_1
E/RILQ    (  184): (0/184): RIL[0][qmi_cb] get_ecc_property_name: ecc list name : ril.ecclist.
D/DCT     (10472): [0]isDataAllowed: not allowed due to - Attached= false - SIM not loaded
D/DCT     (10472): [ApnContext:mms] getApnSetting: apnSetting=null
I/RILQ    (  184): (0/184):RIL[0][event] qcril_qmi_nas_evaluate_custom_emergency_numbers_for_card: cur_status 49152, card_state 9
I/RILQ    (  184): (0/184):RIL[0][event] qcril_qmi_nas_update_ril_ecclist: updating ril.ecclist to "911,*911,#911,112,000,08,110,999,118,119,111,113,122,125,127"
D/SubController(10472): [getSubId]- size == 0, return dummy instead
D/DCT     (10472): [0]isDataAllowed: not allowed due to - Attached= false - SIM not loaded
D/DCT     (10472): [ApnContext:cbs] getApnSetting: apnSetting=null
D/SubController(10472): [getSubId]- size == 0, return dummy instead
D/DCT     (10472): [0]isDataAllowed: not allowed due to - Attached= false - SIM not loaded
D/DCT     (10472): [ApnContext:fota] getApnSetting: apnSetting=null
D/SubController(10472): [getSubId]- size == 0, return dummy instead
D/DCT     (10472): [0]isDataAllowed: not allowed due to - Attached= false - SIM not loaded
D/DCT     (10472): [ApnContext:supl] getApnSetting: apnSetting=null
D/SubController(10472): [getSubId]- size == 0, return dummy instead
D/DCT     (10472): [0]isDataAllowed: not allowed due to - Attached= false - SIM not loaded
D/DCT     (10472): [ApnContext:ia] getApnSetting: apnSetting=null
D/SubController(10472): [getSubId]- size == 0, return dummy instead
D/DCT     (10472): [0]isDataAllowed: not allowed due to - Attached= false - SIM not loaded
D/DCT     (10472): [ApnContext:dun] getApnSetting: apnSetting=null
D/SubController(10472): [getSubId]- size == 0, return dummy instead
D/DCT     (10472): [0]isDataAllowed: not allowed due to - Attached= false - SIM not loaded
D/DCT     (10472): [ApnContext:hipri] getApnSetting: apnSetting=null
D/SubController(10472): [getSubId]- size == 0, return dummy instead
D/DCT     (10472): [0]isDataAllowed: not allowed due to - Attached= false - SIM not loaded
D/DCT     (10472): [ApnContext:ims] getApnSetting: apnSetting=null
D/DCT     (10472): [0]handleMessage msg={ when=-591ms what=270348 obj=android.os.AsyncResult@3b45a2d9 target=com.android.internal.telephony.dataconnection.DcTracker }
D/DCT     (10472): [0]onRoamingOff
D/DCT     (10472): [0]notifyDataConnection: reason=roamingOff
D/SubController(10472): [getSubId]- size == 0, return dummy instead
D/DCT     (10472): [0]isDataAllowed: not allowed due to - Attached= false - SIM not loaded
D/DCT     (10472): [ApnContext:default] getApnSetting: apnSetting=null
D/SubController(10472): [getSubId]- size == 0, return dummy instead
D/DCT     (10472): [0]isDataAllowed: not allowed due to - Attached= false - SIM not loaded
D/DCT     (10472): [ApnContext:mms] getApnSetting: apnSetting=null
D/SubController(10472): [getSubId]- size == 0, return dummy instead
D/DCT     (10472): [0]isDataAllowed: not allowed due to - Attached= false - SIM not loaded
D/DCT     (10472): [ApnContext:cbs] getApnSetting: apnSetting=null
D/SubController(10472): [getSubId]- size == 0, return dummy instead
D/DCT     (10472): [0]isDataAllowed: not allowed due to - Attached= false - SIM not loaded
D/DCT     (10472): [ApnContext:fota] getApnSetting: apnSetting=null
D/SubController(10472): [getSubId]- size == 0, return dummy instead
D/DCT     (10472): [0]isDataAllowed: not allowed due to - Attached= false - SIM not loaded
D/DCT     (10472): [ApnContext:supl] getApnSetting: apnSetting=null
I/am_proc_bound( 9970): [0,10858,com.android.providers.calendar]
D/SubController(10472): [getSubId]- size == 0, return dummy instead
D/DCT     (10472): [0]isDataAllowed: not allowed due to - Attached= false - SIM not loaded
D/DCT     (10472): [ApnContext:ia] getApnSetting: apnSetting=null
D/SubController(10472): [getSubId]- size == 0, return dummy instead
D/DCT     (10472): [0]isDataAllowed: not allowed due to - Attached= false - SIM not loaded
D/DCT     (10472): [ApnContext:dun] getApnSetting: apnSetting=null
D/SubController(10472): [getSubId]- size == 0, return dummy instead
D/DCT     (10472): [0]isDataAllowed: not allowed due to - Attached= false - SIM not loaded
D/DCT     (10472): [ApnContext:hipri] getApnSetting: apnSetting=null
D/SubController(10472): [getSubId]- size == 0, return dummy instead
D/DCT     (10472): [0]isDataAllowed: not allowed due to - Attached= false - SIM not loaded
D/DCT     (10472): [ApnContext:ims] getApnSetting: apnSetting=null
D/DCT     (10472): [0]handleMessage msg={ when=-640ms what=270377 obj=android.os.AsyncResult@11aa49e target=com.android.internal.telephony.dataconnection.DcTracker }
D/DCT     (10472): [0]setupDataOnConnectableApns: nwTypeChanged
D/DCT     (10472): [0]setupDataOnConnectableApns: apnContext {mApnType=hipri mState=IDLE mWaitingApns={null} mWaitingApnsPermanentFailureCountDown=0 mApnSetting={null} mReason=dataEnabled mDataEnabled=false mDependencyMet=true}
D/DCT     (10472): [0]setupDataOnConnectableApns: apnContext {mApnType=mms mState=IDLE mWaitingApns={null} mWaitingApnsPermanentFailureCountDown=0 mApnSetting={null} mReason=dataEnabled mDataEnabled=false mDependencyMet=true}
D/DCT     (10472): [0]setupDataOnConnectableApns: apnContext {mApnType=supl mState=IDLE mWaitingApns={null} mWaitingApnsPermanentFailureCountDown=0 mApnSetting={null} mReason=dataEnabled mDataEnabled=false mDependencyMet=true}
D/DCT     (10472): [0]setupDataOnConnectableApns: apnContext {mApnType=cbs mState=IDLE mWaitingApns={null} mWaitingApnsPermanentFailureCountDown=0 mApnSetting={null} mReason=dataEnabled mDataEnabled=false mDependencyMet=true}
D/DCT     (10472): [0]setupDataOnConnectableApns: apnContext {mApnType=dun mState=IDLE mWaitingApns={null} mWaitingApnsPermanentFailureCountDown=0 mApnSetting={null} mReason=dataEnabled mDataEnabled=false mDependencyMet=true}
D/DCT     (10472): [0]setupDataOnConnectableApns: apnContext {mApnType=fota mState=IDLE mWaitingApns={null} mWaitingApnsPermanentFailureCountDown=0 mApnSetting={null} mReason=dataEnabled mDataEnabled=false mDependencyMet=true}
D/DCT     (10472): [0]setupDataOnConnectableApns: apnContext {mApnType=ims mState=IDLE mWaitingApns={null} mWaitingApnsPermanentFailureCountDown=0 mApnSetting={null} mReason=dataEnabled mDataEnabled=false mDependencyMet=true}
D/DCT     (10472): [0]setupDataOnConnectableApns: apnContext {mApnType=default mState=IDLE mWaitingApns={null} mWaitingApnsPermanentFailureCountDown=0 mApnSetting={null} mReason=dataEnabled mDataEnabled=false mDependencyMet=true}
D/DCT     (10472): [0]setupDataOnConnectableApns: apnContext {mApnType=ia mState=IDLE mWaitingApns={null} mWaitingApnsPermanentFailureCountDown=0 mApnSetting={null} mReason=dataEnabled mDataEnabled=false mDependencyMet=true}
D/DCT     (10472): [0]setEnabled(0, true) with old state = true and enabledCount = 1
D/RILJ    (10472): [3658]> BASEBAND_VERSION [SUB0]
D/RILC    (  184): SOCKET RIL_SOCKET_1 REQUEST: BASEBAND_VERSION length:8
D/RILJ    (10472): [3659]> GET_IMEI [SUB0]
D/RILC    (  184): RequestComplete, RIL_SOCKET_1
E/RILC    (  184): Send Response to RIL_SOCKET_1
D/RILC    (  184): SOCKET RIL_SOCKET_1 REQUEST: GET_IMEI length:8
D/RILJ    (10472): [3658]< BASEBAND_VERSION M8974A-2.0.50.2.21 [SUB0]
D/RILJ    (10472): [3660]> GET_IMEISV [SUB0]
D/RILC    (  184): RequestComplete, RIL_SOCKET_1
E/RILC    (  184): Send Response to RIL_SOCKET_1
D/RILJ    (10472): [3659]< GET_IMEI  [SUB0]
D/RILC    (  184): SOCKET RIL_SOCKET_1 REQUEST: GET_IMEISV length:8
D/RILJ    (10472): [3661]> RIL_REQUEST_VOICE_RADIO_TECH [SUB0]
D/RILC    (  184): RequestComplete, RIL_SOCKET_1
E/RILC    (  184): Send Response to RIL_SOCKET_1
D/RILC    (  184): SOCKET RIL_SOCKET_1 REQUEST: VOICE_RADIO_TECH length:8
D/RILJ    (10472): [3660]< GET_IMEISV  [SUB0]
D/RILC    (  184): RequestComplete, RIL_SOCKET_1
E/RILC    (  184): Send Response to RIL_SOCKET_1
D/RILJ    (10472): [3662]> OPERATOR [SUB0]
D/RILJ    (10472): [3661]< RIL_REQUEST_VOICE_RADIO_TECH {3} [SUB0]
D/RILC    (  184): SOCKET RIL_SOCKET_1 REQUEST: OPERATOR length:8
D/RILJ    (10472): [3663]> DATA_REGISTRATION_STATE [SUB0]
D/RILC    (  184): RequestComplete, RIL_SOCKET_1
E/RILC    (  184): Send Response to RIL_SOCKET_1
D/RILJ    (10472): [3662]< OPERATOR {null, null, null} [SUB0]
D/RILC    (  184): SOCKET RIL_SOCKET_1 REQUEST: DATA_REGISTRATION_STATE length:8
D/RILJ    (10472): [3664]> VOICE_REGISTRATION_STATE [SUB0]
D/RILC    (  184): SOCKET RIL_SOCKET_1 REQUEST: VOICE_REGISTRATION_STATE length:8
D/RILJ    (10472): [3665]> QUERY_NETWORK_SELECTION_MODE [SUB0]
D/RILC    (  184): RequestComplete, RIL_SOCKET_1
E/RILC    (  184): Send Response to RIL_SOCKET_1
D/RILC    (  184): SOCKET RIL_SOCKET_1 REQUEST: QUERY_NETWORK_SELECTION_MODE length:8
D/GsmSST  (10472): [GsmSST] mDeviceShuttingDown = false
D/GsmSST  (10472): [GsmSST] mDesiredPowerState = true
D/GsmSST  (10472): [GsmSST] getRadioState = RADIO_ON
D/GsmSST  (10472): [GsmSST] mPowerOffDelayNeed = true
D/GsmSST  (10472): [GsmSST] mAlarmSwitch = false
D/RILJ    (10472): [3666]> OPERATOR [SUB0]
I/RILQ    (  184): (0/184):RIL[0][cmd-20(48)] qcril_qmi_nas_update_data_rte: completed, new drte 0 with confidence 4
D/RILC    (  184): RequestComplete, RIL_SOCKET_1
E/RILC    (  184): Send Response to RIL_SOCKET_1
D/RILC    (  184): RequestComplete, RIL_SOCKET_1
E/RILC    (  184): Send Response to RIL_SOCKET_1
D/RILJ    (10472): [3663]< DATA_REGISTRATION_STATE {2, null, null, null, 0, 20, null, null, null, null, null} [SUB0]
D/RILJ    (10472): [3667]> DATA_REGISTRATION_STATE [SUB0]
E/RILQ    (  184): (0/184): RIL[0][main] qcril_qmi_nas_report_restricted_details: .. reporting 0
I/RILC    (  184): RIL_SOCKET_1 UNSOLICITED: UNSOL_RESTRICTED_STATE_CHANGED length:16
E/RILC    (  184): Send Response to RIL_SOCKET_1
D/RILC    (  184): SOCKET RIL_SOCKET_1 REQUEST: OPERATOR length:8
D/RILC    (  184): RequestComplete, RIL_SOCKET_1
E/RILC    (  184): Send Response to RIL_SOCKET_1
D/RILJ    (10472): [3664]< VOICE_REGISTRATION_STATE {2, null, null, 0, null, null, null, 0, null, null, null, null, null, 0, null} [SUB0]
D/RILJ    (10472): [3665]< QUERY_NETWORK_SELECTION_MODE {0} [SUB0]
V/RILJ    (10472): [UNSL]< UNSOL_RESTRICTED_STATE_CHANGED {0} [SUB0]
D/RILJ    (10472): [3666]< OPERATOR {null, null, null} [SUB0]
D/RILC    (  184): SOCKET RIL_SOCKET_1 REQUEST: DATA_REGISTRATION_STATE length:8
D/RILJ    (10472): [3668]> VOICE_REGISTRATION_STATE [SUB0]
D/RILC    (  184): RequestComplete, RIL_SOCKET_1
D/RILC    (  184): SOCKET RIL_SOCKET_1 REQUEST: VOICE_REGISTRATION_STATE length:8
E/RILC    (  184): Send Response to RIL_SOCKET_1
D/RILJ    (10472): [3669]> QUERY_NETWORK_SELECTION_MODE [SUB0]
D/RILJ    (10472): [3667]< DATA_REGISTRATION_STATE {2, null, null, null, 0, 20, null, null, null, null, null} [SUB0]
I/RILQ    (  184): (0/184):RIL[0][cmd-20(608)] qcril_qmi_nas_update_data_rte: completed, new drte 0 with confidence 4
D/RILC    (  184): SOCKET RIL_SOCKET_1 REQUEST: QUERY_NETWORK_SELECTION_MODE length:8
D/RILC    (  184): RequestComplete, RIL_SOCKET_1
E/RILC    (  184): Send Response to RIL_SOCKET_1
D/RILC    (  184): RequestComplete, RIL_SOCKET_1
E/RILC    (  184): Send Response to RIL_SOCKET_1
D/DCT     (10472): [0]handleMessage msg={ when=-495ms what=270342 obj=android.os.AsyncResult@6b46b7f target=com.android.internal.telephony.dataconnection.DcTracker }
D/DCT     (10472): [0]onRadioOffOrNotAvailable: is off and clean up all connections
D/RILJ    (10472): [3668]< VOICE_REGISTRATION_STATE {2, null, null, 0, null, null, null, 0, null, null, null, null, null, 0, null} [SUB0]
D/DCT     (10472): [0]cleanUpAllConnections: tearDown=false reason=radioTurnedOff
D/RILJ    (10472): [3669]< QUERY_NETWORK_SELECTION_MODE {0} [SUB0]
D/DCT     (10472): [0]cleanUpConnection: E tearDown=false reason=radioTurnedOff apnContext={mApnType=default mState=IDLE mWaitingApns={null} mWaitingApnsPermanentFailureCountDown=0 mApnSetting={null} mReason=radioTurnedOff mDataEnabled=false mDependencyMet=true}
D/SubController(10472): [getSubId]- size == 0, return dummy instead
D/DCT     (10472): [0]isDataAllowed: not allowed due to - Attached= false - SIM not loaded
D/DCT     (10472): [ApnContext:default] getApnSetting: apnSetting=null
D/DCT     (10472): [0]cleanUpConnection: X tearDown=false reason=radioTurnedOff apnContext={mApnType=default mState=IDLE mWaitingApns={null} mWaitingApnsPermanentFailureCountDown=0 mApnSetting={null} mReason=radioTurnedOff mDataEnabled=false mDependencyMet=true} dcac=null
D/DCT     (10472): [0]cleanUpConnection: E tearDown=false reason=radioTurnedOff apnContext={mApnType=mms mState=IDLE mWaitingApns={null} mWaitingApnsPermanentFailureCountDown=0 mApnSetting={null} mReason=radioTurnedOff mDataEnabled=false mDependencyMet=true}
D/SubController(10472): [getSubId]- size == 0, return dummy instead
D/DCT     (10472): [0]isDataAllowed: not allowed due to - Attached= false - SIM not loaded
D/DCT     (10472): [ApnContext:mms] getApnSetting: apnSetting=null
D/DCT     (10472): [0]cleanUpConnection: X tearDown=false reason=radioTurnedOff apnContext={mApnType=mms mState=IDLE mWaitingApns={null} mWaitingApnsPermanentFailureCountDown=0 mApnSetting={null} mReason=radioTurnedOff mDataEnabled=false mDependencyMet=true} dcac=null
D/DCT     (10472): [0]cleanUpConnection: E tearDown=false reason=radioTurnedOff apnContext={mApnType=cbs mState=IDLE mWaitingApns={null} mWaitingApnsPermanentFailureCountDown=0 mApnSetting={null} mReason=radioTurnedOff mDataEnabled=false mDependencyMet=true}
D/SubController(10472): [getSubId]- size == 0, return dummy instead
D/DCT     (10472): [0]isDataAllowed: not allowed due to - Attached= false - SIM not loaded
D/DCT     (10472): [ApnContext:cbs] getApnSetting: apnSetting=null
D/DCT     (10472): [0]cleanUpConnection: X tearDown=false reason=radioTurnedOff apnContext={mApnType=cbs mState=IDLE mWaitingApns={null} mWaitingApnsPermanentFailureCountDown=0 mApnSetting={null} mReason=radioTurnedOff mDataEnabled=false mDependencyMet=true} dcac=null
D/DCT     (10472): [0]cleanUpConnection: E tearDown=false reason=radioTurnedOff apnContext={mApnType=fota mState=IDLE mWaitingApns={null} mWaitingApnsPermanentFailureCountDown=0 mApnSetting={null} mReason=radioTurnedOff mDataEnabled=false mDependencyMet=true}
D/SubController(10472): [getSubId]- size == 0, return dummy instead
