I/am_proc_bound(16607): [0,17345,com.android.providers.calendar]
D/DCT     (16995): [0]isDataAllowed: not allowed due to - Attached= false - SIM not loaded
D/DCT     (16995): [ApnContext:default] getApnSetting: apnSetting=null
D/SubController(16995): [getSubId]- size == 0, return dummy instead
D/DCT     (16995): [0]isDataAllowed: not allowed due to - Attached= false - SIM not loaded
D/DCT     (16995): [ApnContext:mms] getApnSetting: apnSetting=null
D/SubController(16995): [getSubId]- size == 0, return dummy instead
D/DCT     (16995): [0]isDataAllowed: not allowed due to - Attached= false - SIM not loaded
D/DCT     (16995): [ApnContext:cbs] getApnSetting: apnSetting=null
D/SubController(16995): [getSubId]- size == 0, return dummy instead
D/DCT     (16995): [0]isDataAllowed: not allowed due to - Attached= false - SIM not loaded
D/DCT     (16995): [ApnContext:fota] getApnSetting: apnSetting=null
D/SubController(16995): [getSubId]- size == 0, return dummy instead
D/DCT     (16995): [0]isDataAllowed: not allowed due to - Attached= false - SIM not loaded
D/DCT     (16995): [ApnContext:supl] getApnSetting: apnSetting=null
D/SubController(16995): [getSubId]- size == 0, return dummy instead
D/DCT     (16995): [0]isDataAllowed: not allowed due to - Attached= false - SIM not loaded
D/DCT     (16995): [ApnContext:ia] getApnSetting: apnSetting=null
D/SubController(16995): [getSubId]- size == 0, return dummy instead
D/DCT     (16995): [0]isDataAllowed: not allowed due to - Attached= false - SIM not loaded
D/DCT     (16995): [ApnContext:dun] getApnSetting: apnSetting=null
D/SubController(16995): [getSubId]- size == 0, return dummy instead
D/DCT     (16995): [0]isDataAllowed: not allowed due to - Attached= false - SIM not loaded
D/DCT     (16995): [ApnContext:hipri] getApnSetting: apnSetting=null
D/SubController(16995): [getSubId]- size == 0, return dummy instead
D/DCT     (16995): [0]isDataAllowed: not allowed due to - Attached= false - SIM not loaded
D/DCT     (16995): [ApnContext:ims] getApnSetting: apnSetting=null
D/DCT     (16995): [0]handleMessage msg={ when=-594ms what=270377 obj=android.os.AsyncResult@35a4d8c5 target=com.android.internal.telephony.dataconnection.DcTracker }
D/DCT     (16995): [0]setupDataOnConnectableApns: nwTypeChanged
D/DCT     (16995): [0]setupDataOnConnectableApns: apnContext {mApnType=hipri mState=IDLE mWaitingApns={null} mWaitingApnsPermanentFailureCountDown=0 mApnSetting={null} mReason=dataEnabled mDataEnabled=false mDependencyMet=true}
D/DCT     (16995): [0]setupDataOnConnectableApns: apnContext {mApnType=mms mState=IDLE mWaitingApns={null} mWaitingApnsPermanentFailureCountDown=0 mApnSetting={null} mReason=dataEnabled mDataEnabled=false mDependencyMet=true}
D/DCT     (16995): [0]setupDataOnConnectableApns: apnContext {mApnType=supl mState=IDLE mWaitingApns={null} mWaitingApnsPermanentFailureCountDown=0 mApnSetting={null} mReason=dataEnabled mDataEnabled=false mDependencyMet=true}
D/DCT     (16995): [0]setupDataOnConnectableApns: apnContext {mApnType=cbs mState=IDLE mWaitingApns={null} mWaitingApnsPermanentFailureCountDown=0 mApnSetting={null} mReason=dataEnabled mDataEnabled=false mDependencyMet=true}
D/DCT     (16995): [0]setupDataOnConnectableApns: apnContext {mApnType=dun mState=IDLE mWaitingApns={null} mWaitingApnsPermanentFailureCountDown=0 mApnSetting={null} mReason=dataEnabled mDataEnabled=false mDependencyMet=true}
D/DCT     (16995): [0]setupDataOnConnectableApns: apnContext {mApnType=fota mState=IDLE mWaitingApns={null} mWaitingApnsPermanentFailureCountDown=0 mApnSetting={null} mReason=dataEnabled mDataEnabled=false mDependencyMet=true}
D/DCT     (16995): [0]setupDataOnConnectableApns: apnContext {mApnType=ims mState=IDLE mWaitingApns={null} mWaitingApnsPermanentFailureCountDown=0 mApnSetting={null} mReason=dataEnabled mDataEnabled=false mDependencyMet=true}
D/DCT     (16995): [0]setupDataOnConnectableApns: apnContext {mApnType=default mState=IDLE mWaitingApns={null} mWaitingApnsPermanentFailureCountDown=0 mApnSetting={null} mReason=dataEnabled mDataEnabled=false mDependencyMet=true}
D/DCT     (16995): [0]setupDataOnConnectableApns: apnContext {mApnType=ia mState=IDLE mWaitingApns={null} mWaitingApnsPermanentFailureCountDown=0 mApnSetting={null} mReason=dataEnabled mDataEnabled=false mDependencyMet=true}
D/DCT     (16995): [0]setEnabled(0, true) with old state = true and enabledCount = 1
D/RILJ    (16995): [3658]> BASEBAND_VERSION [SUB0]
D/RILC    (  184): SOCKET RIL_SOCKET_1 REQUEST: BASEBAND_VERSION length:8
D/RILJ    (16995): [3659]> GET_IMEI [SUB0]
D/RILC    (  184): RequestComplete, RIL_SOCKET_1
E/RILC    (  184): Send Response to RIL_SOCKET_1
D/RILC    (  184): SOCKET RIL_SOCKET_1 REQUEST: GET_IMEI length:8
D/RILJ    (16995): [3660]> GET_IMEISV [SUB0]
D/RILJ    (16995): [3658]< BASEBAND_VERSION M8974A-2.0.50.2.21 [SUB0]
D/RILC    (  184): SOCKET RIL_SOCKET_1 REQUEST: GET_IMEISV length:8
D/RILC    (  184): RequestComplete, RIL_SOCKET_1
E/RILC    (  184): Send Response to RIL_SOCKET_1
D/RILJ    (16995): [3661]> RIL_REQUEST_VOICE_RADIO_TECH [SUB0]
D/RILJ    (16995): [3659]< GET_IMEI  [SUB0]
D/RILC    (  184): RequestComplete, RIL_SOCKET_1
E/RILC    (  184): Send Response to RIL_SOCKET_1
D/RILC    (  184): SOCKET RIL_SOCKET_1 REQUEST: VOICE_RADIO_TECH length:8
D/RILJ    (16995): [3660]< GET_IMEISV  [SUB0]
D/RILC    (  184): RequestComplete, RIL_SOCKET_1
E/RILC    (  184): Send Response to RIL_SOCKET_1
D/SubController(16995): [getSubId]- size == 0, return dummy instead
D/GsmSMSDispatcher(16995): GsmSMSDispatcher: subId = -1 slotId = 0
D/RILJ    (16995): [3662]> RIL_REQUEST_IMS_REGISTRATION_STATE [SUB0]
D/RILJ    (16995): [3661]< RIL_REQUEST_VOICE_RADIO_TECH {3} [SUB0]
D/RILC    (  184): SOCKET RIL_SOCKET_1 REQUEST: IMS_REGISTRATION_STATE length:8
D/RILJ    (16995): [3663]> RIL_REQUEST_CDMA_GET_SUBSCRIPTION_SOURCE [SUB0]
D/RILC    (  184): RequestComplete, RIL_SOCKET_1
E/RILC    (  184): Send Response to RIL_SOCKET_1
D/RilRequest(16995): [3662]< RIL_REQUEST_IMS_REGISTRATION_STATE error: com.android.internal.telephony.CommandException: GENERIC_FAILURE ret=
D/RILC    (  184): SOCKET RIL_SOCKET_1 REQUEST: CDMA_GET_SUBSCRIPTION_SOURCE length:8
D/SubController(16995): [getSubId]- size == 0, return dummy instead
D/RILC    (  184): RequestComplete, RIL_SOCKET_1
E/RILC    (  184): Send Response to RIL_SOCKET_1
D/TelephonyManager(16995): setTelephonyProperty property=gsm.sim.state propVal=ABSENT
D/RilRequest(16995): [3663]< RIL_REQUEST_CDMA_GET_SUBSCRIPTION_SOURCE error: com.android.internal.telephony.CommandException: GENERIC_FAILURE ret=
D/SubController(16995): [getSubId]- size == 0, return dummy instead
D/IccCardProxy(16995): Broadcasting intent ACTION_SIM_STATE_CHANGED ABSENT reason null for mCardIndex : 0
D/RILJ    (16995): [3664]> OPERATOR [SUB0]
D/RILC    (  184): SOCKET RIL_SOCKET_1 REQUEST: OPERATOR length:8
D/RILC    (  184): RequestComplete, RIL_SOCKET_1
E/RILC    (  184): Send Response to RIL_SOCKET_1
D/RILJ    (16995): [3665]> DATA_REGISTRATION_STATE [SUB0]
D/RILC    (  184): SOCKET RIL_SOCKET_1 REQUEST: DATA_REGISTRATION_STATE length:8
D/RILJ    (16995): [3666]> VOICE_REGISTRATION_STATE [SUB0]
D/RILJ    (16995): [3664]< OPERATOR {null, null, null} [SUB0]
D/RILC    (  184): RequestComplete, RIL_SOCKET_1
E/RILC    (  184): Send Response to RIL_SOCKET_1
D/RILC    (  184): SOCKET RIL_SOCKET_1 REQUEST: VOICE_REGISTRATION_STATE length:8
D/RILJ    (16995): [3667]> QUERY_NETWORK_SELECTION_MODE [SUB0]
D/RILJ    (16995): [3665]< DATA_REGISTRATION_STATE {2, null, null, null, 0, 20, null, null, null, null, null} [SUB0]
I/RILQ    (  184): (0/184):RIL[0][cmd-20(448)] qcril_qmi_nas_update_data_rte: completed, new drte 0 with confidence 4
D/RILC    (  184): SOCKET RIL_SOCKET_1 REQUEST: QUERY_NETWORK_SELECTION_MODE length:8
D/TelephonyManager(16607): getSimOperator(): default subId=-1000
D/SUB     (16607): [SubManager] [getPhoneId]- fail
D/TelephonyManager(16607): getSimOperator: subId=-1000 operator=
D/GsmSST  (16995): [GsmSST] mDeviceShuttingDown = false
D/GsmSST  (16995): [GsmSST] mDesiredPowerState = true
D/GsmSST  (16995): [GsmSST] getRadioState = RADIO_ON
D/GsmSST  (16995): [GsmSST] mPowerOffDelayNeed = true
D/GsmSST  (16995): [GsmSST] mAlarmSwitch = false
D/RILJ    (16995): [3668]> OPERATOR [SUB0]
D/RILC    (  184): RequestComplete, RIL_SOCKET_1
E/RILC    (  184): Send Response to RIL_SOCKET_1
D/RILC    (  184): RequestComplete, RIL_SOCKET_1
E/RILC    (  184): Send Response to RIL_SOCKET_1
E/RILQ    (  184): (0/184): RIL[0][main] qcril_qmi_nas_report_restricted_details: .. reporting 0
I/RILC    (  184): RIL_SOCKET_1 UNSOLICITED: UNSOL_RESTRICTED_STATE_CHANGED length:16
E/RILC    (  184): Send Response to RIL_SOCKET_1
D/RILJ    (16995): [3667]< QUERY_NETWORK_SELECTION_MODE {0} [SUB0]
D/RILJ    (16995): [3666]< VOICE_REGISTRATION_STATE {2, null, null, 0, null, null, null, 0, null, null, null, null, null, 0, null} [SUB0]
V/RILJ    (16995): [UNSL]< UNSOL_RESTRICTED_STATE_CHANGED {0} [SUB0]
D/RILC    (  184): SOCKET RIL_SOCKET_1 REQUEST: OPERATOR length:8
D/RILJ    (16995): [3669]> DATA_REGISTRATION_STATE [SUB0]
D/RILC    (  184): RequestComplete, RIL_SOCKET_1
E/RILC    (  184): Send Response to RIL_SOCKET_1
D/RILJ    (16995): [3668]< OPERATOR {null, null, null} [SUB0]
D/RILC    (  184): SOCKET RIL_SOCKET_1 REQUEST: DATA_REGISTRATION_STATE length:8
D/RILJ    (16995): [3670]> VOICE_REGISTRATION_STATE [SUB0]
D/RILC    (  184): RequestComplete, RIL_SOCKET_1
E/RILC    (  184): Send Response to RIL_SOCKET_1
D/RILJ    (16995): [3669]< DATA_REGISTRATION_STATE {2, null, null, null, 0, 20, null, null, null, null, null} [SUB0]
D/RILC    (  184): SOCKET RIL_SOCKET_1 REQUEST: VOICE_REGISTRATION_STATE length:8
D/RILJ    (16995): [3671]> QUERY_NETWORK_SELECTION_MODE [SUB0]
I/RILQ    (  184): (0/184):RIL[0][cmd-20(8)] qcril_qmi_nas_update_data_rte: completed, new drte 0 with confidence 4
D/RILC    (  184): SOCKET RIL_SOCKET_1 REQUEST: QUERY_NETWORK_SELECTION_MODE length:8
D/DCT     (16995): [0]handleMessage msg={ when=-398ms what=270342 obj=android.os.AsyncResult@3e9a821a target=com.android.internal.telephony.dataconnection.DcTracker }
D/DCT     (16995): [0]onRadioOffOrNotAvailable: is off and clean up all connections
D/DCT     (16995): [0]cleanUpAllConnections: tearDown=false reason=radioTurnedOff
D/DCT     (16995): [0]cleanUpConnection: E tearDown=false reason=radioTurnedOff apnContext={mApnType=default mState=IDLE mWaitingApns={null} mWaitingApnsPermanentFailureCountDown=0 mApnSetting={null} mReason=radioTurnedOff mDataEnabled=false mDependencyMet=true}
D/RILC    (  184): RequestComplete, RIL_SOCKET_1
D/SubController(16995): [getSubId]- size == 0, return dummy instead
E/RILC    (  184): Send Response to RIL_SOCKET_1
D/RILC    (  184): RequestComplete, RIL_SOCKET_1
E/RILC    (  184): Send Response to RIL_SOCKET_1
D/RILJ    (16995): [3670]< VOICE_REGISTRATION_STATE {2, null, null, 0, null, null, null, 0, null, null, null, null, null, 0, null} [SUB0]
D/RILJ    (16995): [3671]< QUERY_NETWORK_SELECTION_MODE {0} [SUB0]
D/DCT     (16995): [0]isDataAllowed: not allowed due to - Attached= false - SIM not loaded
D/DCT     (16995): [ApnContext:default] getApnSetting: apnSetting=null
D/DCT     (16995): [0]cleanUpConnection: X tearDown=false reason=radioTurnedOff apnContext={mApnType=default mState=IDLE mWaitingApns={null} mWaitingApnsPermanentFailureCountDown=0 mApnSetting={null} mReason=radioTurnedOff mDataEnabled=false mDependencyMet=true} dcac=null
D/DCT     (16995): [0]cleanUpConnection: E tearDown=false reason=radioTurnedOff apnContext={mApnType=mms mState=IDLE mWaitingApns={null} mWaitingApnsPermanentFailureCountDown=0 mApnSetting={null} mReason=radioTurnedOff mDataEnabled=false mDependencyMet=true}
D/SubController(16995): [getSubId]- size == 0, return dummy instead
D/DCT     (16995): [0]isDataAllowed: not allowed due to - Attached= false - SIM not loaded
D/DCT     (16995): [ApnContext:mms] getApnSetting: apnSetting=null
D/DCT     (16995): [0]cleanUpConnection: X tearDown=false reason=radioTurnedOff apnContext={mApnType=mms mState=IDLE mWaitingApns={null} mWaitingApnsPermanentFailureCountDown=0 mApnSetting={null} mReason=radioTurnedOff mDataEnabled=false mDependencyMet=true} dcac=null
D/DCT     (16995): [0]cleanUpConnection: E tearDown=false reason=radioTurnedOff apnContext={mApnType=cbs mState=IDLE mWaitingApns={null} mWaitingApnsPermanentFailureCountDown=0 mApnSetting={null} mReason=radioTurnedOff mDataEnabled=false mDependencyMet=true}
D/SubController(16995): [getSubId]- size == 0, return dummy instead
D/DCT     (16995): [0]isDataAllowed: not allowed due to - Attached= false - SIM not loaded
D/DCT     (16995): [ApnContext:cbs] getApnSetting: apnSetting=null
D/DCT     (16995): [0]cleanUpConnection: X tearDown=false reason=radioTurnedOff apnContext={mApnType=cbs mState=IDLE mWaitingApns={null} mWaitingApnsPermanentFailureCountDown=0 mApnSetting={null} mReason=radioTurnedOff mDataEnabled=false mDependencyMet=true} dcac=null
D/DCT     (16995): [0]cleanUpConnection: E tearDown=false reason=radioTurnedOff apnContext={mApnType=fota mState=IDLE mWaitingApns={null} mWaitingApnsPermanentFailureCountDown=0 mApnSetting={null} mReason=radioTurnedOff mDataEnabled=false mDependencyMet=true}
D/SubController(16995): [getSubId]- size == 0, return dummy instead
D/DCT     (16995): [0]isDataAllowed: not allowed due to - Attached= false - SIM not loaded
D/DCT     (16995): [ApnContext:fota] getApnSetting: apnSetting=null
I/force_gc(16607): Binder
D/DCT     (16995): [0]cleanUpConnection: X tearDown=false reason=radioTurnedOff apnContext={mApnType=fota mState=IDLE mWaitingApns={null} mWaitingApnsPermanentFailureCountDown=0 mApnSetting={null} mReason=radioTurnedOff mDataEnabled=false mDependencyMet=true} dcac=null
D/DCT     (16995): [0]cleanUpConnection: E tearDown=false reason=radioTurnedOff apnContext={mApnType=supl mState=IDLE mWaitingApns={null} mWaitingApnsPermanentFailureCountDown=0 mApnSetting={null} mReason=radioTurnedOff mDataEnabled=false mDependencyMet=true}
D/SubController(16995): [getSubId]- size == 0, return dummy instead
D/DCT     (16995): [0]isDataAllowed: not allowed due to - Attached= false - SIM not loaded
D/DCT     (16995): [ApnContext:supl] getApnSetting: apnSetting=null
D/DCT     (16995): [0]cleanUpConnection: X tearDown=false reason=radioTurnedOff apnContext={mApnType=supl mState=IDLE mWaitingApns={null} mWaitingApnsPermanentFailureCountDown=0 mApnSetting={null} mReason=radioTurnedOff mDataEnabled=false mDependencyMet=true} dcac=null
D/DCT     (16995): [0]cleanUpConnection: E tearDown=false reason=radioTurnedOff apnContext={mApnType=ia mState=IDLE mWaitingApns={null} mWaitingApnsPermanentFailureCountDown=0 mApnSetting={null} mReason=radioTurnedOff mDataEnabled=false mDependencyMet=true}
D/SubController(16995): [getSubId]- size == 0, return dummy instead
D/DCT     (16995): [0]isDataAllowed: not allowed due to - Attached= false - SIM not loaded
D/DCT     (16995): [ApnContext:ia] getApnSetting: apnSetting=null
D/DCT     (16995): [0]cleanUpConnection: X tearDown=false reason=radioTurnedOff apnContext={mApnType=ia mState=IDLE mWaitingApns={null} mWaitingApnsPermanentFailureCountDown=0 mApnSetting={null} mReason=radioTurnedOff mDataEnabled=false mDependencyMet=true} dcac=null
D/DCT     (16995): [0]cleanUpConnection: E tearDown=false reason=radioTurnedOff apnContext={mApnType=dun mState=IDLE mWaitingApns={null} mWaitingApnsPermanentFailureCountDown=0 mApnSetting={null} mReason=radioTurnedOff mDataEnabled=false mDependencyMet=true}
D/SubController(16995): [getSubId]- size == 0, return dummy instead
D/DCT     (16995): [0]isDataAllowed: not allowed due to - Attached= false - SIM not loaded
D/DCT     (16995): [ApnContext:dun] getApnSetting: apnSetting=null
D/DCT     (16995): [0]cleanUpConnection: X tearDown=false reason=radioTurnedOff apnContext={mApnType=dun mState=IDLE mWaitingApns={null} mWaitingApnsPermanentFailureCountDown=0 mApnSetting={null} mReason=radioTurnedOff mDataEnabled=false mDependencyMet=true} dcac=null
D/DCT     (16995): [0]cleanUpConnection: E tearDown=false reason=radioTurnedOff apnContext={mApnType=hipri mState=IDLE mWaitingApns={null} mWaitingApnsPermanentFailureCountDown=0 mApnSetting={null} mReason=radioTurnedOff mDataEnabled=false mDependencyMet=true}
D/SubController(16995): [getSubId]- size == 0, return dummy instead
D/DCT     (16995): [0]isDataAllowed: not allowed due to - Attached= false - SIM not loaded
D/DCT     (16995): [ApnContext:hipri] getApnSetting: apnSetting=null
D/DCT     (16995): [0]cleanUpConnection: X tearDown=false reason=radioTurnedOff apnContext={mApnType=hipri mState=IDLE mWaitingApns={null} mWaitingApnsPermanentFailureCountDown=0 mApnSetting={null} mReason=radioTurnedOff mDataEnabled=false mDependencyMet=true} dcac=null
D/DCT     (16995): [0]cleanUpConnection: E tearDown=false reason=radioTurnedOff apnContext={mApnType=ims mState=IDLE mWaitingApns={null} mWaitingApnsPermanentFailureCountDown=0 mApnSetting={null} mReason=radioTurnedOff mDataEnabled=false mDependencyMet=true}
D/SubController(16995): [getSubId]- size == 0, return dummy instead
D/DCT     (16995): [0]isDataAllowed: not allowed due to - Attached= false - SIM not loaded
D/DCT     (16995): [ApnContext:ims] getApnSetting: apnSetting=null
D/DCT     (16995): [0]cleanUpConnection: X tearDown=false reason=radioTurnedOff apnContext={mApnType=ims mState=IDLE mWaitingApns={null} mWaitingApnsPermanentFailureCountDown=0 mApnSetting={null} mReason=radioTurnedOff mDataEnabled=false mDependencyMet=true} dcac=null
D/DCT     (16995): [0]stopNetStatPoll
D/DCT     (16995): [0]stopDataStallAlarm: current tag=9715099 mDataStallAlarmIntent=null
D/DCT     (16995): [0]cleanUpConnection: mDisconnectPendingCount = 0
D/SubController(16995): [getSubId]- size == 0, return dummy instead
D/DCT     (16995): [0]isDataAllowed: not allowed due to - Attached= false - SIM not loaded
D/DCT     (16995): [ApnContext:default] getApnSetting: apnSetting=null
D/SubController(16995): [getSubId]- size == 0, return dummy instead
D/DCT     (16995): [0]isDataAllowed: not allowed due to - Attached= false - SIM not loaded
D/DCT     (16995): [ApnContext:mms] getApnSetting: apnSetting=null
D/SubController(16995): [getSubId]- size == 0, return dummy instead
D/DCT     (16995): [0]isDataAllowed: not allowed due to - Attached= false - SIM not loaded
D/DCT     (16995): [ApnContext:cbs] getApnSetting: apnSetting=null
D/SubController(16995): [getSubId]- size == 0, return dummy instead
D/DCT     (16995): [0]isDataAllowed: not allowed due to - Attached= false - SIM not loaded
D/DCT     (16995): [ApnContext:fota] getApnSetting: apnSetting=null
D/SubController(16995): [getSubId]- size == 0, return dummy instead
D/DCT     (16995): [0]isDataAllowed: not allowed due to - Attached= false - SIM not loaded
D/DCT     (16995): [ApnContext:supl] getApnSetting: apnSetting=null
I/notification_cancel_all(16607): [10005,16782,com.android.providers.downloads,0,0,64,9,NULL]
I/am_proc_start(16607): [0,17384,10008,com.android.managedprovisioning,broadcast,com.android.managedprovisioning/.BootReminder]
D/SubController(16995): [getSubId]- size == 0, return dummy instead
D/DCT     (16995): [0]isDataAllowed: not allowed due to - Attached= false - SIM not loaded
D/DCT     (16995): [ApnContext:ia] getApnSetting: apnSetting=null
D/SubController(16995): [getSubId]- size == 0, return dummy instead
D/DCT     (16995): [0]isDataAllowed: not allowed due to - Attached= false - SIM not loaded
D/DCT     (16995): [ApnContext:dun] getApnSetting: apnSetting=null
D/SubController(16995): [getSubId]- size == 0, return dummy instead
D/DCT     (16995): [0]isDataAllowed: not allowed due to - Attached= false - SIM not loaded
D/DCT     (16995): [ApnContext:hipri] getApnSetting: apnSetting=null
D/SubController(16995): [getSubId]- size == 0, return dummy instead
D/DCT     (16995): [0]isDataAllowed: not allowed due to - Attached= false - SIM not loaded
D/DCT     (16995): [ApnContext:ims] getApnSetting: apnSetting=null
D/GsmSST  (16995): [GsmSST] EVENT_RESTRICTED_STATE_CHANGED
D/GsmSST  (16995): [GsmSST] onRestrictedStateChanged: E rs Restricted State CS: none PS:false
D/GsmSST  (16995): [GsmSST] onRestrictedStateChanged: new rs Restricted State CS: none PS:false
D/GsmSST  (16995): [GsmSST] onRestrictedStateChanged: X rs Restricted State CS: none PS:false
D/RILJ    (16995): [3672]> OPERATOR [SUB0]
D/RILC    (  184): SOCKET RIL_SOCKET_1 REQUEST: OPERATOR length:8
D/RILJ    (16995): [3673]> DATA_REGISTRATION_STATE [SUB0]
D/RILC    (  184): SOCKET RIL_SOCKET_1 REQUEST: DATA_REGISTRATION_STATE length:8
D/RILJ    (16995): [3674]> VOICE_REGISTRATION_STATE [SUB0]
D/RILC    (  184): RequestComplete, RIL_SOCKET_1
E/RILC    (  184): Send Response to RIL_SOCKET_1
D/RILJ    (16995): [3672]< OPERATOR {null, null, null} [SUB0]
D/RILC    (  184): SOCKET RIL_SOCKET_1 REQUEST: VOICE_REGISTRATION_STATE length:8
D/RILJ    (16995): [3675]> QUERY_NETWORK_SELECTION_MODE [SUB0]
D/RILC    (  184): SOCKET RIL_SOCKET_1 REQUEST: QUERY_NETWORK_SELECTION_MODE length:8
D/RILC    (  184): RequestComplete, RIL_SOCKET_1
E/RILC    (  184): Send Response to RIL_SOCKET_1
D/RILJ    (16995): [3673]< DATA_REGISTRATION_STATE {2, null, null, null, 0, 20, null, null, null, null, null} [SUB0]
D/SUB     (16995): [SubInfoRecordUpdater][Receiver]+
D/SUB     (16995): [SubInfoRecordUpdater]Action: android.intent.action.SIM_STATE_CHANGED
D/SUB     (16995): [SubInfoRecordUpdater]slotId: 0 simStatus: NOT_READY
D/SUB     (16995): [SubInfoRecordUpdater][Receiver]-
D/DebugService(16995): DebugService DebugService:
I/RILQ    (  184): (0/184):RIL[0][cmd-20(568)] qcril_qmi_nas_update_data_rte: completed, new drte 0 with confidence 4
D/RILC    (  184): RequestComplete, RIL_SOCKET_1
E/RILC    (  184): Send Response to RIL_SOCKET_1
D/RILJ    (16995): [3674]< VOICE_REGISTRATION_STATE {2, null, null, 0, null, null, null, 0, null, null, null, null, null, 0, null} [SUB0]
D/RILC    (  184): RequestComplete, RIL_SOCKET_1
E/RILC    (  184): Send Response to RIL_SOCKET_1
D/RILJ    (16995): [3675]< QUERY_NETWORK_SELECTION_MODE {0} [SUB0]
D/SipService(16995): SipService: started!
D/SipService(16995): start:
D/RILJ    (16995): [3676]> RIL_REQUEST_QUERY_TTY_MODE [SUB0]
D/RILC    (  184): SOCKET RIL_SOCKET_1 REQUEST: QUERY_TTY_MODE length:8
V/WAP PUSH(16995): wappush manager connected to 1006467756
V/WAP PUSH(16995): wappush manager connected to 1024405033
D/RILC    (  184): RequestComplete, RIL_SOCKET_1
E/RILC    (  184): Send Response to RIL_SOCKET_1
D/RILJ    (16995): [3676]< RIL_REQUEST_QUERY_TTY_MODE {0} [SUB0]
D/UiccController(16995): Received EVENT_GET_ICC_STATUS_DONE
D/UiccCard(16995): 0 applications
D/UiccCard(16995): Before privilege rules: null : CARDSTATE_ABSENT
D/UiccCard(16995): update: radioState=RADIO_ON mLastRadioState=RADIO_UNAVAILABLE
D/UiccController(16995): Notifying IccChangedRegistrants
D/GsmSST  (16995): [GsmSST] mDeviceShuttingDown = false
D/GsmSST  (16995): [GsmSST] mDesiredPowerState = true
D/GsmSST  (16995): [GsmSST] getRadioState = RADIO_ON
D/GsmSST  (16995): [GsmSST] mPowerOffDelayNeed = true
D/GsmSST  (16995): [GsmSST] mAlarmSwitch = false
D/RILJ    (16995): [3677]> OPERATOR [SUB0]
D/RILC    (  184): SOCKET RIL_SOCKET_1 REQUEST: OPERATOR length:8
D/RILJ    (16995): [3678]> DATA_REGISTRATION_STATE [SUB0]
D/RILC    (  184): RequestComplete, RIL_SOCKET_1
E/RILC    (  184): Send Response to RIL_SOCKET_1
D/RILJ    (16995): [3679]> VOICE_REGISTRATION_STATE [SUB0]
D/RILJ    (16995): [3677]< OPERATOR {null, null, null} [SUB0]
D/RILC    (  184): SOCKET RIL_SOCKET_1 REQUEST: DATA_REGISTRATION_STATE length:8
D/RILC    (  184): SOCKET RIL_SOCKET_1 REQUEST: VOICE_REGISTRATION_STATE length:8
D/RILJ    (16995): [3680]> QUERY_NETWORK_SELECTION_MODE [SUB0]
D/RILC    (  184): RequestComplete, RIL_SOCKET_1
E/RILC    (  184): Send Response to RIL_SOCKET_1
D/RILJ    (16995): [3681]> GET_CURRENT_CALLS [SUB0]
I/RILQ    (  184): (0/184):RIL[0][cmd-20(768)] qcril_qmi_nas_update_data_rte: completed, new drte 0 with confidence 4
D/RILJ    (16995): [3678]< DATA_REGISTRATION_STATE {2, null, null, null, 0, 20, null, null, null, null, null} [SUB0]
D/RILC    (  184): SOCKET RIL_SOCKET_1 REQUEST: QUERY_NETWORK_SELECTION_MODE length:8
D/RILC    (  184): RequestComplete, RIL_SOCKET_1
E/RILC    (  184): Send Response to RIL_SOCKET_1
D/RILC    (  184): SOCKET RIL_SOCKET_1 REQUEST: GET_CURRENT_CALLS length:8
D/RILJ    (16995): [3682]> RIL_REQUEST_VOICE_RADIO_TECH [SUB0]
D/RILJ    (16995): [3679]< VOICE_REGISTRATION_STATE {2, null, null, 0, null, null, null, 0, null, null, null, null, null, 0, null} [SUB0]
I/RILQ    (  184): (0/184):RIL[0][main] qcril_qmi_get_call_list_to_send: RILVI: calls rep: reported/skipped 0/0 calls
D/RILC    (  184): RequestComplete, RIL_SOCKET_1
E/RILC    (  184): Send Response to RIL_SOCKET_1
D/RILC    (  184): SOCKET RIL_SOCKET_1 REQUEST: VOICE_RADIO_TECH length:8
D/RILJ    (16995): [3683]> RIL_REQUEST_IMS_REGISTRATION_STATE [SUB0]
D/RILJ    (16995): [3681]< GET_CURRENT_CALLS   [SUB0]
D/RILC    (  184): RequestComplete, RIL_SOCKET_1
E/RILC    (  184): Send Response to RIL_SOCKET_1
D/RILC    (  184): SOCKET RIL_SOCKET_1 REQUEST: IMS_REGISTRATION_STATE length:8
D/RILJ    (16995): [3682]< RIL_REQUEST_VOICE_RADIO_TECH {3} [SUB0]
D/RILJ    (16995): [3684]> RIL_REQUEST_CDMA_GET_SUBSCRIPTION_SOURCE [SUB0]
D/RILC    (  184): RequestComplete, RIL_SOCKET_1
E/RILC    (  184): Send Response to RIL_SOCKET_1
D/RILJ    (16995): [3680]< QUERY_NETWORK_SELECTION_MODE {0} [SUB0]
D/RILC    (  184): SOCKET RIL_SOCKET_1 REQUEST: CDMA_GET_SUBSCRIPTION_SOURCE length:8
D/RILC    (  184): RequestComplete, RIL_SOCKET_1
E/RILC    (  184): Send Response to RIL_SOCKET_1
D/RilRequest(16995): [3683]< RIL_REQUEST_IMS_REGISTRATION_STATE error: com.android.internal.telephony.CommandException: GENERIC_FAILURE ret=
I/am_proc_bound(16607): [0,17384,com.android.managedprovisioning]
D/RILC    (  184): RequestComplete, RIL_SOCKET_1
E/RILC    (  184): Send Response to RIL_SOCKET_1
D/RilRequest(16995): [3684]< RIL_REQUEST_CDMA_GET_SUBSCRIPTION_SOURCE error: com.android.internal.telephony.CommandException: GENERIC_FAILURE ret=
D/DCT     (16995): [0]handleMessage msg={ when=-438ms what=270377 obj=android.os.AsyncResult@287f3c41 target=com.android.internal.telephony.dataconnection.DcTracker }
D/DCT     (16995): [0]setupDataOnConnectableApns: nwTypeChanged
D/DCT     (16995): [0]setupDataOnConnectableApns: apnContext {mApnType=hipri mState=IDLE mWaitingApns={null} mWaitingApnsPermanentFailureCountDown=0 mApnSetting={null} mReason=radioTurnedOff mDataEnabled=false mDependencyMet=true}
D/DCT     (16995): [0]setupDataOnConnectableApns: apnContext {mApnType=mms mState=IDLE mWaitingApns={null} mWaitingApnsPermanentFailureCountDown=0 mApnSetting={null} mReason=radioTurnedOff mDataEnabled=false mDependencyMet=true}
D/DCT     (16995): [0]setupDataOnConnectableApns: apnContext {mApnType=supl mState=IDLE mWaitingApns={null} mWaitingApnsPermanentFailureCountDown=0 mApnSetting={null} mReason=radioTurnedOff mDataEnabled=false mDependencyMet=true}
D/DCT     (16995): [0]setupDataOnConnectableApns: apnContext {mApnType=cbs mState=IDLE mWaitingApns={null} mWaitingApnsPermanentFailureCountDown=0 mApnSetting={null} mReason=radioTurnedOff mDataEnabled=false mDependencyMet=true}
D/DCT     (16995): [0]setupDataOnConnectableApns: apnContext {mApnType=dun mState=IDLE mWaitingApns={null} mWaitingApnsPermanentFailureCountDown=0 mApnSetting={null} mReason=radioTurnedOff mDataEnabled=false mDependencyMet=true}
D/DCT     (16995): [0]setupDataOnConnectableApns: apnContext {mApnType=fota mState=IDLE mWaitingApns={null} mWaitingApnsPermanentFailureCountDown=0 mApnSetting={null} mReason=radioTurnedOff mDataEnabled=false mDependencyMet=true}
D/DCT     (16995): [0]setupDataOnConnectableApns: apnContext {mApnType=ims mState=IDLE mWaitingApns={null} mWaitingApnsPermanentFailureCountDown=0 mApnSetting={null} mReason=radioTurnedOff mDataEnabled=false mDependencyMet=true}
D/DCT     (16995): [0]setupDataOnConnectableApns: apnContext {mApnType=default mState=IDLE mWaitingApns={null} mWaitingApnsPermanentFailureCountDown=0 mApnSetting={null} mReason=radioTurnedOff mDataEnabled=false mDependencyMet=true}
D/DCT     (16995): [0]setupDataOnConnectableApns: apnContext {mApnType=ia mState=IDLE mWaitingApns={null} mWaitingApnsPermanentFailureCountDown=0 mApnSetting={null} mReason=radioTurnedOff mDataEnabled=false mDependencyMet=true}
D/RILJ    (16995): [3685]> OPERATOR [SUB0]
D/RILJ    (16995): [3686]> DATA_REGISTRATION_STATE [SUB0]
D/RILC    (  184): SOCKET RIL_SOCKET_1 REQUEST: OPERATOR length:8
D/RILC    (  184): RequestComplete, RIL_SOCKET_1
E/RILC    (  184): Send Response to RIL_SOCKET_1
D/RILJ    (16995): [3685]< OPERATOR {null, null, null} [SUB0]
D/RILJ    (16995): [3687]> VOICE_REGISTRATION_STATE [SUB0]
D/RILC    (  184): SOCKET RIL_SOCKET_1 REQUEST: DATA_REGISTRATION_STATE length:8
D/RILC    (  184): RequestComplete, RIL_SOCKET_1
E/RILC    (  184): Send Response to RIL_SOCKET_1
D/RILJ    (16995): [3686]< DATA_REGISTRATION_STATE {2, null, null, null, 0, 20, null, null, null, null, null} [SUB0]
D/RILJ    (16995): [3688]> QUERY_NETWORK_SELECTION_MODE [SUB0]
D/RILC    (  184): SOCKET RIL_SOCKET_1 REQUEST: VOICE_REGISTRATION_STATE length:8
D/RILC    (  184): SOCKET RIL_SOCKET_1 REQUEST: QUERY_NETWORK_SELECTION_MODE length:8
D/SubController(16995): [getSubId]- size == 0, return dummy instead
I/RILQ    (  184): (0/184):RIL[0][cmd-20(272)] qcril_qmi_nas_update_data_rte: completed, new drte 0 with confidence 4
D/DefaultPhoneNotifier(16995): notifySignalStrength: mRegistry=com.android.internal.telephony.ITelephonyRegistry$Stub$Proxy@afa9610 ss=SignalStrength: 99 0 -120 -160 -120 -1 -1 99 2147483647 2147483647 2147483647 2147483647 gsm|lte sender=Handler (com.android.internal.telephony.gsm.GSMPhone) {cb67cd1}
D/RILC    (  184): RequestComplete, RIL_SOCKET_1
E/RILC    (  184): Send Response to RIL_SOCKET_1
D/RILJ    (16995): [3688]< QUERY_NETWORK_SELECTION_MODE {0} [SUB0]
D/RILC    (  184): RequestComplete, RIL_SOCKET_1
E/RILC    (  184): Send Response to RIL_SOCKET_1
D/RILJ    (16995): [3687]< VOICE_REGISTRATION_STATE {2, null, null, 0, null, null, null, 0, null, null, null, null, null, 0, null} [SUB0]
D/DCT     (16995): [0]handleMessage msg={ when=-348ms what=270349 arg2=1 target=com.android.internal.telephony.dataconnection.DcTracker }
D/DCT     (16995): [0]onEnableApn: apnContext={mApnType=default mState=IDLE mWaitingApns={null} mWaitingApnsPermanentFailureCountDown=0 mApnSetting={null} mReason=radioTurnedOff mDataEnabled=false mDependencyMet=true} call applyNewState
D/DCT     (16995): [0]applyNewState(default, true(false), true(true))
D/DCT     (16995): [0]trySetupData for type:default due to dataEnabled apnContext={mApnType=default mState=IDLE mWaitingApns={null} mWaitingApnsPermanentFailureCountDown=0 mApnSetting={null} mReason=dataEnabled mDataEnabled=true mDependencyMet=true}
D/DCT     (16995): [0]trySetupData with mIsPsRestricted=false
D/DCT     (16995): [0]isDataAllowed: not allowed due to - Attached= false - SIM not loaded
D/SubController(16995): [getSubId]- size == 0, return dummy instead
D/DCT     (16995): [0]isDataAllowed: not allowed due to - Attached= false - SIM not loaded
D/DCT     (16995): [ApnContext:default] getApnSetting: apnSetting=null
D/SubController(16995): [getSubId]- size == 0, return dummy instead
D/DCT     (16995): [0]isDataAllowed: not allowed due to - Attached= false - SIM not loaded
D/DCT     (16995): [ApnContext:mms] getApnSetting: apnSetting=null
D/SubController(16995): [getSubId]- size == 0, return dummy instead
D/DCT     (16995): [0]isDataAllowed: not allowed due to - Attached= false - SIM not loaded
D/DCT     (16995): [ApnContext:cbs] getApnSetting: apnSetting=null
D/SubController(16995): [getSubId]- size == 0, return dummy instead
D/DCT     (16995): [0]isDataAllowed: not allowed due to - Attached= false - SIM not loaded
D/DCT     (16995): [ApnContext:fota] getApnSetting: apnSetting=null
D/SubController(16995): [getSubId]- size == 0, return dummy instead
D/DCT     (16995): [0]isDataAllowed: not allowed due to - Attached= false - SIM not loaded
D/DCT     (16995): [ApnContext:supl] getApnSetting: apnSetting=null
D/SubController(16995): [getSubId]- size == 0, return dummy instead
D/DCT     (16995): [0]isDataAllowed: not allowed due to - Attached= false - SIM not loaded
D/DCT     (16995): [ApnContext:ia] getApnSetting: apnSetting=null
D/SubController(16995): [getSubId]- size == 0, return dummy instead
D/DCT     (16995): [0]isDataAllowed: not allowed due to - Attached= false - SIM not loaded
D/DCT     (16995): [ApnContext:dun] getApnSetting: apnSetting=null
D/SubController(16995): [getSubId]- size == 0, return dummy instead
D/DCT     (16995): [0]isDataAllowed: not allowed due to - Attached= false - SIM not loaded
D/DCT     (16995): [ApnContext:hipri] getApnSetting: apnSetting=null
D/SubController(16995): [getSubId]- size == 0, return dummy instead
D/DCT     (16995): [0]isDataAllowed: not allowed due to - Attached= false - SIM not loaded
D/DCT     (16995): [ApnContext:ims] getApnSetting: apnSetting=null
D/DCT     (16995): [0]trySetupData: X apnContext not 'ready' retValue=false
D/GSMPhone(16995): Baseband version: M8974A-2.0.50.2.21
D/SubController(16995): [getSubId]- size == 0, return dummy instead
D/TelephonyManager(16995): setTelephonyProperty property=gsm.version.baseband propVal=M8974A-2.0.50.2.21
D/PhoneProxy(16995): [PhoneProxy] EVENT_REQUEST_VOICE_RADIO_TECH_DONE: newVoiceTech=3
D/PhoneProxy(16995): [PhoneProxy] phoneObjectUpdater: newVoiceRadioTech=3
D/PhoneProxy(16995): [PhoneProxy] phoneObjectUpdater: No change ignore, newVoiceRadioTech=3 mActivePhone=GSM
E/RIL_ImsSms(16995): IMS State query failed with exp com.android.internal.telephony.CommandException: GENERIC_FAILURE
D/CdmaSSM (16995): CDMA_SUBSCRIPTION_SOURCE event = 2
W/CdmaSSM (16995): Unable to get CDMA Subscription Source, Exception: com.android.internal.telephony.CommandException: GENERIC_FAILURE, result: null
D/SUB     (16995): [SubInfoRecordUpdater][Receiver]+
D/SUB     (16995): [SubInfoRecordUpdater]Action: android.intent.action.SIM_STATE_CHANGED
D/SUB     (16995): [SubInfoRecordUpdater]slotId: 0 simStatus: ABSENT
D/SUB     (16995): [SubInfoRecordUpdater]All IccIds query complete
D/SUB     (16995): [SubInfoRecordUpdater][updateSimInfoByIccId]+ Start
D/SubController(16995): [clearSubInfo]+
D/SubController(16995): [clearSubInfo]- no simInfo size=0
D/SUB     (16995): [SubInfoRecordUpdater]insertedSimCount = 0
D/SubController(16995): [getSubInfoUsingSlotIdWithCheck]+ slotId:0
D/SubController(16995): [getSubInfoUsingSlotId]- null info return
D/SUB     (16995): [SubInfoRecordUpdater]No SIM in slot 0 last time
D/SUB     (16995): [SubInfoRecordUpdater]oldIccId[0] = , sIccId[0] = 
D/SUB     (16995): [SubInfoRecordUpdater]No SIM inserted in slot 0 this time
D/SUB     (16995): [SubInfoRecordUpdater]sInsertSimState[0] = -99
D/SubController(16995): [getActiveSubInfoList]+
D/SubController(16995): [getActiveSubInfoList] Sub Controller not ready
D/SUB     (16995): [SubInfoRecordUpdater]nSubCount = 0
D/SUB     (16995): [SubInfoRecordUpdater][updateSimInfoByIccId] All SIM inserted into the same slot
D/SUB     (16995): [SubInfoRecordUpdater][setUpdatedData]+ 
D/SUB     (16995): [SubInfoRecordUpdater]broadcast intent ACTION_SUBINFO_RECORD_UPDATED : [4, 0, 0]
D/SUB     (16995): [SubInfoRecordUpdater][setUpdatedData]- 
D/SUB     (16995): [SubInfoRecordUpdater][updateSimInfoByIccId]- SimInfo update complete
D/SUB     (16995): [SubInfoRecordUpdater][Receiver]-
D/TelephonyManager(16607): getSimOperator(): default subId=-1000
D/SUB     (16607): [SubManager] [getPhoneId]- fail
D/TelephonyManager(16607): getSimOperator: subId=-1000 operator=
D/GsmSST  (16995): [GsmSST] EVENT_RESTRICTED_STATE_CHANGED
D/GsmSST  (16995): [GsmSST] onRestrictedStateChanged: E rs Restricted State CS: none PS:false
D/GsmSST  (16995): [GsmSST] onRestrictedStateChanged: new rs Restricted State CS: none PS:false
D/GsmSST  (16995): [GsmSST] onRestrictedStateChanged: X rs Restricted State CS: none PS:false
D/DCT     (16995): [0]handleMessage msg={ when=-115ms what=270369 obj=android.os.AsyncResult@1dcea5e6 target=com.android.internal.telephony.dataconnection.DcTracker }
D/SubController(16995): [getSubId]- size == 0, return dummy instead
D/GsmSMSDispatcher(16995): GsmSMSDispatcher: subId = -1 slotId = 0
D/IccCardProxy(16995): Icc changed. Reregestering.
D/PhoneProxy(16995): [PhoneProxy] EVENT_REQUEST_VOICE_RADIO_TECH_DONE: newVoiceTech=3
D/PhoneProxy(16995): [PhoneProxy] phoneObjectUpdater: newVoiceRadioTech=3
D/PhoneProxy(16995): [PhoneProxy] phoneObjectUpdater: No change ignore, newVoiceRadioTech=3 mActivePhone=GSM
E/RIL_ImsSms(16995): IMS State query failed with exp com.android.internal.telephony.CommandException: GENERIC_FAILURE
D/CdmaSSM (16995): CDMA_SUBSCRIPTION_SOURCE event = 2
W/CdmaSSM (16995): Unable to get CDMA Subscription Source, Exception: com.android.internal.telephony.CommandException: GENERIC_FAILURE, result: null
D/SubController(16995): [getPhoneId]- invalid subId return=-1000
D/PHONE   (16995): [ServiceState] setDataRegState=1
D/PHONE   (16995): [ServiceState] setDataRadioTechnology=0
D/GsmSST  (16995): [GsmSST] handlPollStateResultMessage: GsmSST setDataRegState=1 regState=2 dataRadioTechnology=0
I/notification_cancel(16607): [1001,16995,com.android.phone,5,NULL,0,0,64,8,NULL]
D/PHONE   (16995): [ServiceState] setVoiceRegState=1
E/PHONE   (16995): [ServiceState] setState deprecated use setVoiceRegState()
D/GsmSST  (16995): [GsmSST] Poll ServiceState done:  oldSS=[3 3 home null null null  Unknown Unknown CSS not supported -1 -1 RoamInd=-1 DefRoamInd=-1 EmergOnly=false] newSS=[1 1 home null null null  Unknown Unknown CSS not supported -1 -1 RoamInd=-1 DefRoamInd=-1 EmergOnly=false] oldMaxDataCalls=1 mNewMaxDataCalls=20 oldReasonDataDenied=-1 mNewReasonDataDenied=-1
I/gsm_service_state_change(16995): [3,3,1,1]
D/PHONE   (16995): [ServiceState] setNullState=1
D/GsmSST  (16995): [GsmSST] updateSpnDisplay: radio is on but out of service, set plmn='No service.'
D/GsmSST  (16995): [GsmSST] updateSpnDisplay: changed sending intent rule=0 showPlmn='true' plmn='No service.' showSpn='false' spn=''
D/SubController(16995): [getSubId]- size == 0, return dummy instead
D/SubController(16995): [getSubId]- size == 0, return dummy instead
D/TelephonyManager(16995): setTelephonyProperty property=gsm.operator.alpha propVal=
D/SubController(16995): [getSubId]- size == 0, return dummy instead
D/TelephonyManager(16995): setTelephonyProperty property=gsm.operator.numeric propVal=
D/GsmSST  (16995): [GsmSST] operatorNumeric is null
D/SubController(16995): [getSubId]- size == 0, return dummy instead
D/TelephonyManager(16995): setTelephonyProperty property=gsm.operator.iso-country propVal=
D/SubController(16995): [getSubId]- size == 0, return dummy instead
D/TelephonyManager(16995): setTelephonyProperty property=gsm.operator.isroaming propVal=false
D/SubController(16995): [getSubId]- size == 0, return dummy instead
D/DefaultPhoneNotifier(16995): nofityServiceState: mRegistry=com.android.internal.telephony.ITelephonyRegistry$Stub$Proxy@afa9610 ss=1 1 home null null null  Unknown Unknown CSS not supported -1 -1 RoamInd=-1 DefRoamInd=-1 EmergOnly=false sender=Handler (com.android.internal.telephony.gsm.GSMPhone) {cb67cd1} phondId=0 subId=-1
D/SubController(16995): [getSubId]- size == 0, return dummy instead
D/GsmSST  (16995): [GsmSST] notifyDataRegStateRilRadioTechnologyChanged: drs=1 rat=0
D/SubController(16995): [getSubId]- size == 0, return dummy instead
D/TelephonyManager(16995): setTelephonyProperty property=gsm.network.type propVal=Unknown
D/DCT     (16995): [0]get all active apn types
I/notification_cancel(16607): [1001,16995,com.android.phone,5,NULL,0,0,64,8,NULL]
I/notification_cancel(16607): [1001,16995,com.android.phone,5,NULL,0,0,64,8,NULL]
I/notification_cancel(16607): [1001,16995,com.android.phone,5,NULL,0,0,64,8,NULL]
I/notification_cancel(16607): [1001,16995,com.android.phone,5,NULL,0,0,64,8,NULL]
I/notification_cancel(16607): [1001,16995,com.android.phone,5,NULL,0,0,64,8,NULL]
I/notification_cancel(16607): [1001,16995,com.android.phone,5,NULL,0,0,64,8,NULL]
I/notification_cancel(16607): [1001,16995,com.android.phone,5,NULL,0,0,64,8,NULL]
I/notification_cancel(16607): [1001,16995,com.android.phone,5,NULL,0,0,64,8,NULL]
I/notification_cancel(16607): [1001,16995,com.android.phone,5,NULL,0,0,64,8,NULL]
I/notification_cancel(16607): [1001,16995,com.android.phone,5,NULL,0,0,64,8,NULL]
I/notification_cancel(16607): [1001,16995,com.android.phone,5,NULL,0,0,64,8,NULL]
I/notification_cancel(16607): [1001,16995,com.android.phone,5,NULL,0,0,64,8,NULL]
I/notification_cancel(16607): [1001,16995,com.android.phone,5,NULL,0,0,64,8,NULL]
I/notification_cancel(16607): [1001,16995,com.android.phone,5,NULL,0,0,64,8,NULL]
I/notification_cancel(16607): [1001,16995,com.android.phone,5,NULL,0,0,64,8,NULL]
I/notification_cancel(16607): [1001,16995,com.android.phone,5,NULL,0,0,64,8,NULL]
I/notification_cancel(16607): [1001,16995,com.android.phone,5,NULL,0,0,64,8,NULL]
D/SubController(16995): [getActiveSubInfoList]+
D/SubController(16995): [getSubId]- size == 0, return dummy instead
D/SubController(16995): [getSubId]- size == 0, return dummy instead
D/SubController(16995): [getActiveSubInfoList] Sub Controller not ready
E/PhoneBase(16995): Error! registerForCallWaiting() in PhoneBase should not be called, CDMAPhone inactive.
I/notification_cancel(16607): [1001,16995,com.android.phone,5,NULL,0,0,64,8,NULL]
I/notification_cancel(16607): [1001,16995,com.android.phone,5,NULL,0,0,64,8,NULL]
I/notification_cancel(16607): [1001,16995,com.android.phone,5,NULL,0,0,64,8,NULL]
I/notification_cancel(16607): [1001,16995,com.android.phone,5,NULL,0,0,64,8,NULL]
I/notification_cancel(16607): [1001,16995,com.android.phone,5,NULL,0,0,64,8,NULL]
I/notification_cancel(16607): [1001,16995,com.android.phone,5,NULL,0,0,64,8,NULL]
I/notification_cancel(16607): [1001,16995,com.android.phone,5,NULL,0,0,64,8,NULL]
I/notification_cancel(16607): [1001,16995,com.android.phone,5,NULL,0,0,64,8,NULL]
I/notification_cancel(16607): [1001,16995,com.android.phone,5,NULL,0,0,64,8,NULL]
I/notification_cancel(16607): [1001,16995,com.android.phone,5,NULL,0,0,64,8,NULL]
I/notification_cancel(16607): [1001,16995,com.android.phone,5,NULL,0,0,64,8,NULL]
I/notification_cancel(16607): [1001,16995,com.android.phone,5,NULL,0,0,64,8,NULL]
I/notification_cancel(16607): [1001,16995,com.android.phone,5,NULL,0,0,64,8,NULL]
I/notification_cancel(16607): [1001,16995,com.android.phone,5,NULL,0,0,64,8,NULL]
I/notification_cancel(16607): [1001,16995,com.android.phone,5,NULL,0,0,64,8,NULL]
I/notification_cancel(16607): [1001,16995,com.android.phone,5,NULL,0,0,64,8,NULL]
I/notification_cancel(16607): [1001,16995,com.android.phone,5,NULL,0,0,64,8,NULL]
I/notification_cancel(16607): [1001,16995,com.android.phone,5,NULL,0,0,64,8,NULL]
D/DCT     (16995): [0]handleMessage msg={ when=-89ms what=270377 obj=android.os.AsyncResult@24f67dd4 target=com.android.internal.telephony.dataconnection.DcTracker }
D/DCT     (16995): [0]setupDataOnConnectableApns: nwTypeChanged
D/DCT     (16995): [0]setupDataOnConnectableApns: apnContext {mApnType=hipri mState=IDLE mWaitingApns={null} mWaitingApnsPermanentFailureCountDown=0 mApnSetting={null} mReason=radioTurnedOff mDataEnabled=false mDependencyMet=true}
D/DCT     (16995): [0]setupDataOnConnectableApns: apnContext {mApnType=mms mState=IDLE mWaitingApns={null} mWaitingApnsPermanentFailureCountDown=0 mApnSetting={null} mReason=radioTurnedOff mDataEnabled=false mDependencyMet=true}
D/DCT     (16995): [0]setupDataOnConnectableApns: apnContext {mApnType=supl mState=IDLE mWaitingApns={null} mWaitingApnsPermanentFailureCountDown=0 mApnSetting={null} mReason=radioTurnedOff mDataEnabled=false mDependencyMet=true}
D/DCT     (16995): [0]setupDataOnConnectableApns: apnContext {mApnType=cbs mState=IDLE mWaitingApns={null} mWaitingApnsPermanentFailureCountDown=0 mApnSetting={null} mReason=radioTurnedOff mDataEnabled=false mDependencyMet=true}
D/DCT     (16995): [0]setupDataOnConnectableApns: apnContext {mApnType=dun mState=IDLE mWaitingApns={null} mWaitingApnsPermanentFailureCountDown=0 mApnSetting={null} mReason=radioTurnedOff mDataEnabled=false mDependencyMet=true}
D/DCT     (16995): [0]setupDataOnConnectableApns: apnContext {mApnType=fota mState=IDLE mWaitingApns={null} mWaitingApnsPermanentFailureCountDown=0 mApnSetting={null} mReason=radioTurnedOff mDataEnabled=false mDependencyMet=true}
D/DCT     (16995): [0]setupDataOnConnectableApns: apnContext {mApnType=ims mState=IDLE mWaitingApns={null} mWaitingApnsPermanentFailureCountDown=0 mApnSetting={null} mReason=radioTurnedOff mDataEnabled=false mDependencyMet=true}
D/DCT     (16995): [0]setupDataOnConnectableApns: apnContext {mApnType=default mState=IDLE mWaitingApns={null} mWaitingApnsPermanentFailureCountDown=0 mApnSetting={null} mReason=dataEnabled mDataEnabled=true mDependencyMet=true}
D/DCT     (16995): [0]setupDataOnConnectableApns: isConnectable() call trySetupData
D/DCT     (16995): [0]trySetupData for type:default due to nwTypeChanged apnContext={mApnType=default mState=IDLE mWaitingApns={null} mWaitingApnsPermanentFailureCountDown=0 mApnSetting={null} mReason=nwTypeChanged mDataEnabled=true mDependencyMet=true}
D/DCT     (16995): [0]trySetupData with mIsPsRestricted=false
D/DCT     (16995): [0]isDataAllowed: not allowed due to - Attached= false - SIM not loaded
D/SubController(16995): [getSubId]- size == 0, return dummy instead
D/DCT     (16995): [0]isDataAllowed: not allowed due to - Attached= false - SIM not loaded
D/DCT     (16995): [ApnContext:default] getApnSetting: apnSetting=null
D/SubController(16995): [getSubId]- size == 0, return dummy instead
D/DCT     (16995): [0]isDataAllowed: not allowed due to - Attached= false - SIM not loaded
D/DCT     (16995): [ApnContext:mms] getApnSetting: apnSetting=null
D/SubController(16995): [getSubId]- size == 0, return dummy instead
D/DCT     (16995): [0]isDataAllowed: not allowed due to - Attached= false - SIM not loaded
D/DCT     (16995): [ApnContext:cbs] getApnSetting: apnSetting=null
D/SubController(16995): [getSubId]- size == 0, return dummy instead
D/DCT     (16995): [0]isDataAllowed: not allowed due to - Attached= false - SIM not loaded
D/DCT     (16995): [ApnContext:fota] getApnSetting: apnSetting=null
D/SubController(16995): [getSubId]- size == 0, return dummy instead
D/DCT     (16995): [0]isDataAllowed: not allowed due to - Attached= false - SIM not loaded
D/DCT     (16995): [ApnContext:supl] getApnSetting: apnSetting=null
D/SubController(16995): [getSubId]- size == 0, return dummy instead
D/DCT     (16995): [0]isDataAllowed: not allowed due to - Attached= false - SIM not loaded
D/DCT     (16995): [ApnContext:ia] getApnSetting: apnSetting=null
D/SubController(16995): [getSubId]- size == 0, return dummy instead
D/DCT     (16995): [0]isDataAllowed: not allowed due to - Attached= false - SIM not loaded
D/DCT     (16995): [ApnContext:dun] getApnSetting: apnSetting=null
D/SubController(16995): [getSubId]- size == 0, return dummy instead
D/DCT     (16995): [0]isDataAllowed: not allowed due to - Attached= false - SIM not loaded
D/DCT     (16995): [ApnContext:hipri] getApnSetting: apnSetting=null
D/SubController(16995): [getSubId]- size == 0, return dummy instead
D/DCT     (16995): [0]isDataAllowed: not allowed due to - Attached= false - SIM not loaded
D/DCT     (16995): [ApnContext:ims] getApnSetting: apnSetting=null
D/DCT     (16995): [0]trySetupData: X apnContext not 'ready' retValue=false
D/DCT     (16995): [0]setupDataOnConnectableApns: apnContext {mApnType=ia mState=IDLE mWaitingApns={null} mWaitingApnsPermanentFailureCountDown=0 mApnSetting={null} mReason=radioTurnedOff mDataEnabled=false mDependencyMet=true}
I/notification_cancel(16607): [1001,16995,com.android.phone,5,NULL,0,0,64,8,NULL]
I/notification_cancel(16607): [1001,16995,com.android.phone,5,NULL,0,0,64,8,NULL]
I/notification_cancel(16607): [1001,16995,com.android.phone,5,NULL,0,0,64,8,NULL]
I/notification_cancel(16607): [1001,16995,com.android.phone,5,NULL,0,0,64,8,NULL]
I/notification_cancel(16607): [1001,16995,com.android.phone,5,NULL,0,0,64,8,NULL]
I/notification_cancel(16607): [1001,16995,com.android.phone,5,NULL,0,0,64,8,NULL]
I/notification_cancel(16607): [1001,16995,com.android.phone,5,NULL,0,0,64,8,NULL]
I/notification_cancel(16607): [1001,16995,com.android.phone,5,NULL,0,0,64,8,NULL]
I/notification_cancel(16607): [1001,16995,com.android.phone,5,NULL,0,0,64,8,NULL]
I/notification_cancel(16607): [1001,16995,com.android.phone,5,NULL,0,0,64,8,NULL]
I/notification_cancel(16607): [1001,16995,com.android.phone,5,NULL,0,0,64,8,NULL]
I/notification_cancel(16607): [1001,16995,com.android.phone,5,NULL,0,0,64,8,NULL]
I/notification_cancel(16607): [1001,16995,com.android.phone,5,NULL,0,0,64,8,NULL]
I/notification_cancel(16607): [1001,16995,com.android.phone,5,NULL,0,0,64,8,NULL]
I/notification_cancel(16607): [1001,16995,com.android.phone,5,NULL,0,0,64,8,NULL]
I/notification_cancel(16607): [1001,16995,com.android.phone,5,NULL,0,0,64,8,NULL]
I/notification_cancel(16607): [1001,16995,com.android.phone,5,NULL,0,0,64,8,NULL]
I/notification_cancel(16607): [1001,16995,com.android.phone,5,NULL,0,0,64,8,NULL]
I/RILQ    (  184): (0/184):RIL[0][qmi_cb] qcril_qmi_nas_update_data_rte: completed, new drte 0 with confidence 4
I/RILQ    (  184): (0/184):RIL[0][qmi_cb] qcril_qmi_nas_update_data_rte: completed, new drte 0 with confidence 4
E/RILQ    (  184): (0/184): RIL[0][qmi_cb] qcril_qmi_nas_report_restricted_details: .. reporting 2
I/RILC    (  184): RIL_SOCKET_1 UNSOLICITED: UNSOL_RESTRICTED_STATE_CHANGED length:16
E/RILC    (  184): Send Response to RIL_SOCKET_1
V/RILJ    (16995): [UNSL]< UNSOL_RESTRICTED_STATE_CHANGED {2} [SUB0]
I/RILC    (  184): RIL_SOCKET_1 UNSOLICITED: UNSOL_RESPONSE_VOICE_NETWORK_STATE_CHANGED length:8
